11-17 00:27:05.657 13639 13683 I System  : Process start: [su, root, ps, 14567]
11-17 00:27:05.657 13639 13683 I System  : No redirects, no fds
11-17 00:27:05.670 13653 13675 I PerfettoCapture: Perfetto tracing started successfully with pid 14567.
11-17 00:27:05.670 13639 13683 I System  : Process start: [su, root, ls, /sys/kernel/tracing/tracing_on]
11-17 00:27:05.671 13639 13683 I System  : No redirects, no fds
11-17 00:27:05.679 13639 13683 I System  : Process start: [su, root, cat, /sys/kernel/tracing/tracing_on]
11-17 00:27:05.679 13639 13683 I System  : No redirects, no fds
11-17 00:27:05.684   325   325 I perfetto: ftrace_procfs.cc:176    enabled ftrace
11-17 00:27:05.689 13653 13675 I PerfettoCapture: /sys/kernel/tracing/tracing_on = 1, polled 0 times, capture fully started
11-17 00:27:05.691  1260  1366 I MediaProvider: Deleted 1 items on external_primary due to com.example.android.wearable.composeadvanced.benchmark
11-17 00:27:05.693 13639 13683 I System  : Process start: [su, root, pgrep, -l, -f, com.example.android.wearable.composeadvanced]
11-17 00:27:05.693 13639 13683 I System  : No redirects, no fds
11-17 00:27:05.710 13653 13675 D Benchmark: Starting activity with command: am start -W "intent:#Intent;action=android.intent.action.MAIN;category=android.intent.category.LAUNCHER;launchFlags=0x10008000;package=com.example.android.wearable.composeadvanced;component=com.example.android.wearable.composeadvanced/.presentation.MainActivity;end"
11-17 00:27:05.714 13639 13683 I System  : Process start: [su, root, cp, /storage/emulated/0/Android/media/com.example.android.wearable.composeadvanced.benchmark/temporaryScript3428289817626155972.sh, /data/local/tmp/temporaryScript3428289817626155972.sh]
11-17 00:27:05.714 13639 13683 I System  : No redirects, no fds
11-17 00:27:05.722 13639 13683 I System  : Process start: [su, root, chmod, +x, /data/local/tmp/temporaryScript3428289817626155972.sh]
11-17 00:27:05.722 13639 13683 I System  : No redirects, no fds
11-17 00:27:05.729 13639 13683 I System  : Process start: [su, root, /data/local/tmp/temporaryScript3428289817626155972.sh]
11-17 00:27:05.730 13639 13683 I System  : No redirects, no fds
11-17 00:27:05.756   225   225 D Zygote  : Forked child process 14597
11-17 00:27:05.763   243  4390 D goldfish-address-space: claimShared: Ask to claim region [0x3fcb0c000 0x3fcbd6000]
11-17 00:27:05.779 14597 14597 W composeadvance: Unexpected CPU variant for X86 using defaults: x86
11-17 00:27:05.782   307   318 I adbd    : jdwp connection from 14597
11-17 00:27:05.786   442  2564 W InputReader: Device virtio_input_multi_touch_6 is associated with display ADISPLAY_ID_NONE.
11-17 00:27:05.786   442  2564 W InputReader: Device virtio_input_multi_touch_3 is associated with display ADISPLAY_ID_NONE.
11-17 00:27:05.786   442  2564 W InputReader: Device virtio_input_multi_touch_10 is associated with display ADISPLAY_ID_NONE.
11-17 00:27:05.786   442  2564 W InputReader: Device virtio_input_multi_touch_4 is associated with display ADISPLAY_ID_NONE.
11-17 00:27:05.786   442  2564 W InputReader: Device virtio_input_multi_touch_11 is associated with display ADISPLAY_ID_NONE.
11-17 00:27:05.786   442  2564 W InputReader: Device virtio_input_multi_touch_5 is associated with display ADISPLAY_ID_NONE.
11-17 00:27:05.786   442  2564 W InputReader: Device virtio_input_multi_touch_2 is associated with display ADISPLAY_ID_NONE.
11-17 00:27:05.786   442  2564 W InputReader: Device virtio_input_multi_touch_8 is associated with display ADISPLAY_ID_NONE.
11-17 00:27:05.786   442  2564 W InputReader: Device virtio_input_multi_touch_9 is associated with display ADISPLAY_ID_NONE.
11-17 00:27:05.786   442  2564 W InputReader: Device virtio_input_multi_touch_7 is associated with display ADISPLAY_ID_NONE.
11-17 00:27:05.786   442  2564 W InputReader: Device virtio_input_multi_touch_6 is associated with display ADISPLAY_ID_NONE.
11-17 00:27:05.786   442  2564 W InputReader: Device virtio_input_multi_touch_3 is associated with display ADISPLAY_ID_NONE.
11-17 00:27:05.786   442  2564 W InputReader: Device virtio_input_multi_touch_10 is associated with display ADISPLAY_ID_NONE.
11-17 00:27:05.786   442  2564 W InputReader: Device virtio_input_multi_touch_4 is associated with display ADISPLAY_ID_NONE.
11-17 00:27:05.786   442  2564 W InputReader: Device virtio_input_multi_touch_11 is associated with display ADISPLAY_ID_NONE.
11-17 00:27:05.786   442  2564 W InputReader: Device virtio_input_multi_touch_5 is associated with display ADISPLAY_ID_NONE.
11-17 00:27:05.786   442  2564 W InputReader: Device virtio_input_multi_touch_2 is associated with display ADISPLAY_ID_NONE.
11-17 00:27:05.786   442  2564 W InputReader: Device virtio_input_multi_touch_8 is associated with display ADISPLAY_ID_NONE.
11-17 00:27:05.786   442  2564 W InputReader: Device virtio_input_multi_touch_9 is associated with display ADISPLAY_ID_NONE.
11-17 00:27:05.786   442  2564 W InputReader: Device virtio_input_multi_touch_7 is associated with display ADISPLAY_ID_NONE.
11-17 00:27:05.792 14597 14597 I composeadvance: The ClassLoaderContext is a special shared library.
11-17 00:27:05.803 14597 14597 D NetworkSecurityConfig: No Network Security Config specified, using platform default
11-17 00:27:05.803 14597 14597 D NetworkSecurityConfig: No Network Security Config specified, using platform default
11-17 00:27:05.808 14597 14621 D libEGL  : loaded /vendor/lib/egl/libEGL_emulation.so
11-17 00:27:05.808 14597 14621 D libEGL  : loaded /vendor/lib/egl/libGLESv1_CM_emulation.so
11-17 00:27:05.810   244   326 W EmuHWC2 : validate: layer 330 CompositionType 1, fallback
11-17 00:27:05.811   244   326 W EmuHWC2 : No layers, exit, buffer 0xebf00510
11-17 00:27:05.814 14597 14621 D libEGL  : loaded /vendor/lib/egl/libGLESv2_emulation.so
11-17 00:27:05.827   244   326 W EmuHWC2 : validate: layer 331 CompositionType 1, fallback
11-17 00:27:05.827   244   326 W EmuHWC2 : No layers, exit, buffer 0xebf01b10
11-17 00:27:05.843   244   326 W EmuHWC2 : validate: layer 331 CompositionType 1, fallback
11-17 00:27:05.844   244   326 W EmuHWC2 : No layers, exit, buffer 0xebf00510
11-17 00:27:05.852   605   895 W SysUI   : [RecentTasksLauncherRepo]getRecentApps matched with a Launcher Activity in the task TaskInfo{userId=0 stackId=53 taskId=53 displayId=0 isRunning=true baseIntent=Intent { act=android.intent.action.MAIN cat=[android.intent.category.LAUNCHER] flg=0x10008000 pkg=com.example.android.wearable.composeadvanced cmp=com.example.android.wearable.composeadvanced/.presentation.MainActivity } baseActivity=ComponentInfo{com.example.android.wearable.composeadvanced/com.example.android.wearable.composeadvanced.presentation.MainActivity} topActivity=ComponentInfo{com.example.android.wearable.composeadvanced/com.example.android.wearable.composeadvanced.presentation.MainActivity} origActivity=null realActivity=ComponentInfo{com.example.android.wearable.composeadvanced/com.example.android.wearable.composeadvanced.presentation.MainActivity} numActivities=1 lastActiveTime=11585833 supportsSplitScreenMultiWindow=false resizeMode=1 isResizeable=true token=android.window.WindowContainerToken@58ab876 topActivityType=1 pictureInPictureParams=null topActivityInfo=ActivityInfo{188ae77 com.example.android.wearable.composeadvanced.presentation.MainActivity} == ActivityLauncherApp{label=Compose Advanced, recent=false, timeLastUsedMs=0, info=android.content.pm.LauncherActivityInfo@c39854a, iconSupplier=cql@c567cbb}
11-17 00:27:05.852   605   895 E SysUI   : [RecentTaskLauncherApp]Couldn't resolve any Activity for task TaskInfo{userId=0 stackId=14 taskId=14 displayId=0 isRunning=true baseIntent=Intent { act=android.intent.action.MAIN cat=[android.intent.category.LAUNCHER] flg=0x10100000 cmp=com.example.wearoscomposecodelab/androidx.compose.ui.tooling.PreviewActivity } baseActivity=ComponentInfo{com.example.wearoscomposecodelab/androidx.compose.ui.tooling.PreviewActivity} topActivity=ComponentInfo{com.example.wearoscomposecodelab/androidx.compose.ui.tooling.PreviewActivity} origActivity=null realActivity=ComponentInfo{com.example.wearoscomposecodelab/androidx.compose.ui.tooling.PreviewActivity} numActivities=1 lastActiveTime=11585832 supportsSplitScreenMultiWindow=false resizeMode=1 isResizeable=true token=android.window.WindowContainerToken@f156ce6 topActivityType=1 pictureInPictureParams=null topActivityInfo=ActivityInfo{364bae4 androidx.compose.ui.tooling.PreviewActivity}
11-17 00:27:05.852   605   895 W SysUI   : [RecentTasksLauncherRepo]getRecentApps matched task with the only Launcher in the package TaskInfo{userId=0 stackId=14 taskId=14 displayId=0 isRunning=true baseIntent=Intent { act=android.intent.action.MAIN cat=[android.intent.category.LAUNCHER] flg=0x10100000 cmp=com.example.wearoscomposecodelab/androidx.compose.ui.tooling.PreviewActivity } baseActivity=ComponentInfo{com.example.wearoscomposecodelab/androidx.compose.ui.tooling.PreviewActivity} topActivity=ComponentInfo{com.example.wearoscomposecodelab/androidx.compose.ui.tooling.PreviewActivity} origActivity=null realActivity=ComponentInfo{com.example.wearoscomposecodelab/androidx.compose.ui.tooling.PreviewActivity} numActivities=1 lastActiveTime=11585832 supportsSplitScreenMultiWindow=false resizeMode=1 isResizeable=true token=android.window.WindowContainerToken@f156ce6 topActivityType=1 pictureInPictureParams=null topActivityInfo=ActivityInfo{364bae4 androidx.compose.ui.tooling.PreviewActivity} == ActivityLauncherApp{label=My Application, recent=false, timeLastUsedMs=0, info=android.content.pm.LauncherActivityInfo@8db7c02, iconSupplier=cql@c89913}
11-17 00:27:05.852   605   895 E SysUI   : [RecentTaskLauncherApp]Couldn't resolve any Activity for task TaskInfo{userId=0 stackId=47 taskId=47 displayId=-1 isRunning=false baseIntent=Intent { act=android.intent.action.MAIN cat=[android.intent.category.LAUNCHER] flg=0x10000000 cmp=com.example.android.wearable.composeadvanced.test/androidx.test.core.app.InstrumentationActivityInvoker$EmptyActivity } baseActivity=null topActivity=null origActivity=null realActivity=ComponentInfo{com.example.android.wearable.composeadvanced.test/androidx.test.core.app.InstrumentationActivityInvoker$EmptyActivity} numActivities=0 lastActiveTime=11083539 supportsSplitScreenMultiWindow=false resizeMode=1 isResizeable=true token=android.window.WindowContainerToken@3ec9b18 topActivityType=1 pictureInPictureParams=null topActivityInfo=null
11-17 00:27:05.852   605   895 W SysUI   : [RecentTasksLauncherRepo]Using explicit label and icon from base Activity ComponentInfo{com.example.android.wearable.composeadvanced.test/androidx.test.core.app.InstrumentationActivityInvoker$EmptyActivity}
11-17 00:27:05.852   605   895 D SysUI   : [PrimesSysHealthLogger]Timer GLOBAL_LAUNCHER_LOAD_RECENT_TASKS_TIME took 2 ms
11-17 00:27:05.853   605   895 W SysUI   : [LauncherDefaultRecentsCombiner]Unable to get ActivityDisplayInfo for {com.fitbit.FitbitMobile/com.fitbit.today.TodayMainActivity} attempting to fetch from ResolveInfo
11-17 00:27:05.853   605   895 W SysUI   : [LauncherDefaultRecentsCombiner]Unable to get ResolveInfo for {com.fitbit.FitbitMobile/com.fitbit.today.TodayMainActivity}, not able to add to default recents
11-17 00:27:05.853   605   895 W SysUI   : [LauncherDefaultRecentsCombiner]Unable to get ActivityDisplayInfo for {com.fitbit.FitbitMobile/com.fitbit.exercise.MainActivity} attempting to fetch from ResolveInfo
11-17 00:27:05.853   605   895 W SysUI   : [LauncherDefaultRecentsCombiner]Unable to get ResolveInfo for {com.fitbit.FitbitMobile/com.fitbit.exercise.MainActivity}, not able to add to default recents
11-17 00:27:05.853   605   895 W SysUI   : [LauncherDefaultRecentsCombiner]Unable to get ActivityDisplayInfo for {com.google.android.apps.youtube.music/com.google.android.apps.youtube.music.wear.WearMainActivity} attempting to fetch from ResolveInfo
11-17 00:27:05.853   605   895 W SysUI   : [LauncherDefaultRecentsCombiner]Unable to get ResolveInfo for {com.google.android.apps.youtube.music/com.google.android.apps.youtube.music.wear.WearMainActivity}, not able to add to default recents
11-17 00:27:05.853   605   895 W SysUI   : [LauncherDefaultRecentsCombiner]Unable to get ActivityDisplayInfo for {com.google.android.apps.messaging/com.google.android.apps.messaging.main.WearMainActivity} attempting to fetch from ResolveInfo
11-17 00:27:05.853   605   895 W SysUI   : [LauncherDefaultRecentsCombiner]Unable to get ResolveInfo for {com.google.android.apps.messaging/com.google.android.apps.messaging.main.WearMainActivity}, not able to add to default recents
11-17 00:27:05.853   605   895 W SysUI   : [LauncherDefaultRecentsCombiner]Unable to get ActivityDisplayInfo for {com.google.android.dialer/com.google.android.wearable.googledialer.launcher.impl.LauncherActivity} attempting to fetch from ResolveInfo
11-17 00:27:05.853   605   895 W SysUI   : [LauncherDefaultRecentsCombiner]Unable to get ResolveInfo for {com.google.android.dialer/com.google.android.wearable.googledialer.launcher.impl.LauncherActivity}, not able to add to default recents
11-17 00:27:05.853   605   895 W SysUI   : [LauncherDefaultRecentsCombiner]Unable to get ActivityDisplayInfo for {com.google.android.apps.safetyhub/com.google.android.wearable.safety.application.MainActivity} attempting to fetch from ResolveInfo
11-17 00:27:05.853   605   895 W SysUI   : [LauncherDefaultRecentsCombiner]Unable to get ResolveInfo for {com.google.android.apps.safetyhub/com.google.android.wearable.safety.application.MainActivity}, not able to add to default recents
11-17 00:27:05.854   605   895 W SysUI   : [LauncherDefaultRecentsCombiner]Unable to get ActivityDisplayInfo for {com.google.android.apps.maps/com.google.android.apps.gmmwearable.MainActivity} attempting to fetch from ResolveInfo
11-17 00:27:05.854   605   895 W SysUI   : [LauncherDefaultRecentsCombiner]Unable to get ResolveInfo for {com.google.android.apps.maps/com.google.android.apps.gmmwearable.MainActivity}, not able to add to default recents
11-17 00:27:05.854   605   895 D SysUI   : [LauncherDefaultRecentsCombiner]Have to merge with 1 default apps
11-17 00:27:05.854   605   851 D SysUI   : [PrimesSysHealthLogger]Timer GLOBAL_LAUNCHER_MERGE_ONGOING_ACTIVITIES_TIME took 0 ms
11-17 00:27:05.856 14597 14619 D HostConnection: HostConnection::get() New Host Connection established 0xebe62750, tid 14619
11-17 00:27:05.860   244   326 W EmuHWC2 : validate: layer 331 CompositionType 1, fallback
11-17 00:27:05.861   244   326 W EmuHWC2 : No layers, exit, buffer 0xebf01b10
11-17 00:27:05.863 14597 14619 D HostConnection: HostComposition ext ANDROID_EMU_CHECKSUM_HELPER_v1 ANDROID_EMU_native_sync_v2 ANDROID_EMU_native_sync_v3 ANDROID_EMU_native_sync_v4 ANDROID_EMU_dma_v1 ANDROID_EMU_direct_mem ANDROID_EMU_host_composition_v1 ANDROID_EMU_host_composition_v2 ANDROID_EMU_vulkan ANDROID_EMU_deferred_vulkan_commands ANDROID_EMU_vulkan_null_optional_strings ANDROID_EMU_vulkan_create_resources_with_requirements ANDROID_EMU_YUV_Cache ANDROID_EMU_vulkan_ignored_handles ANDROID_EMU_has_shared_slots_host_memory_allocator ANDROID_EMU_vulkan_free_memory_sync ANDROID_EMU_vulkan_shader_float16_int8 ANDROID_EMU_vulkan_async_queue_submit ANDROID_EMU_sync_buffer_data ANDROID_EMU_vulkan_async_qsri ANDROID_EMU_read_color_buffer_dma GL_OES_EGL_image_external_essl3 GL_OES_vertex_array_object GL_KHR_texture_compression_astc_ldr ANDROID_EMU_host_side_tracing ANDROID_EMU_gles_max_version_3_0
11-17 00:27:05.864   159   159 I hwservicemanager: getTransport: Cannot find entry android.hardware.configstore@1.0::ISurfaceFlingerConfigs/default in either framework or device manifest.
11-17 00:27:05.864 14597 14619 W OpenGLRenderer: Failed to choose config with EGL_SWAP_BEHAVIOR_PRESERVED, retrying without...
11-17 00:27:05.865 14597 14619 D EGL_emulation: eglCreateContext: 0xebe623d0: maj 3 min 0 rcv 3
11-17 00:27:05.865 14597 14619 D EGL_emulation: eglMakeCurrent: 0xebe623d0: ver 3 0 (tinfo 0xec1b35d0) (first time)
11-17 00:27:05.868   243  4390 D goldfish-address-space: claimShared: Ask to claim region [0x3fcca0000 0x3fcd6a000]
11-17 00:27:05.869   159   159 I hwservicemanager: getTransport: Cannot find entry android.hardware.graphics.mapper@4.0::IMapper/default in either framework or device manifest.
11-17 00:27:05.869 14597 14619 I Gralloc4: mapper 4.x is not supported
11-17 00:27:05.869 14597 14619 D HostConnection: createUnique: call
11-17 00:27:05.870 14597 14619 D HostConnection: HostConnection::get() New Host Connection established 0xebe62440, tid 14619
11-17 00:27:05.870 14597 14619 D goldfish-address-space: allocate: Ask for block of size 0x100
11-17 00:27:05.870 14597 14619 D goldfish-address-space: allocate: ioctl allocate returned offset 0x3fbffe000 size 0x2000
11-17 00:27:05.881   244   326 W EmuHWC2 : validate: layer 331 CompositionType 1, fallback
11-17 00:27:05.883   244   326 W EmuHWC2 : No layers, exit, buffer 0xebf00510
11-17 00:27:05.889 14597 14619 D HostConnection: HostComposition ext ANDROID_EMU_CHECKSUM_HELPER_v1 ANDROID_EMU_native_sync_v2 ANDROID_EMU_native_sync_v3 ANDROID_EMU_native_sync_v4 ANDROID_EMU_dma_v1 ANDROID_EMU_direct_mem ANDROID_EMU_host_composition_v1 ANDROID_EMU_host_composition_v2 ANDROID_EMU_vulkan ANDROID_EMU_deferred_vulkan_commands ANDROID_EMU_vulkan_null_optional_strings ANDROID_EMU_vulkan_create_resources_with_requirements ANDROID_EMU_YUV_Cache ANDROID_EMU_vulkan_ignored_handles ANDROID_EMU_has_shared_slots_host_memory_allocator ANDROID_EMU_vulkan_free_memory_sync ANDROID_EMU_vulkan_shader_float16_int8 ANDROID_EMU_vulkan_async_queue_submit ANDROID_EMU_sync_buffer_data ANDROID_EMU_vulkan_async_qsri ANDROID_EMU_read_color_buffer_dma GL_OES_EGL_image_external_essl3 GL_OES_vertex_array_object GL_KHR_texture_compression_astc_ldr ANDROID_EMU_host_side_tracing ANDROID_EMU_gles_max_version_3_0
11-17 00:27:05.893   244   326 W EmuHWC2 : validate: layer 331 CompositionType 1, fallback
11-17 00:27:05.894   244   326 W EmuHWC2 : No layers, exit, buffer 0xebf01b10
11-17 00:27:05.907   243  4390 D goldfish-address-space: claimShared: Ask to claim region [0x3fe516000 0x3fe5e0000]
11-17 00:27:05.908   243  4390 D goldfish-address-space: claimShared: Ask to claim region [0x3fe5e0000 0x3fe6aa000]
11-17 00:27:05.910   244   326 W EmuHWC2 : validate: layer 331 CompositionType 1, fallback
11-17 00:27:05.911   244   326 W EmuHWC2 : No layers, exit, buffer 0xebf00510
11-17 00:27:05.927   244   326 W EmuHWC2 : validate: layer 331 CompositionType 1, fallback
11-17 00:27:05.927   244   326 W EmuHWC2 : No layers, exit, buffer 0xebf01b10
11-17 00:27:05.932 14594 14596 I cmd     : oneway function results will be dropped but finished with status OK and parcel size 4
11-17 00:27:05.935   442   467 D ArtManagerInternalImpl: /data/misc/iorapd/com.example.android.wearable.composeadvanced/1/com.example.android.wearable.composeadvanced.presentation.MainActivity/compiled_traces/compiled_trace.pb doesn't exist
11-17 00:27:05.936   442   467 I ActivityTaskManager: Displayed com.example.android.wearable.composeadvanced/.presentation.MainActivity: +185ms
11-17 00:27:05.937 13639 13683 I System  : Process start: [su, root, cat, /data/local/tmp/temporaryScript3428289817626155972.sh_stderr]
11-17 00:27:05.937 13639 13683 I System  : No redirects, no fds
11-17 00:27:05.944   244   326 W EmuHWC2 : validate: layer 331 CompositionType 1, fallback
11-17 00:27:05.945   244   326 W EmuHWC2 : No layers, exit, buffer 0xebf00510
11-17 00:27:05.953  1260  1366 I MediaProvider: Deleted 1 items on external_primary due to com.example.android.wearable.composeadvanced.benchmark
11-17 00:27:05.954 13639 13683 I System  : Process start: [su, root, rm, /data/local/tmp/temporaryScript3428289817626155972.sh_stderr, /data/local/tmp/temporaryScript3428289817626155972.sh]
11-17 00:27:05.954 13639 13683 I System  : No redirects, no fds
11-17 00:27:05.960   244   326 W EmuHWC2 : validate: layer 331 CompositionType 1, fallback
11-17 00:27:05.962   244   326 W EmuHWC2 : No layers, exit, buffer 0xebf01b10
11-17 00:27:05.966 13653 13675 D Benchmark: Result: Starting: Intent { act=android.intent.action.MAIN cat=[android.intent.category.LAUNCHER] flg=0x10008000 pkg=com.example.android.wearable.composeadvanced cmp=com.example.android.wearable.composeadvanced/.presentation.MainActivity }
11-17 00:27:05.966 13653 13675 D Benchmark: Status: ok
11-17 00:27:05.966 13653 13675 D Benchmark: LaunchState: COLD
11-17 00:27:05.966 13653 13675 D Benchmark: Activity: com.example.android.wearable.composeadvanced/.presentation.MainActivity
11-17 00:27:05.966 13653 13675 D Benchmark: TotalTime: 185
11-17 00:27:05.966 13653 13675 D Benchmark: WaitTime: 187
11-17 00:27:05.966 13653 13675 D Benchmark: Complete
11-17 00:27:05.967 13639 13700 I System  : Process start: [su, root, pgrep, -l, -f, com.example.android.wearable.composeadvanced]
11-17 00:27:05.967 13639 13700 I System  : No redirects, no fds
11-17 00:27:05.977   244   326 W EmuHWC2 : validate: layer 331 CompositionType 1, fallback
11-17 00:27:05.978   244   326 W EmuHWC2 : No layers, exit, buffer 0xebf00510
11-17 00:27:05.992 13639 13700 I System  : Process start: [su, root, dumpsys, gfxinfo, com.example.android.wearable.composeadvanced, framestats]
11-17 00:27:05.992 13639 13700 I System  : No redirects, no fds
11-17 00:27:05.993   244   326 W EmuHWC2 : validate: layer 331 CompositionType 1, fallback
11-17 00:27:05.995   244   326 W EmuHWC2 : No layers, exit, buffer 0xebf01b10
11-17 00:27:06.010   244   326 W EmuHWC2 : validate: layer 331 CompositionType 1, fallback
11-17 00:27:06.011   244   326 W EmuHWC2 : No layers, exit, buffer 0xebf00510
11-17 00:27:06.011 13653 13675 I System.out: 0 Flags,IntendedVsync,Vsync,OldestInputEvent,NewestInputEvent,HandleInputStart,AnimationStart,PerformTraversalsStart,DrawStart,SyncQueued,SyncStart,IssueDrawCommandsStart,SwapBuffers,FrameCompleted,DequeueBufferDuration,QueueBufferDuration,GpuCompleted,
11-17 00:27:06.011 13653 13675 I System.out: 1 1,11585894608073,11585894608073,9223372036854775807,0,11585906926488,11585906927384,11585907025138,11585992551873,11585996574438,11585999149217,11585999221996,11586000773859,11586012167286,97034,239125,0,
11-17 00:27:06.011 13653 13675 I System.out: 0 Flags,IntendedVsync,Vsync,OldestInputEvent,NewestInputEvent,HandleInputStart,AnimationStart,PerformTraversalsStart,DrawStart,SyncQueued,SyncStart,IssueDrawCommandsStart,SwapBuffers,FrameCompleted,DequeueBufferDuration,QueueBufferDuration,GpuCompleted,
11-17 00:27:06.011 13653 13675 I System.out: 1 1,11585894608073,11585894608073,9223372036854775807,0,11585906926488,11585906927384,11585907025138,11585992551873,11585996574438,11585999149217,11585999221996,11586000773859,11586012167286,97034,239125,0,
11-17 00:27:06.027   244   326 W EmuHWC2 : validate: layer 331 CompositionType 1, fallback
11-17 00:27:06.028   244   326 W EmuHWC2 : No layers, exit, buffer 0xebf01b10
11-17 00:27:06.043   244   326 W EmuHWC2 : validate: layer 331 CompositionType 1, fallback
11-17 00:27:06.047   244   326 W EmuHWC2 : No layers, exit, buffer 0xebf00510
11-17 00:27:06.049 14597 14597 D Compose Focus: Owner FocusChanged(true)
11-17 00:27:06.060   244   326 W EmuHWC2 : validate: layer 331 CompositionType 1, fallback
11-17 00:27:06.062   244   326 W EmuHWC2 : No layers, exit, buffer 0xebf01b10
11-17 00:27:06.069 14597 14622 W Jank    : Jank 198ms route:landing non:0
11-17 00:27:06.077   244   326 W EmuHWC2 : validate: layer 331 CompositionType 1, fallback
11-17 00:27:06.079   244   326 W EmuHWC2 : No layers, exit, buffer 0xebf00510
11-17 00:27:06.093   244   326 W EmuHWC2 : validate: layer 331 CompositionType 1, fallback
11-17 00:27:06.095   244   326 W EmuHWC2 : No layers, exit, buffer 0xebf01b10
11-17 00:27:06.104   442   467 I ActivityTaskManager: Fully drawn com.example.android.wearable.composeadvanced/.presentation.MainActivity: +358ms
11-17 00:27:06.107 14597 14622 W Jank    : Jank 163ms route:landing non:0
11-17 00:27:06.110   244   326 W EmuHWC2 : validate: layer 331 CompositionType 1, fallback
11-17 00:27:06.112   244   326 W EmuHWC2 : No layers, exit, buffer 0xebf00510
11-17 00:27:06.114  1140  1140 I WearInputMethodService: WearInputMethodService.onBindInput():963
11-17 00:27:06.116  1140  1140 I WearInputMethodService: WearInputMethodService.onFinishInput():2234
11-17 00:27:06.116  1140  1140 I WearInputMethodService: WearInputMethodService.onStartInput():1773
11-17 00:27:06.116  1140  1140 I WearInputMethodService: WearInputMethodService.onStartInput():1785 onStartInput(), Dummy InputConnection bound
11-17 00:27:06.122   442   452 I system_server: Background concurrent copying GC freed 50693(2806KB) AllocSpace objects, 24(624KB) LOS objects, 24% free, 11MB/14MB, paused 217us total 119.424ms
11-17 00:27:06.127   244   326 W EmuHWC2 : validate: layer 331 CompositionType 1, fallback
11-17 00:27:06.128   244   326 W EmuHWC2 : No layers, exit, buffer 0xebf01b10
11-17 00:27:06.144   244   326 W EmuHWC2 : validate: layer 331 CompositionType 1, fallback
11-17 00:27:06.145   244   326 W EmuHWC2 : No layers, exit, buffer 0xebf00510
11-17 00:27:06.157 14597 14622 W Jank    : Jank 89ms route:landing non:0
11-17 00:27:06.160   244   326 W EmuHWC2 : validate: layer 331 CompositionType 1, fallback
11-17 00:27:06.161   244   326 W EmuHWC2 : No layers, exit, buffer 0xebf01b10
11-17 00:27:06.177   244   326 W EmuHWC2 : validate: layer 331 CompositionType 1, fallback
11-17 00:27:06.180   244   326 W EmuHWC2 : No layers, exit, buffer 0xebf00510
11-17 00:27:06.193   244   326 W EmuHWC2 : validate: layer 331 CompositionType 1, fallback
11-17 00:27:06.195   244   326 W EmuHWC2 : No layers, exit, buffer 0xebf01b10
11-17 00:27:06.210   244   326 W EmuHWC2 : validate: layer 331 CompositionType 1, fallback
11-17 00:27:06.212   244   326 W EmuHWC2 : No layers, exit, buffer 0xebf00510
11-17 00:27:06.227   244   326 W EmuHWC2 : validate: layer 331 CompositionType 1, fallback
11-17 00:27:06.228   244   326 W EmuHWC2 : No layers, exit, buffer 0xebf01b10
11-17 00:27:06.243   244   326 W EmuHWC2 : validate: layer 331 CompositionType 1, fallback
11-17 00:27:06.244   244   326 W EmuHWC2 : No layers, exit, buffer 0xebf00510
11-17 00:27:08.013 13653 13675 I PerfettoCapture: Stopping perfetto.
11-17 00:27:08.014 13639 13700 I System  : Process start: [su, root, kill, -TERM, 14567]
11-17 00:27:08.014 13639 13700 I System  : No redirects, no fds
11-17 00:27:08.035 14567 14567 I perfetto: perfetto_cmd.cc:858     SIGINT/SIGTERM received: disabling tracing.
11-17 00:27:08.035 13653 13675 D Benchmark: kill -TERM command output -
11-17 00:27:08.036 13639 13700 I System  : Process start: [su, root, ps, 14567]
11-17 00:27:08.036 13639 13700 I System  : No redirects, no fds
11-17 00:27:08.037   325   325 I perfetto: probes_producer.cc:329  Producer stop (id=196)
11-17 00:27:08.039   325   325 I perfetto: ftrace_procfs.cc:183    disabled ftrace
11-17 00:27:08.150 13653 13675 D Benchmark: Waiting 100 ms for [ProcessPid(processName=perfetto, pid=14567)] to die
11-17 00:27:08.152 13639 13700 I System  : Process start: [su, root, ps, 14567]
11-17 00:27:08.152 13639 13700 I System  : No redirects, no fds
11-17 00:27:08.279 13653 13675 D Benchmark: Waiting 100 ms for [ProcessPid(processName=perfetto, pid=14567)] to die
11-17 00:27:08.281 13639 13700 I System  : Process start: [su, root, ps, 14567]
11-17 00:27:08.281 13639 13700 I System  : No redirects, no fds
11-17 00:27:08.408 13653 13675 D Benchmark: Waiting 100 ms for [ProcessPid(processName=perfetto, pid=14567)] to die
11-17 00:27:08.408 13639 13700 I System  : Process start: [su, root, ps, 14567]
11-17 00:27:08.408 13639 13700 I System  : No redirects, no fds
11-17 00:27:08.409   325   325 I perfetto: probes_producer.cc:329  Producer stop (id=197)
11-17 00:27:08.410   325   325 I perfetto: probes_producer.cc:329  Producer stop (id=198)
11-17 00:27:08.415 14567 14567 I perfetto: perfetto_cmd.cc:807     Trace written into the output file
11-17 00:27:08.416   336   336 I perfetto: ng_service_impl.cc:1948 Tracing session 66 ended, total sessions:0
11-17 00:27:08.430 13653 13675 I PerfettoCapture: Writing to /storage/emulated/0/Android/media/com.example.android.wearable.composeadvanced.benchmark/StartupBenchmark_startup[compilation=None]_iter005_2022-11-16-21-27-08.perfetto-trace.
11-17 00:27:08.431 13639 13700 I System  : Process start: [su, root, mv, /data/misc/perfetto-traces/trace_output.pb, /storage/emulated/0/Android/media/com.example.android.wearable.composeadvanced.benchmark/StartupBenchmark_startup[compilation=None]_iter005_2022-11-16-21-27-08.perfetto-trace]
11-17 00:27:08.431 13639 13700 I System  : No redirects, no fds
11-17 00:27:08.444 13653 13675 D Benchmark: Copying /storage/emulated/0/Android/media/com.example.android.wearable.composeadvanced.benchmark/StartupBenchmark_startup[compilation=None]_iter005_2022-11-16-21-27-08.perfetto-trace to /sdcard/Android/media/com.example.android.wearable.composeadvanced.benchmark/additional_test_output/StartupBenchmark_startup[compilation=None]_iter005_2022-11-16-21-27-08.perfetto-trace
11-17 00:27:08.458 13639 13700 I System  : Process start: [su, root, /data/local/tmp/trace_processor_shell, --query-file, /storage/emulated/0/Android/media/com.example.android.wearable.composeadvanced.benchmark/trace_processor_query.sql, /sdcard/Android/media/com.example.android.wearable.composeadvanced.benchmark/additional_test_output/StartupBenchmark_startup[compilation=None]_iter005_2022-11-16-21-27-08.perfetto-trace]
11-17 00:27:08.458 13639 13700 I System  : No redirects, no fds
11-17 00:27:08.549 14658 14658 W perfetto: processor_shell.cc:1367 Trace loaded: 1.30 MB in 0.07s (19.9 MB/s)
11-17 00:27:08.552 14658 14658 W perfetto: _processor_shell.cc:619 Executing query: SELECT
11-17 00:27:08.552 14658 14658 W perfetto: slice.name as name,
11-17 00:27:08.552 14658 14658 W perfetto: slice.ts as ts,
11-17 00:27:08.552 14658 14658 W perfetto: slice.dur as dur
11-17 00:27:08.552 14658 14658 W perfetto: FROM slice
11-17 00:27:08.552 14658 14658 W perfetto: INNER JOIN thread_track on slice.track_id = thread_track.id
11-17 00:27:08.552 14658 14658 W perfetto: INNER JOIN thread USING(utid)
11-17 00:27:08.552 14658 14658 W perfetto: INNER JOIN process USING(upid)
11-17 00:27:08.552 14658 14658 W perfetto: WHERE (
11-17 00:27:08.552 14658 14658 W perfetto: ((process.name LIKE "com.example.android.wearable.composeadvanced.benchmark" OR process.name LIKE "com.example.android.wearable.composeadvanced.benchmark:%") AND slice.name LIKE "startActivityAndWait") OR
11-17 00:27:08.552 14658 14658 W perfetto: (
11-17 00:27:08.552 14658 14658 W perfetto: (process.name LIKE "com.example.android.wearable.composeadvanced" OR process.name LIKE "com.example.android.wearable.composeadvanced:%") AND (
11-17 00:27:08.552 14658 14658 W perfetto: (slice.name LIKE "activityResume" AND process.pid LIKE thread.tid) OR
11-17 00:27:08.552 14658 14658 W perfetto: (slice.name LIKE "Choreographer#doFrame%" AND process.pid LIKE thread.tid) OR
11-17 00:27:08.552 14658 14658 W perfetto: (slice.name LIKE "reportFullyDrawn() for %" AND process.pid LIKE thread.tid) OR
11-17 00:27:08.552 14658 14658 W perfetto: (slice.name LIKE "DrawFrame%" AND thread.name LIKE "RenderThread")
11-17 00:27:08.552 14658 14658 W perfetto: )
11-17 00:27:08.552 14658 14658 W perfetto: ) OR
11-17 00:27:08.552 14658 14658 W perfetto: (
11-17 00:27:08.552 14658 14658 W perfetto: process.name LIKE "system_server" AND
11-17 00:27:08.552 14658 14658 W perfetto: slice.name LIKE "MetricsLogger:launchObserverNotifyIntentStarted"
11-17 00:27:08.552 14658 14658 W perfetto: )
11-17 00:27:08.552 14658 14658 W perfetto: )
11-17 00:27:08.552 14658 14658 W perfetto: UNION
11-17 00:27:08.552 14658 14658 W perfetto: SELECT
11-17 00:27:08.552 14658 14658 W perfetto: slice.n
11-17 00:27:08.566  1260  1367 I MediaProvider: Deleted 1 items on external_primary due to com.example.android.wearable.composeadvanced.benchmark
11-17 00:27:08.567 13653 13675 I System.out: query result line "name","ts","dur"
11-17 00:27:08.567 13653 13675 I System.out: query result line "startActivityAndWait",11585777635406,319150304
11-17 00:27:08.567 13653 13675 I System.out: query result line "MetricsLogger:launchObserverNotifyIntentStarted",11585829937427,15393
11-17 00:27:08.567 13653 13675 I System.out: query result line "launching: com.example.android.wearable.composeadvanced",11585833533352,181898918
11-17 00:27:08.567 13653 13675 I System.out: query result line "activityResume",11585903948910,2781019
11-17 00:27:08.567 13653 13675 I System.out: query result line "Choreographer#doFrame",11585906923402,105973088
11-17 00:27:08.567 13653 13675 I System.out: query result line "DrawFrame",11585996605205,16090917
11-17 00:27:08.567 13653 13675 I System.out: query result line "Choreographer#doFrame",11586021919349,104522619
11-17 00:27:08.567 13653 13675 I System.out: query result line "DrawFrame",11586126156849,28040543
11-17 00:27:08.567 13653 13675 I System.out: query result line "Choreographer#doFrame",11586135631259,55638409
11-17 00:27:08.567 13653 13675 I System.out: query result line "reportFullyDrawn() for ComponentActivity",11586188396824,1237990
11-17 00:27:08.567 13653 13675 I System.out: query result line "DrawFrame",11586190978845,1685878
11-17 00:27:08.567 13653 13675 I System.out: query result line "Choreographer#doFrame",11586206804060,27651280
11-17 00:27:08.567 13653 13675 I System.out: query result line "DrawFrame",11586234179625,7684955
11-17 00:27:08.567 13653 13675 I System.out: query result line "Choreographer#doFrame",11586237694679,4361764
11-17 00:27:08.567 13653 13675 I System.out: query result line "DrawFrame",11586241872479,5097719
11-17 00:27:08.567 13653 13675 I System.out: query result line "Choreographer#doFrame",11586245091853,491735
11-17 00:27:08.567 13653 13675 I System.out: query result line "Choreographer#doFrame",11586261544440,1345198
11-17 00:27:08.567 13653 13675 I System.out: query result line "Choreographer#doFrame",11586278204863,834779
11-17 00:27:08.567 13653 13675 I System.out: query result line "Choreographer#doFrame",11586294917929,615966
11-17 00:27:08.567 13653 13675 I System.out: query result line "Choreographer#doFrame",11586311630233,760682
11-17 00:27:08.567 13653 13675 I System.out: query result line "Choreographer#doFrame",11586328288940,945132
11-17 00:27:08.568 13653 13675 I System.out: query result line "Choreographer#doFrame",11586345030128,543182
11-17 00:27:08.568 13653 13675 I System.out: query result line "Choreographer#doFrame",11586361641389,888076
11-17 00:27:08.568 13653 13675 I System.out: query result line "Choreographer#doFrame",11586378381265,1079327
11-17 00:27:08.568 13653 13675 I System.out: query result line "Choreographer#doFrame",11586395136410,970344
11-17 00:27:08.568 13653 13675 I System.out: query result line "Choreographer#doFrame",11586411789863,927260
11-17 00:27:08.568 13653 13675 I System.out: query result line "Choreographer#doFrame",11586428318835,793733
11-17 00:27:08.568 13653 13675 I System.out: query result line "Choreographer#doFrame",11586445024175,1314073
11-17 00:27:08.568 13653 13675 I System.out: query result line "Choreographer#doFrame",11586461864390,821171
11-17 00:27:08.568 13653 13675 I System.out: query result line "Choreographer#doFrame",11586478865305,833092
11-17 00:27:08.568 13653 13675 I System.out: query result line "Choreographer#doFrame",11586495320624,912658
11-17 00:27:08.568 13653 13675 I System.out: query result line "Choreographer#doFrame",11586511946998,833947
11-17 00:27:08.568 13653 13675 I System.out: query result line "Choreographer#doFrame",11586528617888,876549
11-17 00:27:08.568 13653 13675 I System.out: query result line "Choreographer#doFrame",11586545397436,1137231
11-17 00:27:08.568 13653 13675 I System.out: query result line "Choreographer#doFrame",11586562057436,898619
11-17 00:27:08.568 13653 13675 I System.out: query result line "Choreographer#doFrame",11586578452947,995986
11-17 00:27:08.568 13653 13675 I System.out: query result line "Choreographer#doFrame",11586595313604,944909
11-17 00:27:08.568 13653 13675 I System.out: query result line "Choreographer#doFrame",11586611964547,1060494
11-17 00:27:08.568 13653 13675 I System.out: query result line "Choreographer#doFrame",11586628736948,1014278
11-17 00:27:08.568 13653 13675 I System.out: query result line "Choreographer#doFrame",11586645359164,1221621
11-17 00:27:08.568 13653 13675 I System.out: query result line "Choreographer#doFrame",11586662108773,967530
11-17 00:27:08.568 13653 13675 I System.out: query result line "Choreographer#doFrame",11586678590858,847460
11-17 00:27:08.568 13653 13675 I System.out: query result line "Choreographer#doFrame",11586695336638,806233
11-17 00:27:08.568 13653 13675 I System.out: query result line "Choreographer#doFrame",11586711868170,914718
11-17 00:27:08.568 13653 13675 I System.out: query result line "Choreographer#doFrame",11586728557050,962027
11-17 00:27:08.568 13653 13675 I System.out: query result line "Choreographer#doFrame",11586745336396,898075
11-17 00:27:08.568 13653 13675 I System.out: query result line "Choreographer#doFrame",11586762053838,827489
11-17 00:27:08.568 13653 13675 I System.out: query result line "Choreographer#doFrame",11586778677358,906093
11-17 00:27:08.568 13653 13675 I System.out: query result line "Choreographer#doFrame",11586795226078,884310
11-17 00:27:08.568 13653 13675 I System.out: query result line "Choreographer#doFrame",11586811979128,835661
11-17 00:27:08.568 13653 13675 I System.out: query result line "Choreographer#doFrame",11586828688498,679154
11-17 00:27:08.568 13653 13675 I System.out: query result line "Choreographer#doFrame",11586845373539,929548
11-17 00:27:08.568 13653 13675 I System.out: query result line "Choreographer#doFrame",11586862070265,771252
11-17 00:27:08.568 13653 13675 I System.out: query result line "Choreographer#doFrame",11586878772847,679043
11-17 00:27:08.568 13653 13675 I System.out: query result line "Choreographer#doFrame",11586895154281,863805
11-17 00:27:08.568 13653 13675 I System.out: query result line "Choreographer#doFrame",11586911993200,852305
11-17 00:27:08.568 13653 13675 I System.out: query result line "Choreographer#doFrame",11586928639984,15492
11-17 00:27:08.568 13653 13675 I System.out: query result line
11-17 00:27:08.571 13653 13675 D Benchmark: Iteration 5 captured UiState{timeline_start_ts=11585829937427, timeline_end_ts=11586192664723, highlight_process=HighlightProcess{cmdline=com.example.android.wearable.composeadvanced}}
11-17 00:27:08.571 13653 13675 D Benchmark: Killing process com.example.android.wearable.composeadvanced
11-17 00:27:08.571 13639 13700 I System  : Process start: [am, force-stop, com.example.android.wearable.composeadvanced]
11-17 00:27:08.571 13639 13700 I System  : No redirects, no fds
11-17 00:27:08.583   442  3208 W InputReader: Device virtio_input_multi_touch_6 is associated with display ADISPLAY_ID_NONE.
11-17 00:27:08.583   442  3208 W InputReader: Device virtio_input_multi_touch_3 is associated with display ADISPLAY_ID_NONE.
11-17 00:27:08.583   442  3208 W InputReader: Device virtio_input_multi_touch_10 is associated with display ADISPLAY_ID_NONE.
11-17 00:27:08.583   442  3208 W InputReader: Device virtio_input_multi_touch_4 is associated with display ADISPLAY_ID_NONE.
11-17 00:27:08.583   442  3208 W InputReader: Device virtio_input_multi_touch_11 is associated with display ADISPLAY_ID_NONE.
11-17 00:27:08.583   442  3208 W InputReader: Device virtio_input_multi_touch_5 is associated with display ADISPLAY_ID_NONE.
11-17 00:27:08.583   442  3208 W InputReader: Device virtio_input_multi_touch_2 is associated with display ADISPLAY_ID_NONE.
11-17 00:27:08.583   442  3208 W InputReader: Device virtio_input_multi_touch_8 is associated with display ADISPLAY_ID_NONE.
11-17 00:27:08.583   442  3208 W InputReader: Device virtio_input_multi_touch_9 is associated with display ADISPLAY_ID_NONE.
11-17 00:27:08.583   442  3208 W InputReader: Device virtio_input_multi_touch_7 is associated with display ADISPLAY_ID_NONE.
11-17 00:27:08.583   442  3208 W InputReader: Device virtio_input_multi_touch_6 is associated with display ADISPLAY_ID_NONE.
11-17 00:27:08.583   442  3208 W InputReader: Device virtio_input_multi_touch_3 is associated with display ADISPLAY_ID_NONE.
11-17 00:27:08.583   442  3208 W InputReader: Device virtio_input_multi_touch_10 is associated with display ADISPLAY_ID_NONE.
11-17 00:27:08.583   442  3208 W InputReader: Device virtio_input_multi_touch_4 is associated with display ADISPLAY_ID_NONE.
11-17 00:27:08.583   442  3208 W InputReader: Device virtio_input_multi_touch_11 is associated with display ADISPLAY_ID_NONE.
11-17 00:27:08.583   442  3208 W InputReader: Device virtio_input_multi_touch_5 is associated with display ADISPLAY_ID_NONE.
11-17 00:27:08.583   442  3208 W InputReader: Device virtio_input_multi_touch_2 is associated with display ADISPLAY_ID_NONE.
11-17 00:27:08.583   442  3208 W InputReader: Device virtio_input_multi_touch_8 is associated with display ADISPLAY_ID_NONE.
11-17 00:27:08.583   442  3208 W InputReader: Device virtio_input_multi_touch_9 is associated with display ADISPLAY_ID_NONE.
11-17 00:27:08.583   442  3208 W InputReader: Device virtio_input_multi_touch_7 is associated with display ADISPLAY_ID_NONE.
11-17 00:27:08.587 14664 14666 I cmd     : oneway function results will be dropped but finished with status OK and parcel size 4
11-17 00:27:08.589   225   225 I Zygote  : Process 14597 exited due to signal 9 (Killed)
11-17 00:27:08.590   861   861 D CarrierSvcBindHelper: No carrier app for: 0
11-17 00:27:08.591   605   605 D SysUI   : [LauncherViewsUiManager]activityObserver onStateChanged ON_START
11-17 00:27:08.596   243  4390 D goldfish-address-space: claimShared: Ask to claim region [0x3fcb0c000 0x3fcbd6000]
11-17 00:27:08.599   243  4390 D goldfish-address-space: claimShared: Ask to claim region [0x3fcca0000 0x3fcd6a000]
11-17 00:27:08.600   243  4390 D goldfish-address-space: claimShared: Ask to claim region [0x3fd7ac000 0x3fd876000]
11-17 00:27:08.611   243  4390 D goldfish-address-space: claimShared: Ask to claim region [0x3fd876000 0x3fd940000]
11-17 00:27:08.612   243  4390 D goldfish-address-space: claimShared: Ask to claim region [0x3fd940000 0x3fda0a000]
11-17 00:27:08.613   243  4390 D goldfish-address-space: claimShared: Ask to claim region [0x3fda0a000 0x3fdad4000]
11-17 00:27:08.615 13639 13700 I System  : Process start: [su, root, cp, /storage/emulated/0/Android/media/com.example.android.wearable.composeadvanced.benchmark/temporaryScript7908846942537003163.sh, /data/local/tmp/temporaryScript7908846942537003163.sh]
11-17 00:27:08.615 13639 13700 I System  : No redirects, no fds
11-17 00:27:08.616   605   605 D SysUI   : [LauncherViewsUiManager]activityObserver onStateChanged ON_STOP
11-17 00:27:08.623 13639 13700 I System  : Process start: [su, root, chmod, +x, /data/local/tmp/temporaryScript7908846942537003163.sh]
11-17 00:27:08.623 13639 13700 I System  : No redirects, no fds
11-17 00:27:08.625   442   470 I libprocessgroup: Successfully killed process cgroup uid 10079 pid 14597 in 45ms
11-17 00:27:08.628  1140  1140 I WearInputMethodService: WearInputMethodService.onBindInput():963
11-17 00:27:08.628  1140  1140 I WearInputMethodService: WearInputMethodService.onFinishInput():2234
11-17 00:27:08.628  1140  1140 I WearInputMethodService: WearInputMethodService.onStartInput():1773
11-17 00:27:08.628  1140  1140 I WearInputMethodService: WearInputMethodService.onStartInput():1785 onStartInput(), Dummy InputConnection bound
11-17 00:27:08.632 13639 13700 I System  : Process start: [su, root, /data/local/tmp/temporaryScript7908846942537003163.sh]
11-17 00:27:08.632 13639 13700 I System  : No redirects, no fds
11-17 00:27:08.666  1260  1367 I MediaProvider: Deleted 1 items on external_primary due to com.example.android.wearable.composeadvanced.benchmark
11-17 00:27:08.667 13639 13700 I System  : Process start: [su, root, rm, /data/local/tmp/temporaryScript7908846942537003163.sh]
11-17 00:27:08.667 13639 13700 I System  : No redirects, no fds
11-17 00:27:08.678 13653 13675 D PerfettoCapture: Supported ABIs: x86, armeabi-v7a, armeabi
11-17 00:27:08.678 13653 13675 D PerfettoCapture: Recording perfetto trace
11-17 00:27:08.682 13653 13675 I PerfettoCapture: Cleanup perfetto before starting.
11-17 00:27:08.682 13639 13700 I System  : Process start: [su, root, pgrep, -l, -f, perfetto]
11-17 00:27:08.683 13639 13700 I System  : No redirects, no fds
11-17 00:27:08.699 13639 13700 I System  : Process start: [su, root, pgrep, -l, -f, tracebox]
11-17 00:27:08.699 13639 13700 I System  : No redirects, no fds
11-17 00:27:08.711 13639 13700 I System  : Process start: [su, root, rm, /data/misc/perfetto-traces/trace_output.pb]
11-17 00:27:08.711 13639 13700 I System  : No redirects, no fds
11-17 00:27:08.718 13653 13675 I PerfettoCapture: Perfetto output file cleanup -
11-17 00:27:08.718 13653 13675 I PerfettoCapture: Starting perfetto tracing with cmd: cat /storage/emulated/0/Android/media/com.example.android.wearable.composeadvanced.benchmark/trace_config.pb | perfetto --background -c - -o /data/misc/perfetto-traces/trace_output.pb
11-17 00:27:08.722 13639 13700 I System  : Process start: [su, root, cp, /storage/emulated/0/Android/media/com.example.android.wearable.composeadvanced.benchmark/temporaryScript8917190946426472277.sh, /data/local/tmp/temporaryScript8917190946426472277.sh]
11-17 00:27:08.722 13639 13700 I System  : No redirects, no fds
11-17 00:27:08.730 13639 13700 I System  : Process start: [su, root, chmod, +x, /data/local/tmp/temporaryScript8917190946426472277.sh]
11-17 00:27:08.730 13639 13700 I System  : No redirects, no fds
11-17 00:27:08.738 13639 13700 I System  : Process start: [su, root, /data/local/tmp/temporaryScript8917190946426472277.sh]
11-17 00:27:08.738 13639 13700 I System  : No redirects, no fds
11-17 00:27:08.750 14699 14699 I perfetto: perfetto_cmd.cc:711     Connected to the Perfetto traced service, starting tracing
11-17 00:27:08.751   336   336 I perfetto: ing_service_impl.cc:758 Configured tracing session 67, #sources:4, duration:0 ms, #buffers:2, total buffer size:36864 KB, total sessions:1, uid:0 session name: ""
11-17 00:27:08.751   325   325 I perfetto: probes_producer.cc:230  Ftrace setup (target_buf=133)
11-17 00:27:08.753  1260  4251 I MediaProvider: Deleted 1 items on external_primary due to com.example.android.wearable.composeadvanced.benchmark
11-17 00:27:08.753 13639 13700 I System  : Process start: [su, root, rm, /data/local/tmp/temporaryScript8917190946426472277.sh]
11-17 00:27:08.753 13639 13700 I System  : No redirects, no fds
11-17 00:27:08.761 13653 13675 I PerfettoCapture: Perfetto output - 14699
11-17 00:27:08.761 13653 13675 I PerfettoCapture: EXITCODE=0
11-17 00:27:08.761 13639 13700 I System  : Process start: [su, root, ps, 14699]
11-17 00:27:08.761 13639 13700 I System  : No redirects, no fds
11-17 00:27:08.771   325   325 I perfetto: ftrace_procfs.cc:176    enabled ftrace
11-17 00:27:08.775 13653 13675 I PerfettoCapture: Perfetto tracing started successfully with pid 14699.
11-17 00:27:08.776 13639 13700 I System  : Process start: [su, root, ls, /sys/kernel/tracing/tracing_on]
11-17 00:27:08.776 13639 13700 I System  : No redirects, no fds
11-17 00:27:08.784 13639 13700 I System  : Process start: [su, root, cat, /sys/kernel/tracing/tracing_on]
11-17 00:27:08.784 13639 13700 I System  : No redirects, no fds
11-17 00:27:08.791 13653 13675 I PerfettoCapture: /sys/kernel/tracing/tracing_on = 1, polled 0 times, capture fully started
11-17 00:27:08.796  1260  1367 I MediaProvider: Deleted 1 items on external_primary due to com.example.android.wearable.composeadvanced.benchmark
11-17 00:27:08.798 13639 13700 I System  : Process start: [su, root, pgrep, -l, -f, com.example.android.wearable.composeadvanced]
11-17 00:27:08.798 13639 13700 I System  : No redirects, no fds
11-17 00:27:08.810 13653 13675 D Benchmark: Starting activity with command: am start -W "intent:#Intent;action=android.intent.action.MAIN;category=android.intent.category.LAUNCHER;launchFlags=0x10008000;package=com.example.android.wearable.composeadvanced;component=com.example.android.wearable.composeadvanced/.presentation.MainActivity;end"
11-17 00:27:08.814 13639 13700 I System  : Process start: [su, root, cp, /storage/emulated/0/Android/media/com.example.android.wearable.composeadvanced.benchmark/temporaryScript4228763530426910777.sh, /data/local/tmp/temporaryScript4228763530426910777.sh]
11-17 00:27:08.814 13639 13700 I System  : No redirects, no fds
11-17 00:27:08.822 13639 13700 I System  : Process start: [su, root, chmod, +x, /data/local/tmp/temporaryScript4228763530426910777.sh]
11-17 00:27:08.822 13639 13700 I System  : No redirects, no fds
11-17 00:27:08.831 13639 13700 I System  : Process start: [su, root, /data/local/tmp/temporaryScript4228763530426910777.sh]
11-17 00:27:08.831 13639 13700 I System  : No redirects, no fds
11-17 00:27:08.855   225   225 D Zygote  : Forked child process 14729
11-17 00:27:08.862   243  4390 D goldfish-address-space: claimShared: Ask to claim region [0x3fcb0c000 0x3fcbd6000]
11-17 00:27:08.879 14729 14729 W composeadvance: Unexpected CPU variant for X86 using defaults: x86
11-17 00:27:08.882   307   318 I adbd    : jdwp connection from 14729
11-17 00:27:08.886   442  3208 W InputReader: Device virtio_input_multi_touch_6 is associated with display ADISPLAY_ID_NONE.
11-17 00:27:08.886   442  3208 W InputReader: Device virtio_input_multi_touch_3 is associated with display ADISPLAY_ID_NONE.
11-17 00:27:08.886   442  3208 W InputReader: Device virtio_input_multi_touch_10 is associated with display ADISPLAY_ID_NONE.
11-17 00:27:08.886   442  3208 W InputReader: Device virtio_input_multi_touch_4 is associated with display ADISPLAY_ID_NONE.
