11-17 00:27:46.119 16374 16374 W perfetto: (slice.name LIKE "reportFullyDrawn() for %" AND process.pid LIKE thread.tid) OR
11-17 00:27:46.119 16374 16374 W perfetto: (slice.name LIKE "DrawFrame%" AND thread.name LIKE "RenderThread")
11-17 00:27:46.119 16374 16374 W perfetto: )
11-17 00:27:46.119 16374 16374 W perfetto: ) OR
11-17 00:27:46.119 16374 16374 W perfetto: (
11-17 00:27:46.119 16374 16374 W perfetto: process.name LIKE "system_server" AND
11-17 00:27:46.119 16374 16374 W perfetto: slice.name LIKE "MetricsLogger:launchObserverNotifyIntentStarted"
11-17 00:27:46.119 16374 16374 W perfetto: )
11-17 00:27:46.119 16374 16374 W perfetto: )
11-17 00:27:46.119 16374 16374 W perfetto: UNION
11-17 00:27:46.119 16374 16374 W perfetto: SELECT
11-17 00:27:46.119 16374 16374 W perfetto: slice.n
11-17 00:27:46.131  1260  1367 I MediaProvider: Deleted 1 items on external_primary due to com.example.android.wearable.composeadvanced.benchmark
11-17 00:27:46.131 13653 13675 I System.out: query result line "name","ts","dur"
11-17 00:27:46.131 13653 13675 I System.out: query result line "startActivityAndWait",11623224038301,321435100
11-17 00:27:46.131 13653 13675 I System.out: query result line "MetricsLogger:launchObserverNotifyIntentStarted",11623274828615,33698
11-17 00:27:46.131 13653 13675 I System.out: query result line "launching: com.example.android.wearable.composeadvanced",11623277997408,161265141
11-17 00:27:46.131 13653 13675 I System.out: query result line "activityResume",11623361304057,3390589
11-17 00:27:46.131 13653 13675 I System.out: query result line "Choreographer#doFrame",11623364845398,71872354
11-17 00:27:46.131 13653 13675 I System.out: query result line "DrawFrame",11623429399838,7129271
11-17 00:27:46.131 13653 13675 I System.out: query result line "Choreographer#doFrame",11623439932590,29746005
11-17 00:27:46.131 13653 13675 I System.out: query result line "DrawFrame",11623469470471,20336605
11-17 00:27:46.131 13653 13675 I System.out: query result line "Choreographer#doFrame",11623473454080,16583671
11-17 00:27:46.131 13653 13675 I System.out: query result line "reportFullyDrawn() for ComponentActivity",11623484350752,1344062
11-17 00:27:46.131 13653 13675 I System.out: query result line "DrawFrame",11623489815797,7135846
11-17 00:27:46.131 13653 13675 I System.out: query result line "Choreographer#doFrame",11623495060154,6183069
11-17 00:27:46.132 13653 13675 I System.out: query result line "DrawFrame",11623500948127,12584194
11-17 00:27:46.132 13653 13675 I System.out: query result line "Choreographer#doFrame",11623511491170,2209306
11-17 00:27:46.132 13653 13675 I System.out: query result line "DrawFrame",11623513540184,16566445
11-17 00:27:46.132 13653 13675 I System.out: query result line "Choreographer#doFrame",11623528391031,588932
11-17 00:27:46.132 13653 13675 I System.out: query result line "Choreographer#doFrame",11623545531427,200545
11-17 00:27:46.132 13653 13675 I System.out: query result line "Choreographer#doFrame",11623561555331,187913
11-17 00:27:46.132 13653 13675 I System.out: query result line "Choreographer#doFrame",11623578202460,328922
11-17 00:27:46.132 13653 13675 I System.out: query result line "Choreographer#doFrame",11623594959039,757876
11-17 00:27:46.132 13653 13675 I System.out: query result line "Choreographer#doFrame",11623611645086,610979
11-17 00:27:46.132 13653 13675 I System.out: query result line "Choreographer#doFrame",11623628250993,550578
11-17 00:27:46.132 13653 13675 I System.out: query result line "Choreographer#doFrame",11623644858455,469605
11-17 00:27:46.132 13653 13675 I System.out: query result line "Choreographer#doFrame",11623662458830,492691
11-17 00:27:46.132 13653 13675 I System.out: query result line "Choreographer#doFrame",11623678213997,397641
11-17 00:27:46.132 13653 13675 I System.out: query result line "Choreographer#doFrame",11623695323177,614701
11-17 00:27:46.132 13653 13675 I System.out: query result line "Choreographer#doFrame",11623712413257,584038
11-17 00:27:46.132 13653 13675 I System.out: query result line "Choreographer#doFrame",11623728318570,446689
11-17 00:27:46.132 13653 13675 I System.out: query result line "Choreographer#doFrame",11623744987853,628159
11-17 00:27:46.132 13653 13675 I System.out: query result line "Choreographer#doFrame",11623761696070,658506
11-17 00:27:46.132 13653 13675 I System.out: query result line "Choreographer#doFrame",11623778199283,309489
11-17 00:27:46.132 13653 13675 I System.out: query result line "Choreographer#doFrame",11623795077458,544151
11-17 00:27:46.132 13653 13675 I System.out: query result line "Choreographer#doFrame",11623811697967,472249
11-17 00:27:46.132 13653 13675 I System.out: query result line "Choreographer#doFrame",11623828288060,525021
11-17 00:27:46.132 13653 13675 I System.out: query result line "Choreographer#doFrame",11623845169731,503668
11-17 00:27:46.132 13653 13675 I System.out: query result line "Choreographer#doFrame",11623861774671,513540
11-17 00:27:46.132 13653 13675 I System.out: query result line "Choreographer#doFrame",11623878230281,438807
11-17 00:27:46.132 13653 13675 I System.out: query result line "Choreographer#doFrame",11623895186502,465719
11-17 00:27:46.132 13653 13675 I System.out: query result line "Choreographer#doFrame",11623911954893,682003
11-17 00:27:46.132 13653 13675 I System.out: query result line "Choreographer#doFrame",11623928477156,412236
11-17 00:27:46.132 13653 13675 I System.out: query result line "Choreographer#doFrame",11623945241038,487141
11-17 00:27:46.132 13653 13675 I System.out: query result line "Choreographer#doFrame",11623961940649,605718
11-17 00:27:46.132 13653 13675 I System.out: query result line "Choreographer#doFrame",11623978592851,471713
11-17 00:27:46.132 13653 13675 I System.out: query result line "Choreographer#doFrame",11623995113954,488419
11-17 00:27:46.132 13653 13675 I System.out: query result line "Choreographer#doFrame",11624011796356,539807
11-17 00:27:46.132 13653 13675 I System.out: query result line "Choreographer#doFrame",11624028488910,566398
11-17 00:27:46.132 13653 13675 I System.out: query result line "Choreographer#doFrame",11624045234210,596459
11-17 00:27:46.132 13653 13675 I System.out: query result line "Choreographer#doFrame",11624061961606,515916
11-17 00:27:46.132 13653 13675 I System.out: query result line "Choreographer#doFrame",11624078584464,492640
11-17 00:27:46.132 13653 13675 I System.out: query result line "Choreographer#doFrame",11624095260528,466576
11-17 00:27:46.132 13653 13675 I System.out: query result line "Choreographer#doFrame",11624111917561,606173
11-17 00:27:46.132 13653 13675 I System.out: query result line "Choreographer#doFrame",11624128571907,462605
11-17 00:27:46.132 13653 13675 I System.out: query result line "Choreographer#doFrame",11624145275607,439744
11-17 00:27:46.132 13653 13675 I System.out: query result line "Choreographer#doFrame",11624161970338,440105
11-17 00:27:46.132 13653 13675 I System.out: query result line "Choreographer#doFrame",11624178562116,592024
11-17 00:27:46.132 13653 13675 I System.out: query result line "Choreographer#doFrame",11624195189392,30303
11-17 00:27:46.132 13653 13675 I System.out: query result line
11-17 00:27:46.134 13653 13675 D Benchmark: Iteration 6 captured UiState{timeline_start_ts=11623274828615, timeline_end_ts=11623496951643, highlight_process=HighlightProcess{cmdline=com.example.android.wearable.composeadvanced}}
11-17 00:27:46.134 13653 13675 D Benchmark: Killing process com.example.android.wearable.composeadvanced
11-17 00:27:46.134 13639 13652 I System  : Process start: [am, force-stop, com.example.android.wearable.composeadvanced]
11-17 00:27:46.134 13639 13652 I System  : No redirects, no fds
11-17 00:27:46.147   442  2634 W InputReader: Device virtio_input_multi_touch_6 is associated with display ADISPLAY_ID_NONE.
11-17 00:27:46.147   442  2634 W InputReader: Device virtio_input_multi_touch_3 is associated with display ADISPLAY_ID_NONE.
11-17 00:27:46.147   442  2634 W InputReader: Device virtio_input_multi_touch_10 is associated with display ADISPLAY_ID_NONE.
11-17 00:27:46.147   442  2634 W InputReader: Device virtio_input_multi_touch_4 is associated with display ADISPLAY_ID_NONE.
11-17 00:27:46.147   442  2634 W InputReader: Device virtio_input_multi_touch_11 is associated with display ADISPLAY_ID_NONE.
11-17 00:27:46.147   442  2634 W InputReader: Device virtio_input_multi_touch_5 is associated with display ADISPLAY_ID_NONE.
11-17 00:27:46.147   442  2634 W InputReader: Device virtio_input_multi_touch_2 is associated with display ADISPLAY_ID_NONE.
11-17 00:27:46.147   442  2634 W InputReader: Device virtio_input_multi_touch_8 is associated with display ADISPLAY_ID_NONE.
11-17 00:27:46.147   442  2634 W InputReader: Device virtio_input_multi_touch_9 is associated with display ADISPLAY_ID_NONE.
11-17 00:27:46.147   442  2634 W InputReader: Device virtio_input_multi_touch_7 is associated with display ADISPLAY_ID_NONE.
11-17 00:27:46.148   442  2634 W InputReader: Device virtio_input_multi_touch_6 is associated with display ADISPLAY_ID_NONE.
11-17 00:27:46.148   442  2634 W InputReader: Device virtio_input_multi_touch_3 is associated with display ADISPLAY_ID_NONE.
11-17 00:27:46.148   442  2634 W InputReader: Device virtio_input_multi_touch_10 is associated with display ADISPLAY_ID_NONE.
11-17 00:27:46.148   442  2634 W InputReader: Device virtio_input_multi_touch_4 is associated with display ADISPLAY_ID_NONE.
11-17 00:27:46.148   442  2634 W InputReader: Device virtio_input_multi_touch_11 is associated with display ADISPLAY_ID_NONE.
11-17 00:27:46.148   442  2634 W InputReader: Device virtio_input_multi_touch_5 is associated with display ADISPLAY_ID_NONE.
11-17 00:27:46.148   442  2634 W InputReader: Device virtio_input_multi_touch_2 is associated with display ADISPLAY_ID_NONE.
11-17 00:27:46.148   442  2634 W InputReader: Device virtio_input_multi_touch_8 is associated with display ADISPLAY_ID_NONE.
11-17 00:27:46.148   442  2634 W InputReader: Device virtio_input_multi_touch_9 is associated with display ADISPLAY_ID_NONE.
11-17 00:27:46.148   442  2634 W InputReader: Device virtio_input_multi_touch_7 is associated with display ADISPLAY_ID_NONE.
11-17 00:27:46.149 16380 16382 I cmd     : oneway function results will be dropped but finished with status OK and parcel size 4
11-17 00:27:46.152   225   225 I Zygote  : Process 16310 exited due to signal 9 (Killed)
11-17 00:27:46.153   861   861 D CarrierSvcBindHelper: No carrier app for: 0
11-17 00:27:46.154   605   605 D SysUI   : [LauncherViewsUiManager]activityObserver onStateChanged ON_START
11-17 00:27:46.162   243   243 D goldfish-address-space: claimShared: Ask to claim region [0x3fcb0c000 0x3fcbd6000]
11-17 00:27:46.164   243   243 D goldfish-address-space: claimShared: Ask to claim region [0x3fcca0000 0x3fcd6a000]
11-17 00:27:46.166   243  4390 D goldfish-address-space: claimShared: Ask to claim region [0x3fd7ac000 0x3fd876000]
11-17 00:27:46.166   243   243 D goldfish-address-space: claimShared: Ask to claim region [0x3fd876000 0x3fd940000]
11-17 00:27:46.170 13639 13652 I System  : Process start: [su, root, cp, /storage/emulated/0/Android/media/com.example.android.wearable.composeadvanced.benchmark/temporaryScript3495038932818548485.sh, /data/local/tmp/temporaryScript3495038932818548485.sh]
11-17 00:27:46.170 13639 13652 I System  : No redirects, no fds
11-17 00:27:46.170   243   243 D goldfish-address-space: claimShared: Ask to claim region [0x3fd940000 0x3fda0a000]
11-17 00:27:46.172   243   243 D goldfish-address-space: claimShared: Ask to claim region [0x3fda0a000 0x3fdad4000]
11-17 00:27:46.178  1140  1140 I WearInputMethodService: WearInputMethodService.onBindInput():963
11-17 00:27:46.178  1140  1140 I WearInputMethodService: WearInputMethodService.onFinishInput():2234
11-17 00:27:46.178  1140  1140 I WearInputMethodService: WearInputMethodService.onStartInput():1773
11-17 00:27:46.178  1140  1140 I WearInputMethodService: WearInputMethodService.onStartInput():1785 onStartInput(), Dummy InputConnection bound
11-17 00:27:46.183 13639 13652 I System  : Process start: [su, root, chmod, +x, /data/local/tmp/temporaryScript3495038932818548485.sh]
11-17 00:27:46.183 13639 13652 I System  : No redirects, no fds
11-17 00:27:46.190   442   470 I libprocessgroup: Successfully killed process cgroup uid 10080 pid 16310 in 44ms
11-17 00:27:46.190 13639 13652 I System  : Process start: [su, root, /data/local/tmp/temporaryScript3495038932818548485.sh]
11-17 00:27:46.190 13639 13652 I System  : No redirects, no fds
11-17 00:27:46.224  1260  4251 I MediaProvider: Deleted 1 items on external_primary due to com.example.android.wearable.composeadvanced.benchmark
11-17 00:27:46.224 13639 13652 I System  : Process start: [su, root, rm, /data/local/tmp/temporaryScript3495038932818548485.sh]
11-17 00:27:46.224 13639 13652 I System  : No redirects, no fds
11-17 00:27:46.237 13653 13675 D PerfettoCapture: Supported ABIs: x86, armeabi-v7a, armeabi
11-17 00:27:46.237 13653 13675 D PerfettoCapture: Recording perfetto trace
11-17 00:27:46.242 13653 13675 I PerfettoCapture: Cleanup perfetto before starting.
11-17 00:27:46.242 13639 13652 I System  : Process start: [su, root, pgrep, -l, -f, perfetto]
11-17 00:27:46.242 13639 13652 I System  : No redirects, no fds
11-17 00:27:46.256 13639 13652 I System  : Process start: [su, root, pgrep, -l, -f, tracebox]
11-17 00:27:46.256 13639 13652 I System  : No redirects, no fds
11-17 00:27:46.269 13639 13652 I System  : Process start: [su, root, rm, /data/misc/perfetto-traces/trace_output.pb]
11-17 00:27:46.269 13639 13652 I System  : No redirects, no fds
11-17 00:27:46.277 13653 13675 I PerfettoCapture: Perfetto output file cleanup -
11-17 00:27:46.277 13653 13675 I PerfettoCapture: Starting perfetto tracing with cmd: cat /storage/emulated/0/Android/media/com.example.android.wearable.composeadvanced.benchmark/trace_config.pb | perfetto --background -c - -o /data/misc/perfetto-traces/trace_output.pb
11-17 00:27:46.281 13639 13652 I System  : Process start: [su, root, cp, /storage/emulated/0/Android/media/com.example.android.wearable.composeadvanced.benchmark/temporaryScript7904325124918699920.sh, /data/local/tmp/temporaryScript7904325124918699920.sh]
11-17 00:27:46.281 13639 13652 I System  : No redirects, no fds
11-17 00:27:46.289 13639 13652 I System  : Process start: [su, root, chmod, +x, /data/local/tmp/temporaryScript7904325124918699920.sh]
11-17 00:27:46.289 13639 13652 I System  : No redirects, no fds
11-17 00:27:46.297 13639 13652 I System  : Process start: [su, root, /data/local/tmp/temporaryScript7904325124918699920.sh]
11-17 00:27:46.297 13639 13652 I System  : No redirects, no fds
11-17 00:27:46.307 16415 16415 I perfetto: perfetto_cmd.cc:711     Connected to the Perfetto traced service, starting tracing
11-17 00:27:46.308   336   336 I perfetto: ing_service_impl.cc:758 Configured tracing session 78, #sources:4, duration:0 ms, #buffers:2, total buffer size:36864 KB, total sessions:1, uid:0 session name: ""
11-17 00:27:46.308   325   325 I perfetto: probes_producer.cc:230  Ftrace setup (target_buf=155)
11-17 00:27:46.309  1260  1366 I MediaProvider: Deleted 1 items on external_primary due to com.example.android.wearable.composeadvanced.benchmark
11-17 00:27:46.310 13639 13652 I System  : Process start: [su, root, rm, /data/local/tmp/temporaryScript7904325124918699920.sh]
11-17 00:27:46.310 13639 13652 I System  : No redirects, no fds
11-17 00:27:46.318 13653 13675 I PerfettoCapture: Perfetto output - 16415
11-17 00:27:46.318 13653 13675 I PerfettoCapture: EXITCODE=0
11-17 00:27:46.318 13639 13700 I System  : Process start: [su, root, ps, 16415]
11-17 00:27:46.318 13639 13700 I System  : No redirects, no fds
11-17 00:27:46.332 13653 13675 I PerfettoCapture: Perfetto tracing started successfully with pid 16415.
11-17 00:27:46.332 13639 13700 I System  : Process start: [su, root, ls, /sys/kernel/tracing/tracing_on]
11-17 00:27:46.332 13639 13700 I System  : No redirects, no fds
11-17 00:27:46.339 13639 13700 I System  : Process start: [su, root, cat, /sys/kernel/tracing/tracing_on]
11-17 00:27:46.339 13639 13700 I System  : No redirects, no fds
11-17 00:27:46.343   325   325 I perfetto: ftrace_procfs.cc:176    enabled ftrace
11-17 00:27:46.347 13653 13675 I PerfettoCapture: /sys/kernel/tracing/tracing_on = 1, polled 0 times, capture fully started
11-17 00:27:46.349  1260  4252 I MediaProvider: Deleted 1 items on external_primary due to com.example.android.wearable.composeadvanced.benchmark
11-17 00:27:46.351 13639 13700 I System  : Process start: [su, root, pgrep, -l, -f, com.example.android.wearable.composeadvanced]
11-17 00:27:46.351 13639 13700 I System  : No redirects, no fds
11-17 00:27:46.365 13653 13675 D Benchmark: Starting activity with command: am start -W "intent:#Intent;action=android.intent.action.MAIN;category=android.intent.category.LAUNCHER;launchFlags=0x10008000;package=com.example.android.wearable.composeadvanced;component=com.example.android.wearable.composeadvanced/.presentation.MainActivity;end"
11-17 00:27:46.368 13639 13700 I System  : Process start: [su, root, cp, /storage/emulated/0/Android/media/com.example.android.wearable.composeadvanced.benchmark/temporaryScript3555719389629654100.sh, /data/local/tmp/temporaryScript3555719389629654100.sh]
11-17 00:27:46.368 13639 13700 I System  : No redirects, no fds
11-17 00:27:46.377 13639 13700 I System  : Process start: [su, root, chmod, +x, /data/local/tmp/temporaryScript3555719389629654100.sh]
11-17 00:27:46.377 13639 13700 I System  : No redirects, no fds
11-17 00:27:46.387 13639 13700 I System  : Process start: [su, root, /data/local/tmp/temporaryScript3555719389629654100.sh]
11-17 00:27:46.387 13639 13700 I System  : No redirects, no fds
11-17 00:27:46.412   225   225 D Zygote  : Forked child process 16445
11-17 00:27:46.428 16445 16445 W composeadvance: Unexpected CPU variant for X86 using defaults: x86
11-17 00:27:46.429   243   243 D goldfish-address-space: claimShared: Ask to claim region [0x3fdad4000 0x3fdb9e000]
11-17 00:27:46.432   307   318 I adbd    : jdwp connection from 16445
11-17 00:27:46.436   442  5151 W InputReader: Device virtio_input_multi_touch_6 is associated with display ADISPLAY_ID_NONE.
11-17 00:27:46.436   442  5151 W InputReader: Device virtio_input_multi_touch_3 is associated with display ADISPLAY_ID_NONE.
11-17 00:27:46.436   442  5151 W InputReader: Device virtio_input_multi_touch_10 is associated with display ADISPLAY_ID_NONE.
11-17 00:27:46.436   442  5151 W InputReader: Device virtio_input_multi_touch_4 is associated with display ADISPLAY_ID_NONE.
11-17 00:27:46.436   442  5151 W InputReader: Device virtio_input_multi_touch_11 is associated with display ADISPLAY_ID_NONE.
11-17 00:27:46.436   442  5151 W InputReader: Device virtio_input_multi_touch_5 is associated with display ADISPLAY_ID_NONE.
11-17 00:27:46.436   442  5151 W InputReader: Device virtio_input_multi_touch_2 is associated with display ADISPLAY_ID_NONE.
11-17 00:27:46.436   442  5151 W InputReader: Device virtio_input_multi_touch_8 is associated with display ADISPLAY_ID_NONE.
11-17 00:27:46.436   442  5151 W InputReader: Device virtio_input_multi_touch_9 is associated with display ADISPLAY_ID_NONE.
11-17 00:27:46.436   442  5151 W InputReader: Device virtio_input_multi_touch_7 is associated with display ADISPLAY_ID_NONE.
11-17 00:27:46.436   442  5151 W InputReader: Device virtio_input_multi_touch_6 is associated with display ADISPLAY_ID_NONE.
11-17 00:27:46.436   442  5151 W InputReader: Device virtio_input_multi_touch_3 is associated with display ADISPLAY_ID_NONE.
11-17 00:27:46.436   442  5151 W InputReader: Device virtio_input_multi_touch_10 is associated with display ADISPLAY_ID_NONE.
11-17 00:27:46.436   442  5151 W InputReader: Device virtio_input_multi_touch_4 is associated with display ADISPLAY_ID_NONE.
11-17 00:27:46.436   442  5151 W InputReader: Device virtio_input_multi_touch_11 is associated with display ADISPLAY_ID_NONE.
11-17 00:27:46.436   442  5151 W InputReader: Device virtio_input_multi_touch_5 is associated with display ADISPLAY_ID_NONE.
11-17 00:27:46.436   442  5151 W InputReader: Device virtio_input_multi_touch_2 is associated with display ADISPLAY_ID_NONE.
11-17 00:27:46.436   442  5151 W InputReader: Device virtio_input_multi_touch_8 is associated with display ADISPLAY_ID_NONE.
11-17 00:27:46.436   442  5151 W InputReader: Device virtio_input_multi_touch_9 is associated with display ADISPLAY_ID_NONE.
11-17 00:27:46.436   442  5151 W InputReader: Device virtio_input_multi_touch_7 is associated with display ADISPLAY_ID_NONE.
11-17 00:27:46.442 16445 16445 I composeadvance: The ClassLoaderContext is a special shared library.
11-17 00:27:46.460   244   282 W EmuHWC2 : validate: layer 390 CompositionType 1, fallback
11-17 00:27:46.460 16445 16445 D NetworkSecurityConfig: No Network Security Config specified, using platform default
11-17 00:27:46.460 16445 16445 D NetworkSecurityConfig: No Network Security Config specified, using platform default
11-17 00:27:46.461   244   282 W EmuHWC2 : No layers, exit, buffer 0xebf00510
11-17 00:27:46.464 16445 16469 D libEGL  : loaded /vendor/lib/egl/libEGL_emulation.so
11-17 00:27:46.465 16445 16469 D libEGL  : loaded /vendor/lib/egl/libGLESv1_CM_emulation.so
11-17 00:27:46.467 16445 16469 D libEGL  : loaded /vendor/lib/egl/libGLESv2_emulation.so
11-17 00:27:46.477   244   282 W EmuHWC2 : validate: layer 391 CompositionType 1, fallback
11-17 00:27:46.478   244   282 W EmuHWC2 : No layers, exit, buffer 0xebf01b10
11-17 00:27:46.492 16445 16467 D HostConnection: HostConnection::get() New Host Connection established 0xebe65700, tid 16467
11-17 00:27:46.493   244   282 W EmuHWC2 : validate: layer 391 CompositionType 1, fallback
11-17 00:27:46.494   244   282 W EmuHWC2 : No layers, exit, buffer 0xebf00510
11-17 00:27:46.498 16445 16467 D HostConnection: HostComposition ext ANDROID_EMU_CHECKSUM_HELPER_v1 ANDROID_EMU_native_sync_v2 ANDROID_EMU_native_sync_v3 ANDROID_EMU_native_sync_v4 ANDROID_EMU_dma_v1 ANDROID_EMU_direct_mem ANDROID_EMU_host_composition_v1 ANDROID_EMU_host_composition_v2 ANDROID_EMU_vulkan ANDROID_EMU_deferred_vulkan_commands ANDROID_EMU_vulkan_null_optional_strings ANDROID_EMU_vulkan_create_resources_with_requirements ANDROID_EMU_YUV_Cache ANDROID_EMU_vulkan_ignored_handles ANDROID_EMU_has_shared_slots_host_memory_allocator ANDROID_EMU_vulkan_free_memory_sync ANDROID_EMU_vulkan_shader_float16_int8 ANDROID_EMU_vulkan_async_queue_submit ANDROID_EMU_sync_buffer_data ANDROID_EMU_vulkan_async_qsri ANDROID_EMU_read_color_buffer_dma GL_OES_EGL_image_external_essl3 GL_OES_vertex_array_object GL_KHR_texture_compression_astc_ldr ANDROID_EMU_host_side_tracing ANDROID_EMU_gles_max_version_3_0
11-17 00:27:46.499   159   159 I hwservicemanager: getTransport: Cannot find entry android.hardware.configstore@1.0::ISurfaceFlingerConfigs/default in either framework or device manifest.
11-17 00:27:46.499 16445 16467 W OpenGLRenderer: Failed to choose config with EGL_SWAP_BEHAVIOR_PRESERVED, retrying without...
11-17 00:27:46.499 16445 16467 D EGL_emulation: eglCreateContext: 0xebe66340: maj 3 min 0 rcv 3
11-17 00:27:46.500 16445 16467 D EGL_emulation: eglMakeCurrent: 0xebe66340: ver 3 0 (tinfo 0xec1b3eb0) (first time)
11-17 00:27:46.503   243   243 D goldfish-address-space: claimShared: Ask to claim region [0x3fdb9e000 0x3fdc68000]
11-17 00:27:46.504   159   159 I hwservicemanager: getTransport: Cannot find entry android.hardware.graphics.mapper@4.0::IMapper/default in either framework or device manifest.
11-17 00:27:46.504 16445 16467 I Gralloc4: mapper 4.x is not supported
11-17 00:27:46.505 16445 16467 D HostConnection: createUnique: call
11-17 00:27:46.505 16445 16467 D HostConnection: HostConnection::get() New Host Connection established 0xebe66420, tid 16467
11-17 00:27:46.505 16445 16467 D goldfish-address-space: allocate: Ask for block of size 0x100
11-17 00:27:46.505 16445 16467 D goldfish-address-space: allocate: ioctl allocate returned offset 0x3fbffe000 size 0x2000
11-17 00:27:46.520   244   282 W EmuHWC2 : validate: layer 391 CompositionType 1, fallback
11-17 00:27:46.522   244   282 W EmuHWC2 : No layers, exit, buffer 0xebf01b10
11-17 00:27:46.528 16445 16467 D HostConnection: HostComposition ext ANDROID_EMU_CHECKSUM_HELPER_v1 ANDROID_EMU_native_sync_v2 ANDROID_EMU_native_sync_v3 ANDROID_EMU_native_sync_v4 ANDROID_EMU_dma_v1 ANDROID_EMU_direct_mem ANDROID_EMU_host_composition_v1 ANDROID_EMU_host_composition_v2 ANDROID_EMU_vulkan ANDROID_EMU_deferred_vulkan_commands ANDROID_EMU_vulkan_null_optional_strings ANDROID_EMU_vulkan_create_resources_with_requirements ANDROID_EMU_YUV_Cache ANDROID_EMU_vulkan_ignored_handles ANDROID_EMU_has_shared_slots_host_memory_allocator ANDROID_EMU_vulkan_free_memory_sync ANDROID_EMU_vulkan_shader_float16_int8 ANDROID_EMU_vulkan_async_queue_submit ANDROID_EMU_sync_buffer_data ANDROID_EMU_vulkan_async_qsri ANDROID_EMU_read_color_buffer_dma GL_OES_EGL_image_external_essl3 GL_OES_vertex_array_object GL_KHR_texture_compression_astc_ldr ANDROID_EMU_host_side_tracing ANDROID_EMU_gles_max_version_3_0
11-17 00:27:46.530   605   895 W SysUI   : [RecentTasksLauncherRepo]getRecentApps matched with a Launcher Activity in the task TaskInfo{userId=0 stackId=65 taskId=65 displayId=0 isRunning=true baseIntent=Intent { act=android.intent.action.MAIN cat=[android.intent.category.LAUNCHER] flg=0x10008000 pkg=com.example.android.wearable.composeadvanced cmp=com.example.android.wearable.composeadvanced/.presentation.MainActivity } baseActivity=ComponentInfo{com.example.android.wearable.composeadvanced/com.example.android.wearable.composeadvanced.presentation.MainActivity} topActivity=ComponentInfo{com.example.android.wearable.composeadvanced/com.example.android.wearable.composeadvanced.presentation.MainActivity} origActivity=null realActivity=ComponentInfo{com.example.android.wearable.composeadvanced/com.example.android.wearable.composeadvanced.presentation.MainActivity} numActivities=1 lastActiveTime=11626489 supportsSplitScreenMultiWindow=false resizeMode=1 isResizeable=true token=android.window.WindowContainerToken@6b95f2 topActivityType=1 pictureInPictureParams=null topActivityInfo=ActivityInfo{aac443 com.example.android.wearable.composeadvanced.presentation.MainActivity} == ActivityLauncherApp{label=Compose Advanced, recent=false, timeLastUsedMs=0, info=android.content.pm.LauncherActivityInfo@841c915, iconSupplier=cql@a85342a}
11-17 00:27:46.530   605   895 E SysUI   : [RecentTaskLauncherApp]Couldn't resolve any Activity for task TaskInfo{userId=0 stackId=14 taskId=14 displayId=0 isRunning=true baseIntent=Intent { act=android.intent.action.MAIN cat=[android.intent.category.LAUNCHER] flg=0x10100000 cmp=com.example.wearoscomposecodelab/androidx.compose.ui.tooling.PreviewActivity } baseActivity=ComponentInfo{com.example.wearoscomposecodelab/androidx.compose.ui.tooling.PreviewActivity} topActivity=ComponentInfo{com.example.wearoscomposecodelab/androidx.compose.ui.tooling.PreviewActivity} origActivity=null realActivity=ComponentInfo{com.example.wearoscomposecodelab/androidx.compose.ui.tooling.PreviewActivity} numActivities=1 lastActiveTime=11626489 supportsSplitScreenMultiWindow=false resizeMode=1 isResizeable=true token=android.window.WindowContainerToken@f156ce6 topActivityType=1 pictureInPictureParams=null topActivityInfo=ActivityInfo{f542ac0 androidx.compose.ui.tooling.PreviewActivity}
11-17 00:27:46.530   605   895 W SysUI   : [RecentTasksLauncherRepo]getRecentApps matched task with the only Launcher in the package TaskInfo{userId=0 stackId=14 taskId=14 displayId=0 isRunning=true baseIntent=Intent { act=android.intent.action.MAIN cat=[android.intent.category.LAUNCHER] flg=0x10100000 cmp=com.example.wearoscomposecodelab/androidx.compose.ui.tooling.PreviewActivity } baseActivity=ComponentInfo{com.example.wearoscomposecodelab/androidx.compose.ui.tooling.PreviewActivity} topActivity=ComponentInfo{com.example.wearoscomposecodelab/androidx.compose.ui.tooling.PreviewActivity} origActivity=null realActivity=ComponentInfo{com.example.wearoscomposecodelab/androidx.compose.ui.tooling.PreviewActivity} numActivities=1 lastActiveTime=11626489 supportsSplitScreenMultiWindow=false resizeMode=1 isResizeable=true token=android.window.WindowContainerToken@f156ce6 topActivityType=1 pictureInPictureParams=null topActivityInfo=ActivityInfo{f542ac0 androidx.compose.ui.tooling.PreviewActivity} == ActivityLauncherApp{label=My Application, recent=false, timeLastUsedMs=0, info=android.content.pm.LauncherActivityInfo@8db7c02, iconSupplier=cql@c89913}
11-17 00:27:46.530   605   895 E SysUI   : [RecentTaskLauncherApp]Couldn't resolve any Activity for task TaskInfo{userId=0 stackId=47 taskId=47 displayId=-1 isRunning=false baseIntent=Intent { act=android.intent.action.MAIN cat=[android.intent.category.LAUNCHER] flg=0x10000000 cmp=com.example.android.wearable.composeadvanced.test/androidx.test.core.app.InstrumentationActivityInvoker$EmptyActivity } baseActivity=null topActivity=null origActivity=null realActivity=ComponentInfo{com.example.android.wearable.composeadvanced.test/androidx.test.core.app.InstrumentationActivityInvoker$EmptyActivity} numActivities=0 lastActiveTime=11083539 supportsSplitScreenMultiWindow=false resizeMode=1 isResizeable=true token=android.window.WindowContainerToken@3ec9b18 topActivityType=1 pictureInPictureParams=null topActivityInfo=null
11-17 00:27:46.530   605   895 W SysUI   : [RecentTasksLauncherRepo]Using explicit label and icon from base Activity ComponentInfo{com.example.android.wearable.composeadvanced.test/androidx.test.core.app.InstrumentationActivityInvoker$EmptyActivity}
11-17 00:27:46.531   605   895 D SysUI   : [PrimesSysHealthLogger]Timer GLOBAL_LAUNCHER_LOAD_RECENT_TASKS_TIME took 4 ms
11-17 00:27:46.532   605   895 W SysUI   : [LauncherDefaultRecentsCombiner]Unable to get ActivityDisplayInfo for {com.fitbit.FitbitMobile/com.fitbit.today.TodayMainActivity} attempting to fetch from ResolveInfo
11-17 00:27:46.532   605   895 W SysUI   : [LauncherDefaultRecentsCombiner]Unable to get ResolveInfo for {com.fitbit.FitbitMobile/com.fitbit.today.TodayMainActivity}, not able to add to default recents
11-17 00:27:46.532   605   895 W SysUI   : [LauncherDefaultRecentsCombiner]Unable to get ActivityDisplayInfo for {com.fitbit.FitbitMobile/com.fitbit.exercise.MainActivity} attempting to fetch from ResolveInfo
11-17 00:27:46.532   605   895 W SysUI   : [LauncherDefaultRecentsCombiner]Unable to get ResolveInfo for {com.fitbit.FitbitMobile/com.fitbit.exercise.MainActivity}, not able to add to default recents
11-17 00:27:46.532   605   895 W SysUI   : [LauncherDefaultRecentsCombiner]Unable to get ActivityDisplayInfo for {com.google.android.apps.youtube.music/com.google.android.apps.youtube.music.wear.WearMainActivity} attempting to fetch from ResolveInfo
11-17 00:27:46.532   605   895 W SysUI   : [LauncherDefaultRecentsCombiner]Unable to get ResolveInfo for {com.google.android.apps.youtube.music/com.google.android.apps.youtube.music.wear.WearMainActivity}, not able to add to default recents
11-17 00:27:46.532   605   895 W SysUI   : [LauncherDefaultRecentsCombiner]Unable to get ActivityDisplayInfo for {com.google.android.apps.messaging/com.google.android.apps.messaging.main.WearMainActivity} attempting to fetch from ResolveInfo
11-17 00:27:46.532   605   895 W SysUI   : [LauncherDefaultRecentsCombiner]Unable to get ResolveInfo for {com.google.android.apps.messaging/com.google.android.apps.messaging.main.WearMainActivity}, not able to add to default recents
11-17 00:27:46.532   605   895 W SysUI   : [LauncherDefaultRecentsCombiner]Unable to get ActivityDisplayInfo for {com.google.android.dialer/com.google.android.wearable.googledialer.launcher.impl.LauncherActivity} attempting to fetch from ResolveInfo
11-17 00:27:46.532   605   895 W SysUI   : [LauncherDefaultRecentsCombiner]Unable to get ResolveInfo for {com.google.android.dialer/com.google.android.wearable.googledialer.launcher.impl.LauncherActivity}, not able to add to default recents
11-17 00:27:46.532   605   895 W SysUI   : [LauncherDefaultRecentsCombiner]Unable to get ActivityDisplayInfo for {com.google.android.apps.safetyhub/com.google.android.wearable.safety.application.MainActivity} attempting to fetch from ResolveInfo
11-17 00:27:46.532   605   895 W SysUI   : [LauncherDefaultRecentsCombiner]Unable to get ResolveInfo for {com.google.android.apps.safetyhub/com.google.android.wearable.safety.application.MainActivity}, not able to add to default recents
11-17 00:27:46.533   605   895 W SysUI   : [LauncherDefaultRecentsCombiner]Unable to get ActivityDisplayInfo for {com.google.android.apps.maps/com.google.android.apps.gmmwearable.MainActivity} attempting to fetch from ResolveInfo
11-17 00:27:46.533   605   895 W SysUI   : [LauncherDefaultRecentsCombiner]Unable to get ResolveInfo for {com.google.android.apps.maps/com.google.android.apps.gmmwearable.MainActivity}, not able to add to default recents
11-17 00:27:46.533   605   895 D SysUI   : [LauncherDefaultRecentsCombiner]Have to merge with 1 default apps
11-17 00:27:46.533   605   851 D SysUI   : [PrimesSysHealthLogger]Timer GLOBAL_LAUNCHER_MERGE_ONGOING_ACTIVITIES_TIME took 0 ms
11-17 00:27:46.543   244   282 W EmuHWC2 : validate: layer 391 CompositionType 1, fallback
11-17 00:27:46.544   244   282 W EmuHWC2 : No layers, exit, buffer 0xebf00510
11-17 00:27:46.548   243   243 D goldfish-address-space: claimShared: Ask to claim region [0x3fdc68000 0x3fdd32000]
11-17 00:27:46.548   243   243 D goldfish-address-space: claimShared: Ask to claim region [0x3fdd32000 0x3fddfc000]
11-17 00:27:46.554 16445 16470 W Jank    : Jank 72ms route: non:0
11-17 00:27:46.558 16442 16444 I cmd     : oneway function results will be dropped but finished with status OK and parcel size 4
11-17 00:27:46.560   244   282 W EmuHWC2 : validate: layer 391 CompositionType 1, fallback
11-17 00:27:46.561   244   282 W EmuHWC2 : No layers, exit, buffer 0xebf01b10
11-17 00:27:46.569   442   467 D ArtManagerInternalImpl: /data/misc/iorapd/com.example.android.wearable.composeadvanced/1/com.example.android.wearable.composeadvanced.presentation.MainActivity/compiled_traces/compiled_trace.pb doesn't exist
11-17 00:27:46.570   442   467 I ActivityTaskManager: Displayed com.example.android.wearable.composeadvanced/.presentation.MainActivity: +154ms
11-17 00:27:46.571 13639 13700 I System  : Process start: [su, root, cat, /data/local/tmp/temporaryScript3555719389629654100.sh_stderr]
11-17 00:27:46.571 13639 13700 I System  : No redirects, no fds
11-17 00:27:46.577   244   282 W EmuHWC2 : validate: layer 391 CompositionType 1, fallback
11-17 00:27:46.578   244   282 W EmuHWC2 : No layers, exit, buffer 0xebf00510
11-17 00:27:46.589  1260  4252 I MediaProvider: Deleted 1 items on external_primary due to com.example.android.wearable.composeadvanced.benchmark
11-17 00:27:46.590 13639 13700 I System  : Process start: [su, root, rm, /data/local/tmp/temporaryScript3555719389629654100.sh_stderr, /data/local/tmp/temporaryScript3555719389629654100.sh]
11-17 00:27:46.590 13639 13700 I System  : No redirects, no fds
11-17 00:27:46.592 16445 16445 D Compose Focus: Owner FocusChanged(true)
11-17 00:27:46.593   244   282 W EmuHWC2 : validate: layer 391 CompositionType 1, fallback
11-17 00:27:46.595   244   282 W EmuHWC2 : No layers, exit, buffer 0xebf01b10
11-17 00:27:46.600   442   467 I ActivityTaskManager: Fully drawn com.example.android.wearable.composeadvanced/.presentation.MainActivity: +197ms
11-17 00:27:46.607   244   282 W EmuHWC2 : validate: layer 391 CompositionType 1, fallback
11-17 00:27:46.610   244   282 W EmuHWC2 : No layers, exit, buffer 0xebf00510
11-17 00:27:46.610 13653 13675 D Benchmark: Result: Starting: Intent { act=android.intent.action.MAIN cat=[android.intent.category.LAUNCHER] flg=0x10008000 pkg=com.example.android.wearable.composeadvanced cmp=com.example.android.wearable.composeadvanced/.presentation.MainActivity }
11-17 00:27:46.610 13653 13675 D Benchmark: Status: ok
11-17 00:27:46.610 13653 13675 D Benchmark: LaunchState: COLD
11-17 00:27:46.610 13653 13675 D Benchmark: Activity: com.example.android.wearable.composeadvanced/.presentation.MainActivity
11-17 00:27:46.610 13653 13675 D Benchmark: TotalTime: 154
11-17 00:27:46.610 13653 13675 D Benchmark: WaitTime: 156
11-17 00:27:46.610 13653 13675 D Benchmark: Complete
11-17 00:27:46.610 13639 15116 I System  : Process start: [su, root, pgrep, -l, -f, com.example.android.wearable.composeadvanced]
11-17 00:27:46.611 13639 15116 I System  : No redirects, no fds
11-17 00:27:46.611 16445 16470 W Jank    : Jank 95ms route:landing non:0
11-17 00:27:46.614  1140  1140 I WearInputMethodService: WearInputMethodService.onBindInput():963
11-17 00:27:46.615  1140  1140 I WearInputMethodService: WearInputMethodService.onFinishInput():2234
11-17 00:27:46.616  1140  1140 I WearInputMethodService: WearInputMethodService.onStartInput():1773
11-17 00:27:46.616  1140  1140 I WearInputMethodService: WearInputMethodService.onStartInput():1785 onStartInput(), Dummy InputConnection bound
11-17 00:27:46.627   244   282 W EmuHWC2 : validate: layer 391 CompositionType 1, fallback
11-17 00:27:46.628   244   282 W EmuHWC2 : No layers, exit, buffer 0xebf01b10
11-17 00:27:46.637 13639 15116 I System  : Process start: [su, root, dumpsys, gfxinfo, com.example.android.wearable.composeadvanced, framestats]
11-17 00:27:46.637 13639 15116 I System  : No redirects, no fds
11-17 00:27:46.643   244   282 W EmuHWC2 : validate: layer 391 CompositionType 1, fallback
11-17 00:27:46.645   244   282 W EmuHWC2 : No layers, exit, buffer 0xebf00510
11-17 00:27:46.650   605   605 D SysUI   : [LauncherViewsUiManager]activityObserver onStateChanged ON_STOP
11-17 00:27:46.660   244   282 W EmuHWC2 : validate: layer 391 CompositionType 1, fallback
11-17 00:27:46.661   244   282 W EmuHWC2 : No layers, exit, buffer 0xebf01b10
11-17 00:27:46.662   442   566 W cutils-trace: Truncated name in atrace_begin_body: monitor contention with owner Binder:442_14 (122) at int com.android.server.wm.WindowManagerService.relayoutWindow(com.android.server.wm.Session, android.view.IWindow, int, android.view.WindowManager$LayoutParams, int, int, int, int, long, android.graphics.Rect, android.graphics.Rect, android.graphics.Rect, android.graphics.Rect, android.graphics.Rect, android.view.DisplayCutout$ParcelableWrapper, android.util.MergedConfiguration, android.view.SurfaceControl, android.view.InsetsState, android.view.InsetsSourceControl[], android.graphics.Point, android.view.SurfaceControl)(WindowManagerService.java:2140) waiters=0 blocking from int com.android.server.wm.WindowManagerService.relayoutWindow(com.android.server.wm.Session, android.view.IWindow, int, android.view.WindowManager$LayoutParams, int, int, int, int, long, android.graphics.Rect, android.graphics.Rect, android.graphics.Rect, android.graphics.Rect, android.graphics.Rect, android.view.DisplayCutout$ParcelableWrapper, and
11-17 00:27:46.677   244   282 W EmuHWC2 : validate: layer 391 CompositionType 1, fallback
11-17 00:27:46.678   244   282 W EmuHWC2 : No layers, exit, buffer 0xebf00510
11-17 00:27:46.679 13653 13675 I System.out: 0 Flags,IntendedVsync,Vsync,OldestInputEvent,NewestInputEvent,HandleInputStart,AnimationStart,PerformTraversalsStart,DrawStart,SyncQueued,SyncStart,IssueDrawCommandsStart,SwapBuffers,FrameCompleted,DequeueBufferDuration,QueueBufferDuration,GpuCompleted,
11-17 00:27:46.679 13653 13675 I System.out: 1 1,11626561244373,11626561244373,9223372036854775807,0,11626561983612,11626561984299,11626563055339,11626632701897,11626634064452,11626634689032,11626634715643,11626635933829,11626638837991,61235,159048,11626638320394,
11-17 00:27:46.679 13653 13675 I System.out: 2 0,11626577912533,11626627912531,9223372036854775807,0,11626642443665,11626642444597,11626658518001,11626658576741,11626673317538,11626673510482,11626673564881,11626690982292,11626691948146,77887,271628,11626694464000,
11-17 00:27:46.679 13653 13675 I System.out: 3 0,11626644464703,11626677798035,9223372036854775807,0,11626678804785,11626678805588,11626683327436,11626685983778,11626686794012,11626692142491,11626692213644,11626692676450,11626713594234,18945243,178297,9223372034707292159,
11-17 00:27:46.679 13653 13675 I System.out: 4 0,11626677803979,11626694470645,9223372036854775807,0,11626696814349,11626696815438,11626703548661,11626703586380,11626704821151,11626713770200,11626713845455,11626720748492,11626730271744,9003290,219728,9223372032559808514,
11-17 00:27:46.679 13653 13675 I System.out: 5 0,11626711140166,11626711140166,9223372036854775807,0,11626715404144,11626715404742,11626716106342,11626716153019,11626716472508,11626730505165,11626730542318,11626732227564,11626746766248,14027759,137200,9223372034707292159,
11-17 00:27:46.679 13653 13675 I System.out: 0 Flags,IntendedVsync,Vsync,OldestInputEvent,NewestInputEvent,HandleInputStart,AnimationStart,PerformTraversalsStart,DrawStart,SyncQueued,SyncStart,IssueDrawCommandsStart,SwapBuffers,FrameCompleted,DequeueBufferDuration,QueueBufferDuration,GpuCompleted,
11-17 00:27:46.679 13653 13675 I System.out: 1 1,11626561244373,11626561244373,9223372036854775807,0,11626561983612,11626561984299,11626563055339,11626632701897,11626634064452,11626634689032,11626634715643,11626635933829,11626638837991,61235,159048,11626638320394,
11-17 00:27:46.679 13653 13675 I System.out: 2 0,11626577912533,11626627912531,9223372036854775807,0,11626642443665,11626642444597,11626658518001,11626658576741,11626673317538,11626673510482,11626673564881,11626690982292,11626691948146,77887,271628,11626694464000,
11-17 00:27:46.679 13653 13675 I System.out: 3 0,11626644464703,11626677798035,9223372036854775807,0,11626678804785,11626678805588,11626683327436,11626685983778,11626686794012,11626692142491,11626692213644,11626692676450,11626713594234,18945243,178297,9223372034707292159,
11-17 00:27:46.679 13653 13675 I System.out: 4 0,11626677803979,11626694470645,9223372036854775807,0,11626696814349,11626696815438,11626703548661,11626703586380,11626704821151,11626713770200,11626713845455,11626720748492,11626730271744,9003290,219728,9223372032559808514,
11-17 00:27:46.679 13653 13675 I System.out: 5 0,11626711140166,11626711140166,9223372036854775807,0,11626715404144,11626715404742,11626716106342,11626716153019,11626716472508,11626730505165,11626730542318,11626732227564,11626746766248,14027759,137200,9223372034707292159,
11-17 00:27:46.694   244   282 W EmuHWC2 : validate: layer 391 CompositionType 1, fallback
11-17 00:27:46.695   244   282 W EmuHWC2 : No layers, exit, buffer 0xebf01b10
11-17 00:27:46.711   244   282 W EmuHWC2 : validate: layer 391 CompositionType 1, fallback
11-17 00:27:46.713   244   282 W EmuHWC2 : No layers, exit, buffer 0xebf00510
11-17 00:27:46.727   244   282 W EmuHWC2 : validate: layer 391 CompositionType 1, fallback
11-17 00:27:46.730   244   282 W EmuHWC2 : No layers, exit, buffer 0xebf01b10
11-17 00:27:46.745   244   282 W EmuHWC2 : validate: layer 391 CompositionType 1, fallback
11-17 00:27:46.748   244   282 W EmuHWC2 : No layers, exit, buffer 0xebf00510
11-17 00:27:46.760   244   282 W EmuHWC2 : validate: layer 391 CompositionType 1, fallback
11-17 00:27:46.763   244   282 W EmuHWC2 : No layers, exit, buffer 0xebf01b10
11-17 00:27:46.777   244   282 W EmuHWC2 : validate: layer 391 CompositionType 1, fallback
11-17 00:27:46.779   244   282 W EmuHWC2 : No layers, exit, buffer 0xebf00510
11-17 00:27:46.794   244   282 W EmuHWC2 : validate: layer 391 CompositionType 1, fallback
11-17 00:27:46.796   244   282 W EmuHWC2 : No layers, exit, buffer 0xebf01b10
11-17 00:27:46.810   244   282 W EmuHWC2 : validate: layer 391 CompositionType 1, fallback
11-17 00:27:46.813   244   282 W EmuHWC2 : No layers, exit, buffer 0xebf00510
11-17 00:27:46.827   244   282 W EmuHWC2 : validate: layer 391 CompositionType 1, fallback
11-17 00:27:46.830   244   282 W EmuHWC2 : No layers, exit, buffer 0xebf01b10
11-17 00:27:46.844   244   282 W EmuHWC2 : validate: layer 391 CompositionType 1, fallback
11-17 00:27:46.846   244   282 W EmuHWC2 : No layers, exit, buffer 0xebf00510
11-17 00:27:46.860   244   282 W EmuHWC2 : validate: layer 391 CompositionType 1, fallback
11-17 00:27:46.863   244   282 W EmuHWC2 : No layers, exit, buffer 0xebf01b10
11-17 00:27:46.877   244   282 W EmuHWC2 : validate: layer 391 CompositionType 1, fallback
11-17 00:27:46.878   244   282 W EmuHWC2 : No layers, exit, buffer 0xebf00510
11-17 00:27:46.893   244   282 W EmuHWC2 : validate: layer 391 CompositionType 1, fallback
11-17 00:27:46.895   244   282 W EmuHWC2 : No layers, exit, buffer 0xebf01b10
11-17 00:27:48.681 13653 13675 I PerfettoCapture: Stopping perfetto.
11-17 00:27:48.682 13639 15116 I System  : Process start: [su, root, kill, -TERM, 16415]
11-17 00:27:48.682 13639 15116 I System  : No redirects, no fds
11-17 00:27:48.701 16415 16415 I perfetto: perfetto_cmd.cc:858     SIGINT/SIGTERM received: disabling tracing.
11-17 00:27:48.702 13653 13675 D Benchmark: kill -TERM command output -
11-17 00:27:48.702 13639 15116 I System  : Process start: [su, root, ps, 16415]
11-17 00:27:48.702 13639 15116 I System  : No redirects, no fds
11-17 00:27:48.703   325   325 I perfetto: probes_producer.cc:329  Producer stop (id=232)
11-17 00:27:48.705   325   325 I perfetto: ftrace_procfs.cc:183    disabled ftrace
11-17 00:27:48.816 13653 13675 D Benchmark: Waiting 100 ms for [ProcessPid(processName=perfetto, pid=16415)] to die
11-17 00:27:48.818 13639 15116 I System  : Process start: [su, root, ps, 16415]
11-17 00:27:48.818 13639 15116 I System  : No redirects, no fds
11-17 00:27:48.945 13653 13675 D Benchmark: Waiting 100 ms for [ProcessPid(processName=perfetto, pid=16415)] to die
11-17 00:27:48.946 13639 15116 I System  : Process start: [su, root, ps, 16415]
11-17 00:27:48.946 13639 15116 I System  : No redirects, no fds
11-17 00:27:49.070   325   325 I perfetto: probes_producer.cc:329  Producer stop (id=233)
11-17 00:27:49.070   325   325 I perfetto: probes_producer.cc:329  Producer stop (id=234)
11-17 00:27:49.071 13653 13675 D Benchmark: Waiting 100 ms for [ProcessPid(processName=perfetto, pid=16415)] to die
11-17 00:27:49.071 13639 15116 I System  : Process start: [su, root, ps, 16415]
11-17 00:27:49.071 13639 15116 I System  : No redirects, no fds
11-17 00:27:49.074 16415 16415 I perfetto: perfetto_cmd.cc:807     Trace written into the output file
11-17 00:27:49.075   336   336 I perfetto: ng_service_impl.cc:1948 Tracing session 78 ended, total sessions:0
11-17 00:27:49.085 13653 13675 I PerfettoCapture: Writing to /storage/emulated/0/Android/media/com.example.android.wearable.composeadvanced.benchmark/StartupBenchmark_startup[compilation=BaselineProfile]_iter007_2022-11-16-21-27-48.perfetto-trace.
11-17 00:27:49.086 13639 15116 I System  : Process start: [su, root, mv, /data/misc/perfetto-traces/trace_output.pb, /storage/emulated/0/Android/media/com.example.android.wearable.composeadvanced.benchmark/StartupBenchmark_startup[compilation=BaselineProfile]_iter007_2022-11-16-21-27-48.perfetto-trace]
11-17 00:27:49.086 13639 15116 I System  : No redirects, no fds
11-17 00:27:49.099 13653 13675 D Benchmark: Copying /storage/emulated/0/Android/media/com.example.android.wearable.composeadvanced.benchmark/StartupBenchmark_startup[compilation=BaselineProfile]_iter007_2022-11-16-21-27-48.perfetto-trace to /sdcard/Android/media/com.example.android.wearable.composeadvanced.benchmark/additional_test_output/StartupBenchmark_startup[compilation=BaselineProfile]_iter007_2022-11-16-21-27-48.perfetto-trace
11-17 00:27:49.115 13639 15116 I System  : Process start: [su, root, /data/local/tmp/trace_processor_shell, --query-file, /storage/emulated/0/Android/media/com.example.android.wearable.composeadvanced.benchmark/trace_processor_query.sql, /sdcard/Android/media/com.example.android.wearable.composeadvanced.benchmark/additional_test_output/StartupBenchmark_startup[compilation=BaselineProfile]_iter007_2022-11-16-21-27-48.perfetto-trace]
11-17 00:27:49.115 13639 15116 I System  : No redirects, no fds
11-17 00:27:49.207 16506 16506 W perfetto: processor_shell.cc:1367 Trace loaded: 1.24 MB in 0.06s (19.2 MB/s)
11-17 00:27:49.210 16506 16506 W perfetto: _processor_shell.cc:619 Executing query: SELECT
11-17 00:27:49.210 16506 16506 W perfetto: slice.name as name,
11-17 00:27:49.210 16506 16506 W perfetto: slice.ts as ts,
11-17 00:27:49.210 16506 16506 W perfetto: slice.dur as dur
11-17 00:27:49.210 16506 16506 W perfetto: FROM slice
11-17 00:27:49.210 16506 16506 W perfetto: INNER JOIN thread_track on slice.track_id = thread_track.id
11-17 00:27:49.210 16506 16506 W perfetto: INNER JOIN thread USING(utid)
11-17 00:27:49.210 16506 16506 W perfetto: INNER JOIN process USING(upid)
11-17 00:27:49.210 16506 16506 W perfetto: WHERE (
11-17 00:27:49.210 16506 16506 W perfetto: ((process.name LIKE "com.example.android.wearable.composeadvanced.benchmark" OR process.name LIKE "com.example.android.wearable.composeadvanced.benchmark:%") AND slice.name LIKE "startActivityAndWait") OR
11-17 00:27:49.210 16506 16506 W perfetto: (
11-17 00:27:49.210 16506 16506 W perfetto: (process.name LIKE "com.example.android.wearable.composeadvanced" OR process.name LIKE "com.example.android.wearable.composeadvanced:%") AND (
11-17 00:27:49.210 16506 16506 W perfetto: (slice.name LIKE "activityResume" AND process.pid LIKE thread.tid) OR
11-17 00:27:49.210 16506 16506 W perfetto: (slice.name LIKE "Choreographer#doFrame%" AND process.pid LIKE thread.tid) OR
11-17 00:27:49.210 16506 16506 W perfetto: (slice.name LIKE "reportFullyDrawn() for %" AND process.pid LIKE thread.tid) OR
11-17 00:27:49.210 16506 16506 W perfetto: (slice.name LIKE "DrawFrame%" AND thread.name LIKE "RenderThread")
11-17 00:27:49.210 16506 16506 W perfetto: )
