11-17 00:26:49.171   605   895 D SysUI   : [AllLauncherAppsProvider]Done refreshing [17] apps
11-17 00:26:49.171   605   895 D SysUI   : [PrimesSysHealthLogger]Timer GLOBAL_LAUNCHER_INCREMENTAL_RELOAD_ALL_APPS_TIME took 7 ms
11-17 00:26:49.172   605   895 W SysUI   : [LauncherDefaultRecentsCombiner]Unable to get ActivityDisplayInfo for {com.fitbit.FitbitMobile/com.fitbit.today.TodayMainActivity} attempting to fetch from ResolveInfo
11-17 00:26:49.173  1260  4250 I MediaProvider: Deleted 1 items on external_primary due to com.example.android.wearable.composeadvanced.benchmark
11-17 00:26:49.173 13639 13651 I System  : Process start: [su, root, rm, /data/local/tmp/temporaryScript5849606961656437332.sh_stderr, /data/local/tmp/temporaryScript5849606961656437332.sh]
11-17 00:26:49.173 13639 13651 I System  : No redirects, no fds
11-17 00:26:49.175   605   895 W SysUI   : [LauncherDefaultRecentsCombiner]Unable to get ResolveInfo for {com.fitbit.FitbitMobile/com.fitbit.today.TodayMainActivity}, not able to add to default recents
11-17 00:26:49.176   713 13562 W GCM     : Unexpected forwarded intent: Intent { act=android.intent.action.PACKAGE_ADDED dat=package:com.example.android.wearable.composeadvanced flg=0x4000010 pkg=com.google.android.gms cmp=com.google.android.gms/.chimera.PersistentIntentOperationService (has extras) }
11-17 00:26:49.176   713 13565 W GCM     : Unexpected forwarded intent: Intent { act=android.intent.action.PACKAGE_ADDED dat=package:com.example.android.wearable.composeadvanced flg=0x4000010 pkg=com.google.android.gms cmp=com.google.android.gms/.chimera.PersistentIntentOperationService (has extras) }
11-17 00:26:49.178   605   895 W SysUI   : [LauncherDefaultRecentsCombiner]Unable to get ActivityDisplayInfo for {com.fitbit.FitbitMobile/com.fitbit.exercise.MainActivity} attempting to fetch from ResolveInfo
11-17 00:26:49.178   605   895 W SysUI   : [LauncherDefaultRecentsCombiner]Unable to get ResolveInfo for {com.fitbit.FitbitMobile/com.fitbit.exercise.MainActivity}, not able to add to default recents
11-17 00:26:49.179   605   895 W SysUI   : [LauncherDefaultRecentsCombiner]Unable to get ActivityDisplayInfo for {com.google.android.apps.youtube.music/com.google.android.apps.youtube.music.wear.WearMainActivity} attempting to fetch from ResolveInfo
11-17 00:26:49.180   605   895 W SysUI   : [LauncherDefaultRecentsCombiner]Unable to get ResolveInfo for {com.google.android.apps.youtube.music/com.google.android.apps.youtube.music.wear.WearMainActivity}, not able to add to default recents
11-17 00:26:49.180   605   895 W SysUI   : [LauncherDefaultRecentsCombiner]Unable to get ActivityDisplayInfo for {com.google.android.apps.messaging/com.google.android.apps.messaging.main.WearMainActivity} attempting to fetch from ResolveInfo
11-17 00:26:49.181   605   895 W SysUI   : [LauncherDefaultRecentsCombiner]Unable to get ResolveInfo for {com.google.android.apps.messaging/com.google.android.apps.messaging.main.WearMainActivity}, not able to add to default recents
11-17 00:26:49.182   605   895 W SysUI   : [LauncherDefaultRecentsCombiner]Unable to get ActivityDisplayInfo for {com.google.android.dialer/com.google.android.wearable.googledialer.launcher.impl.LauncherActivity} attempting to fetch from ResolveInfo
11-17 00:26:49.182   605   895 W SysUI   : [LauncherDefaultRecentsCombiner]Unable to get ResolveInfo for {com.google.android.dialer/com.google.android.wearable.googledialer.launcher.impl.LauncherActivity}, not able to add to default recents
11-17 00:26:49.182  1205 13541 D WCS     : [WearableDLS]onDataChanged: com.google.android.gms.wearable.DataEventBuffer@92859b0
11-17 00:26:49.182  1205 13541 D WCS     : [WearableHost]onDataChanged: DataItemRef{ uri=wear://6a4097b1/protogensettings/accessibility/talkback_present/6a4097b1, dataSz=11, numAssets=0 } with tag: protogensettings to no dataListeners
11-17 00:26:49.182   605   895 W SysUI   : [LauncherDefaultRecentsCombiner]Unable to get ActivityDisplayInfo for {com.google.android.apps.safetyhub/com.google.android.wearable.safety.application.MainActivity} attempting to fetch from ResolveInfo
11-17 00:26:49.182  1205 13541 D WCS     : [WcsGmsListenerService]onDataChanged: wear://6a4097b1/protogensettings/accessibility/talkback_present/6a4097b1, feature protogensettings
11-17 00:26:49.183   605   895 W SysUI   : [LauncherDefaultRecentsCombiner]Unable to get ResolveInfo for {com.google.android.apps.safetyhub/com.google.android.wearable.safety.application.MainActivity}, not able to add to default recents
11-17 00:26:49.183   605   895 W SysUI   : [LauncherDefaultRecentsCombiner]Unable to get ActivityDisplayInfo for {com.google.android.apps.maps/com.google.android.apps.gmmwearable.MainActivity} attempting to fetch from ResolveInfo
11-17 00:26:49.183   605   895 W SysUI   : [LauncherDefaultRecentsCombiner]Unable to get ResolveInfo for {com.google.android.apps.maps/com.google.android.apps.gmmwearable.MainActivity}, not able to add to default recents
11-17 00:26:49.183   605   895 D SysUI   : [LauncherDefaultRecentsCombiner]Have to merge with 1 default apps
11-17 00:26:49.184  2571  2644 I Finsky  : [238] dyk.a(45): AIM: ItemModel fetch - unauth(1), auth()
11-17 00:26:49.184   605   851 D SysUI   : [PrimesSysHealthLogger]Timer GLOBAL_LAUNCHER_MERGE_ONGOING_ACTIVITIES_TIME took 1 ms
11-17 00:26:49.190 13653 13675 D Benchmark: Deleting /data/local/tmp/com.example.android.wearable.composeadvanced-1668634008504.apk
11-17 00:26:49.190 13639 13651 I System  : Process start: [su, root, rm, /data/local/tmp/com.example.android.wearable.composeadvanced-1668634008504.apk]
11-17 00:26:49.190 13639 13651 I System  : No redirects, no fds
11-17 00:26:49.193  1205 13546 D WCS     : [InstalledAppsHandler]Data item for package com.example.android.wearable.composeadvanced written successfully.
11-17 00:26:49.195  1205 13541 D WCS     : [WearableDLS]onDataChanged: com.google.android.gms.wearable.DataEventBuffer@d58d14f
11-17 00:26:49.195  1205 13541 D WCS     : [WearableHost]onDataChanged: DataItemRef{ uri=wear://6a4097b1/installed_apps/data/installed_apps/com.example.android.wearable.composeadvanced, dataSz=76, numAssets=1 } with tag: installed_apps to no dataListeners
11-17 00:26:49.195  1205 13541 D WCS     : [WcsGmsListenerService]onDataChanged: wear://6a4097b1/installed_apps/data/installed_apps/com.example.android.wearable.composeadvanced, feature installed_apps
11-17 00:26:49.199 13653 13675 D Benchmark: Profile Installation Skip File Operation: WRITE_SKIP_FILE
11-17 00:26:49.199 13639 13651 I System  : Process start: [su, root, am, broadcast, -a, androidx.profileinstaller.action.SKIP_FILE, -e, EXTRA_SKIP_FILE_OPERATION, WRITE_SKIP_FILE, com.example.android.wearable.composeadvanced/androidx.profileinstaller.ProfileInstallReceiver]
11-17 00:26:49.199 13639 13651 I System  : No redirects, no fds
11-17 00:26:49.213   225   225 D Zygote  : Forked child process 13806
11-17 00:26:49.217 13806 13806 W composeadvance: Unexpected CPU variant for X86 using defaults: x86
11-17 00:26:49.219   307   318 I adbd    : jdwp connection from 13806
11-17 00:26:49.226 13806 13806 I composeadvance: The ClassLoaderContext is a special shared library.
11-17 00:26:49.241 13806 13806 D NetworkSecurityConfig: No Network Security Config specified, using platform default
11-17 00:26:49.242 13806 13806 D NetworkSecurityConfig: No Network Security Config specified, using platform default
11-17 00:26:49.245 13806 13806 D ProfileInstaller: RESULT_INSTALL_SKIP_FILE_SUCCESS
11-17 00:26:49.246 13803 13805 I cmd     : oneway function results will be dropped but finished with status OK and parcel size 4
11-17 00:26:49.247 13653 13675 D Benchmark: Killing process com.example.android.wearable.composeadvanced
11-17 00:26:49.247 13639 13651 I System  : Process start: [su, root, am, force-stop, com.example.android.wearable.composeadvanced]
11-17 00:26:49.247 13639 13651 I System  : No redirects, no fds
11-17 00:26:49.258 13831 13833 I cmd     : oneway function results will be dropped but finished with status OK and parcel size 4
11-17 00:26:49.259   861   861 D CarrierSvcBindHelper: No carrier app for: 0
11-17 00:26:49.261 13653 13675 D Benchmark: Killing process com.example.android.wearable.composeadvanced
11-17 00:26:49.262 13639 13651 I System  : Process start: [am, force-stop, com.example.android.wearable.composeadvanced]
11-17 00:26:49.262 13639 13651 I System  : No redirects, no fds
11-17 00:26:49.262   225   225 I Zygote  : Process 13806 exited due to signal 9 (Killed)
11-17 00:26:49.271   861   861 D CarrierSvcBindHelper: No carrier app for: 0
11-17 00:26:49.275 13639 13651 I System  : Process start: [su, root, cp, /storage/emulated/0/Android/media/com.example.android.wearable.composeadvanced.benchmark/temporaryScript6289101872771695532.sh, /data/local/tmp/temporaryScript6289101872771695532.sh]
11-17 00:26:49.275 13639 13651 I System  : No redirects, no fds
11-17 00:26:49.283 13639 13651 I System  : Process start: [su, root, chmod, +x, /data/local/tmp/temporaryScript6289101872771695532.sh]
11-17 00:26:49.283 13639 13651 I System  : No redirects, no fds
11-17 00:26:49.290 13639 13651 I System  : Process start: [su, root, /data/local/tmp/temporaryScript6289101872771695532.sh]
11-17 00:26:49.290 13639 13651 I System  : No redirects, no fds
11-17 00:26:49.303   442   470 I libprocessgroup: Successfully killed process cgroup uid 10079 pid 13806 in 43ms
11-17 00:26:49.335  1260  1366 I MediaProvider: Deleted 1 items on external_primary due to com.example.android.wearable.composeadvanced.benchmark
11-17 00:26:49.336 13639 13651 I System  : Process start: [su, root, rm, /data/local/tmp/temporaryScript6289101872771695532.sh]
11-17 00:26:49.336 13639 13651 I System  : No redirects, no fds
11-17 00:26:49.347 13653 13675 D PerfettoCapture: Supported ABIs: x86, armeabi-v7a, armeabi
11-17 00:26:49.347 13653 13675 D PerfettoCapture: Recording perfetto trace
11-17 00:26:49.364 13653 13675 I PerfettoCapture: Cleanup perfetto before starting.
11-17 00:26:49.364 13639 13651 I System  : Process start: [su, root, pgrep, -l, -f, perfetto]
11-17 00:26:49.364 13639 13651 I System  : No redirects, no fds
11-17 00:26:49.378 13639 13651 I System  : Process start: [su, root, pgrep, -l, -f, tracebox]
11-17 00:26:49.378 13639 13651 I System  : No redirects, no fds
11-17 00:26:49.391 13639 13651 I System  : Process start: [su, root, rm, /data/misc/perfetto-traces/trace_output.pb]
11-17 00:26:49.391 13639 13651 I System  : No redirects, no fds
11-17 00:26:49.399 13653 13675 I PerfettoCapture: Perfetto output file cleanup -
11-17 00:26:49.399 13653 13675 I PerfettoCapture: Starting perfetto tracing with cmd: cat /storage/emulated/0/Android/media/com.example.android.wearable.composeadvanced.benchmark/trace_config.pb | perfetto --background -c - -o /data/misc/perfetto-traces/trace_output.pb
11-17 00:26:49.403 13639 13651 I System  : Process start: [su, root, cp, /storage/emulated/0/Android/media/com.example.android.wearable.composeadvanced.benchmark/temporaryScript6157711041760663233.sh, /data/local/tmp/temporaryScript6157711041760663233.sh]
11-17 00:26:49.403 13639 13651 I System  : No redirects, no fds
11-17 00:26:49.411 13639 13651 I System  : Process start: [su, root, chmod, +x, /data/local/tmp/temporaryScript6157711041760663233.sh]
11-17 00:26:49.411 13639 13651 I System  : No redirects, no fds
11-17 00:26:49.418 13639 13651 I System  : Process start: [su, root, /data/local/tmp/temporaryScript6157711041760663233.sh]
11-17 00:26:49.418 13639 13651 I System  : No redirects, no fds
11-17 00:26:49.429 13873 13873 I perfetto: perfetto_cmd.cc:711     Connected to the Perfetto traced service, starting tracing
11-17 00:26:49.430   336   336 I perfetto: ing_service_impl.cc:758 Configured tracing session 61, #sources:4, duration:0 ms, #buffers:2, total buffer size:36864 KB, total sessions:1, uid:0 session name: ""
11-17 00:26:49.430   325   325 I perfetto: probes_producer.cc:230  Ftrace setup (target_buf=121)
11-17 00:26:49.430  1260  4251 I MediaProvider: Deleted 1 items on external_primary due to com.example.android.wearable.composeadvanced.benchmark
11-17 00:26:49.431 13639 13651 I System  : Process start: [su, root, rm, /data/local/tmp/temporaryScript6157711041760663233.sh]
11-17 00:26:49.431 13639 13651 I System  : No redirects, no fds
11-17 00:26:49.438 13653 13675 I PerfettoCapture: Perfetto output - 13873
11-17 00:26:49.438 13653 13675 I PerfettoCapture: EXITCODE=0
11-17 00:26:49.439 13639 13700 I System  : Process start: [su, root, ps, 13873]
11-17 00:26:49.439 13639 13700 I System  : No redirects, no fds
11-17 00:26:49.445  2571  2631 E Finsky  : [228] hmx.a(16): ItemStore: getItems RPC failed.
11-17 00:26:49.452 13653 13675 I PerfettoCapture: Perfetto tracing started successfully with pid 13873.
11-17 00:26:49.452 13639 13700 I System  : Process start: [su, root, ls, /sys/kernel/tracing/tracing_on]
11-17 00:26:49.452 13639 13700 I System  : No redirects, no fds
11-17 00:26:49.460 13639 13700 I System  : Process start: [su, root, cat, /sys/kernel/tracing/tracing_on]
11-17 00:26:49.460 13639 13700 I System  : No redirects, no fds
11-17 00:26:49.475   325   325 I perfetto: ftrace_procfs.cc:176    enabled ftrace
11-17 00:26:49.568 13639 13700 I System  : Process start: [su, root, cat, /sys/kernel/tracing/tracing_on]
11-17 00:26:49.568 13639 13700 I System  : No redirects, no fds
11-17 00:26:49.575 13653 13675 I PerfettoCapture: /sys/kernel/tracing/tracing_on = 1, polled 1 times, capture fully started
11-17 00:26:49.579  1260  4252 I MediaProvider: Deleted 1 items on external_primary due to com.example.android.wearable.composeadvanced.benchmark
11-17 00:26:49.581 13639 13700 I System  : Process start: [su, root, pgrep, -l, -f, com.example.android.wearable.composeadvanced]
11-17 00:26:49.581 13639 13700 I System  : No redirects, no fds
11-17 00:26:49.593 13653 13675 D Benchmark: Starting activity with command: am start -W "intent:#Intent;action=android.intent.action.MAIN;category=android.intent.category.LAUNCHER;launchFlags=0x10008000;package=com.example.android.wearable.composeadvanced;component=com.example.android.wearable.composeadvanced/.presentation.MainActivity;end"
11-17 00:26:49.597 13639 13700 I System  : Process start: [su, root, cp, /storage/emulated/0/Android/media/com.example.android.wearable.composeadvanced.benchmark/temporaryScript7319414765907173187.sh, /data/local/tmp/temporaryScript7319414765907173187.sh]
11-17 00:26:49.597 13639 13700 I System  : No redirects, no fds
11-17 00:26:49.605 13639 13700 I System  : Process start: [su, root, chmod, +x, /data/local/tmp/temporaryScript7319414765907173187.sh]
11-17 00:26:49.605 13639 13700 I System  : No redirects, no fds
11-17 00:26:49.612 13639 13700 I System  : Process start: [su, root, /data/local/tmp/temporaryScript7319414765907173187.sh]
11-17 00:26:49.612 13639 13700 I System  : No redirects, no fds
11-17 00:26:49.634   225   225 D Zygote  : Forked child process 13906
11-17 00:26:49.646   243  4390 D goldfish-address-space: claimShared: Ask to claim region [0x3fcb0c000 0x3fcbd6000]
11-17 00:26:49.662 13906 13906 W composeadvance: Unexpected CPU variant for X86 using defaults: x86
11-17 00:26:49.664   307   318 I adbd    : jdwp connection from 13906
11-17 00:26:49.668   442  1301 W InputReader: Device virtio_input_multi_touch_6 is associated with display ADISPLAY_ID_NONE.
11-17 00:26:49.668   442  1301 W InputReader: Device virtio_input_multi_touch_3 is associated with display ADISPLAY_ID_NONE.
11-17 00:26:49.669   442  1301 W InputReader: Device virtio_input_multi_touch_10 is associated with display ADISPLAY_ID_NONE.
11-17 00:26:49.669   442  1301 W InputReader: Device virtio_input_multi_touch_4 is associated with display ADISPLAY_ID_NONE.
11-17 00:26:49.669   442  1301 W InputReader: Device virtio_input_multi_touch_11 is associated with display ADISPLAY_ID_NONE.
11-17 00:26:49.669   442  1301 W InputReader: Device virtio_input_multi_touch_5 is associated with display ADISPLAY_ID_NONE.
11-17 00:26:49.669   442  1301 W InputReader: Device virtio_input_multi_touch_2 is associated with display ADISPLAY_ID_NONE.
11-17 00:26:49.669   442  1301 W InputReader: Device virtio_input_multi_touch_8 is associated with display ADISPLAY_ID_NONE.
11-17 00:26:49.669   442  1301 W InputReader: Device virtio_input_multi_touch_9 is associated with display ADISPLAY_ID_NONE.
11-17 00:26:49.669   442  1301 W InputReader: Device virtio_input_multi_touch_7 is associated with display ADISPLAY_ID_NONE.
11-17 00:26:49.669   442  1301 W InputReader: Device virtio_input_multi_touch_6 is associated with display ADISPLAY_ID_NONE.
11-17 00:26:49.669   442  1301 W InputReader: Device virtio_input_multi_touch_3 is associated with display ADISPLAY_ID_NONE.
11-17 00:26:49.669   442  1301 W InputReader: Device virtio_input_multi_touch_10 is associated with display ADISPLAY_ID_NONE.
11-17 00:26:49.669   442  1301 W InputReader: Device virtio_input_multi_touch_4 is associated with display ADISPLAY_ID_NONE.
11-17 00:26:49.669   442  1301 W InputReader: Device virtio_input_multi_touch_11 is associated with display ADISPLAY_ID_NONE.
11-17 00:26:49.669   442  1301 W InputReader: Device virtio_input_multi_touch_5 is associated with display ADISPLAY_ID_NONE.
11-17 00:26:49.669   442  1301 W InputReader: Device virtio_input_multi_touch_2 is associated with display ADISPLAY_ID_NONE.
11-17 00:26:49.669   442  1301 W InputReader: Device virtio_input_multi_touch_8 is associated with display ADISPLAY_ID_NONE.
11-17 00:26:49.669   442  1301 W InputReader: Device virtio_input_multi_touch_9 is associated with display ADISPLAY_ID_NONE.
11-17 00:26:49.669   442  1301 W InputReader: Device virtio_input_multi_touch_7 is associated with display ADISPLAY_ID_NONE.
11-17 00:26:49.675 13906 13906 I composeadvance: The ClassLoaderContext is a special shared library.
11-17 00:26:49.689 13906 13906 D NetworkSecurityConfig: No Network Security Config specified, using platform default
11-17 00:26:49.689 13906 13906 D NetworkSecurityConfig: No Network Security Config specified, using platform default
11-17 00:26:49.693   244   326 W EmuHWC2 : validate: layer 305 CompositionType 1, fallback
11-17 00:26:49.695   244   326 W EmuHWC2 : No layers, exit, buffer 0xebf01b10
11-17 00:26:49.695 13906 13930 D libEGL  : loaded /vendor/lib/egl/libEGL_emulation.so
11-17 00:26:49.696 13906 13930 D libEGL  : loaded /vendor/lib/egl/libGLESv1_CM_emulation.so
11-17 00:26:49.698 13906 13930 D libEGL  : loaded /vendor/lib/egl/libGLESv2_emulation.so
11-17 00:26:49.710   244   326 W EmuHWC2 : validate: layer 306 CompositionType 1, fallback
11-17 00:26:49.711   244   326 W EmuHWC2 : No layers, exit, buffer 0xebf00510
11-17 00:26:49.727   244   326 W EmuHWC2 : validate: layer 306 CompositionType 1, fallback
11-17 00:26:49.728   244   326 W EmuHWC2 : No layers, exit, buffer 0xebf01b10
11-17 00:26:49.733   605   895 W SysUI   : [RecentTasksLauncherRepo]getRecentApps matched with a Launcher Activity in the task TaskInfo{userId=0 stackId=48 taskId=48 displayId=0 isRunning=true baseIntent=Intent { act=android.intent.action.MAIN cat=[android.intent.category.LAUNCHER] flg=0x10008000 pkg=com.example.android.wearable.composeadvanced cmp=com.example.android.wearable.composeadvanced/.presentation.MainActivity } baseActivity=ComponentInfo{com.example.android.wearable.composeadvanced/com.example.android.wearable.composeadvanced.presentation.MainActivity} topActivity=ComponentInfo{com.example.android.wearable.composeadvanced/com.example.android.wearable.composeadvanced.presentation.MainActivity} origActivity=null realActivity=ComponentInfo{com.example.android.wearable.composeadvanced/com.example.android.wearable.composeadvanced.presentation.MainActivity} numActivities=1 lastActiveTime=11569713 supportsSplitScreenMultiWindow=false resizeMode=1 isResizeable=true token=android.window.WindowContainerToken@6bfa6ec topActivityType=1 pictureInPictureParams=null topActivityInfo=ActivityInfo{afe2ab5 com.example.android.wearable.composeadvanced.presentation.MainActivity} == ActivityLauncherApp{label=Compose Advanced, recent=false, timeLastUsedMs=0, info=android.content.pm.LauncherActivityInfo@c39854a, iconSupplier=cql@c567cbb}
11-17 00:26:49.733   605   895 E SysUI   : [RecentTaskLauncherApp]Couldn't resolve any Activity for task TaskInfo{userId=0 stackId=14 taskId=14 displayId=0 isRunning=true baseIntent=Intent { act=android.intent.action.MAIN cat=[android.intent.category.LAUNCHER] flg=0x10100000 cmp=com.example.wearoscomposecodelab/androidx.compose.ui.tooling.PreviewActivity } baseActivity=ComponentInfo{com.example.wearoscomposecodelab/androidx.compose.ui.tooling.PreviewActivity} topActivity=ComponentInfo{com.example.wearoscomposecodelab/androidx.compose.ui.tooling.PreviewActivity} origActivity=null realActivity=ComponentInfo{com.example.wearoscomposecodelab/androidx.compose.ui.tooling.PreviewActivity} numActivities=1 lastActiveTime=11569712 supportsSplitScreenMultiWindow=false resizeMode=1 isResizeable=true token=android.window.WindowContainerToken@f156ce6 topActivityType=1 pictureInPictureParams=null topActivityInfo=ActivityInfo{e7645d8 androidx.compose.ui.tooling.PreviewActivity}
11-17 00:26:49.733   605   895 W SysUI   : [RecentTasksLauncherRepo]getRecentApps matched task with the only Launcher in the package TaskInfo{userId=0 stackId=14 taskId=14 displayId=0 isRunning=true baseIntent=Intent { act=android.intent.action.MAIN cat=[android.intent.category.LAUNCHER] flg=0x10100000 cmp=com.example.wearoscomposecodelab/androidx.compose.ui.tooling.PreviewActivity } baseActivity=ComponentInfo{com.example.wearoscomposecodelab/androidx.compose.ui.tooling.PreviewActivity} topActivity=ComponentInfo{com.example.wearoscomposecodelab/androidx.compose.ui.tooling.PreviewActivity} origActivity=null realActivity=ComponentInfo{com.example.wearoscomposecodelab/androidx.compose.ui.tooling.PreviewActivity} numActivities=1 lastActiveTime=11569712 supportsSplitScreenMultiWindow=false resizeMode=1 isResizeable=true token=android.window.WindowContainerToken@f156ce6 topActivityType=1 pictureInPictureParams=null topActivityInfo=ActivityInfo{e7645d8 androidx.compose.ui.tooling.PreviewActivity} == ActivityLauncherApp{label=My Application, recent=false, timeLastUsedMs=0, info=android.content.pm.LauncherActivityInfo@8db7c02, iconSupplier=cql@c89913}
11-17 00:26:49.733   605   895 E SysUI   : [RecentTaskLauncherApp]Couldn't resolve any Activity for task TaskInfo{userId=0 stackId=47 taskId=47 displayId=-1 isRunning=false baseIntent=Intent { act=android.intent.action.MAIN cat=[android.intent.category.LAUNCHER] flg=0x10000000 cmp=com.example.android.wearable.composeadvanced.test/androidx.test.core.app.InstrumentationActivityInvoker$EmptyActivity } baseActivity=null topActivity=null origActivity=null realActivity=ComponentInfo{com.example.android.wearable.composeadvanced.test/androidx.test.core.app.InstrumentationActivityInvoker$EmptyActivity} numActivities=0 lastActiveTime=11083539 supportsSplitScreenMultiWindow=false resizeMode=1 isResizeable=true token=android.window.WindowContainerToken@3ec9b18 topActivityType=1 pictureInPictureParams=null topActivityInfo=null
11-17 00:26:49.733   605   895 W SysUI   : [RecentTasksLauncherRepo]Using explicit label and icon from base Activity ComponentInfo{com.example.android.wearable.composeadvanced.test/androidx.test.core.app.InstrumentationActivityInvoker$EmptyActivity}
11-17 00:26:49.734   605   895 D SysUI   : [PrimesSysHealthLogger]Timer GLOBAL_LAUNCHER_LOAD_RECENT_TASKS_TIME took 2 ms
11-17 00:26:49.734   605   895 W SysUI   : [LauncherDefaultRecentsCombiner]Unable to get ActivityDisplayInfo for {com.fitbit.FitbitMobile/com.fitbit.today.TodayMainActivity} attempting to fetch from ResolveInfo
11-17 00:26:49.734   605   895 W SysUI   : [LauncherDefaultRecentsCombiner]Unable to get ResolveInfo for {com.fitbit.FitbitMobile/com.fitbit.today.TodayMainActivity}, not able to add to default recents
11-17 00:26:49.734   605   895 W SysUI   : [LauncherDefaultRecentsCombiner]Unable to get ActivityDisplayInfo for {com.fitbit.FitbitMobile/com.fitbit.exercise.MainActivity} attempting to fetch from ResolveInfo
11-17 00:26:49.734   605   895 W SysUI   : [LauncherDefaultRecentsCombiner]Unable to get ResolveInfo for {com.fitbit.FitbitMobile/com.fitbit.exercise.MainActivity}, not able to add to default recents
11-17 00:26:49.734   605   895 W SysUI   : [LauncherDefaultRecentsCombiner]Unable to get ActivityDisplayInfo for {com.google.android.apps.youtube.music/com.google.android.apps.youtube.music.wear.WearMainActivity} attempting to fetch from ResolveInfo
11-17 00:26:49.734   605   895 W SysUI   : [LauncherDefaultRecentsCombiner]Unable to get ResolveInfo for {com.google.android.apps.youtube.music/com.google.android.apps.youtube.music.wear.WearMainActivity}, not able to add to default recents
11-17 00:26:49.734   605   895 W SysUI   : [LauncherDefaultRecentsCombiner]Unable to get ActivityDisplayInfo for {com.google.android.apps.messaging/com.google.android.apps.messaging.main.WearMainActivity} attempting to fetch from ResolveInfo
11-17 00:26:49.734   605   895 W SysUI   : [LauncherDefaultRecentsCombiner]Unable to get ResolveInfo for {com.google.android.apps.messaging/com.google.android.apps.messaging.main.WearMainActivity}, not able to add to default recents
11-17 00:26:49.734   605   895 W SysUI   : [LauncherDefaultRecentsCombiner]Unable to get ActivityDisplayInfo for {com.google.android.dialer/com.google.android.wearable.googledialer.launcher.impl.LauncherActivity} attempting to fetch from ResolveInfo
11-17 00:26:49.735   605   895 W SysUI   : [LauncherDefaultRecentsCombiner]Unable to get ResolveInfo for {com.google.android.dialer/com.google.android.wearable.googledialer.launcher.impl.LauncherActivity}, not able to add to default recents
11-17 00:26:49.735   605   895 W SysUI   : [LauncherDefaultRecentsCombiner]Unable to get ActivityDisplayInfo for {com.google.android.apps.safetyhub/com.google.android.wearable.safety.application.MainActivity} attempting to fetch from ResolveInfo
11-17 00:26:49.735   605   895 W SysUI   : [LauncherDefaultRecentsCombiner]Unable to get ResolveInfo for {com.google.android.apps.safetyhub/com.google.android.wearable.safety.application.MainActivity}, not able to add to default recents
11-17 00:26:49.735   605   895 W SysUI   : [LauncherDefaultRecentsCombiner]Unable to get ActivityDisplayInfo for {com.google.android.apps.maps/com.google.android.apps.gmmwearable.MainActivity} attempting to fetch from ResolveInfo
11-17 00:26:49.735   605   895 W SysUI   : [LauncherDefaultRecentsCombiner]Unable to get ResolveInfo for {com.google.android.apps.maps/com.google.android.apps.gmmwearable.MainActivity}, not able to add to default recents
11-17 00:26:49.735   605   895 D SysUI   : [LauncherDefaultRecentsCombiner]Have to merge with 1 default apps
11-17 00:26:49.735   605   851 D SysUI   : [PrimesSysHealthLogger]Timer GLOBAL_LAUNCHER_MERGE_ONGOING_ACTIVITIES_TIME took 0 ms
11-17 00:26:49.743   244   326 W EmuHWC2 : validate: layer 306 CompositionType 1, fallback
11-17 00:26:49.745   244   326 W EmuHWC2 : No layers, exit, buffer 0xebf00510
11-17 00:26:49.755 13906 13928 D HostConnection: HostConnection::get() New Host Connection established 0xebe65d90, tid 13928
11-17 00:26:49.760   244   326 W EmuHWC2 : validate: layer 306 CompositionType 1, fallback
11-17 00:26:49.761 13906 13928 D HostConnection: HostComposition ext ANDROID_EMU_CHECKSUM_HELPER_v1 ANDROID_EMU_native_sync_v2 ANDROID_EMU_native_sync_v3 ANDROID_EMU_native_sync_v4 ANDROID_EMU_dma_v1 ANDROID_EMU_direct_mem ANDROID_EMU_host_composition_v1 ANDROID_EMU_host_composition_v2 ANDROID_EMU_vulkan ANDROID_EMU_deferred_vulkan_commands ANDROID_EMU_vulkan_null_optional_strings ANDROID_EMU_vulkan_create_resources_with_requirements ANDROID_EMU_YUV_Cache ANDROID_EMU_vulkan_ignored_handles ANDROID_EMU_has_shared_slots_host_memory_allocator ANDROID_EMU_vulkan_free_memory_sync ANDROID_EMU_vulkan_shader_float16_int8 ANDROID_EMU_vulkan_async_queue_submit ANDROID_EMU_sync_buffer_data ANDROID_EMU_vulkan_async_qsri ANDROID_EMU_read_color_buffer_dma GL_OES_EGL_image_external_essl3 GL_OES_vertex_array_object GL_KHR_texture_compression_astc_ldr ANDROID_EMU_host_side_tracing ANDROID_EMU_gles_max_version_3_0
11-17 00:26:49.761   244   326 W EmuHWC2 : No layers, exit, buffer 0xebf01b10
11-17 00:26:49.762   159   159 I hwservicemanager: getTransport: Cannot find entry android.hardware.configstore@1.0::ISurfaceFlingerConfigs/default in either framework or device manifest.
11-17 00:26:49.762 13906 13928 W OpenGLRenderer: Failed to choose config with EGL_SWAP_BEHAVIOR_PRESERVED, retrying without...
11-17 00:26:49.763 13906 13928 D EGL_emulation: eglCreateContext: 0xebe65770: maj 3 min 0 rcv 3
11-17 00:26:49.764 13906 13928 D EGL_emulation: eglMakeCurrent: 0xebe65770: ver 3 0 (tinfo 0xec198970) (first time)
11-17 00:26:49.767   243  4390 D goldfish-address-space: claimShared: Ask to claim region [0x3fcca0000 0x3fcd6a000]
11-17 00:26:49.768   159   159 I hwservicemanager: getTransport: Cannot find entry android.hardware.graphics.mapper@4.0::IMapper/default in either framework or device manifest.
11-17 00:26:49.768 13906 13928 I Gralloc4: mapper 4.x is not supported
11-17 00:26:49.768 13906 13928 D HostConnection: createUnique: call
11-17 00:26:49.768 13906 13928 D HostConnection: HostConnection::get() New Host Connection established 0xebe65540, tid 13928
11-17 00:26:49.768 13906 13928 D goldfish-address-space: allocate: Ask for block of size 0x100
11-17 00:26:49.768 13906 13928 D goldfish-address-space: allocate: ioctl allocate returned offset 0x3fbffe000 size 0x2000
11-17 00:26:49.784   244   326 W EmuHWC2 : validate: layer 306 CompositionType 1, fallback
11-17 00:26:49.785   244   326 W EmuHWC2 : No layers, exit, buffer 0xebf00510
11-17 00:26:49.790 13906 13928 D HostConnection: HostComposition ext ANDROID_EMU_CHECKSUM_HELPER_v1 ANDROID_EMU_native_sync_v2 ANDROID_EMU_native_sync_v3 ANDROID_EMU_native_sync_v4 ANDROID_EMU_dma_v1 ANDROID_EMU_direct_mem ANDROID_EMU_host_composition_v1 ANDROID_EMU_host_composition_v2 ANDROID_EMU_vulkan ANDROID_EMU_deferred_vulkan_commands ANDROID_EMU_vulkan_null_optional_strings ANDROID_EMU_vulkan_create_resources_with_requirements ANDROID_EMU_YUV_Cache ANDROID_EMU_vulkan_ignored_handles ANDROID_EMU_has_shared_slots_host_memory_allocator ANDROID_EMU_vulkan_free_memory_sync ANDROID_EMU_vulkan_shader_float16_int8 ANDROID_EMU_vulkan_async_queue_submit ANDROID_EMU_sync_buffer_data ANDROID_EMU_vulkan_async_qsri ANDROID_EMU_read_color_buffer_dma GL_OES_EGL_image_external_essl3 GL_OES_vertex_array_object GL_KHR_texture_compression_astc_ldr ANDROID_EMU_host_side_tracing ANDROID_EMU_gles_max_version_3_0
11-17 00:26:49.793   244   326 W EmuHWC2 : validate: layer 306 CompositionType 1, fallback
11-17 00:26:49.795   244   326 W EmuHWC2 : No layers, exit, buffer 0xebf01b10
11-17 00:26:49.809   243  4390 D goldfish-address-space: claimShared: Ask to claim region [0x3fdc68000 0x3fdd32000]
11-17 00:26:49.810   244   326 W EmuHWC2 : validate: layer 306 CompositionType 1, fallback
11-17 00:26:49.810   243  4390 D goldfish-address-space: claimShared: Ask to claim region [0x3fdd32000 0x3fddfc000]
11-17 00:26:49.811   244   326 W EmuHWC2 : No layers, exit, buffer 0xebf00510
11-17 00:26:49.827   442   467 D ArtManagerInternalImpl: /data/misc/iorapd/com.example.android.wearable.composeadvanced/1/com.example.android.wearable.composeadvanced.presentation.MainActivity/compiled_traces/compiled_trace.pb doesn't exist
11-17 00:26:49.827   244   326 W EmuHWC2 : validate: layer 306 CompositionType 1, fallback
11-17 00:26:49.827   442   467 I ActivityTaskManager: Displayed com.example.android.wearable.composeadvanced/.presentation.MainActivity: +196ms
11-17 00:26:49.828   244   326 W EmuHWC2 : No layers, exit, buffer 0xebf01b10
11-17 00:26:49.832 13639 13700 I System  : Process start: [su, root, cat, /data/local/tmp/temporaryScript7319414765907173187.sh_stderr]
11-17 00:26:49.833 13639 13700 I System  : No redirects, no fds
11-17 00:26:49.844   244   326 W EmuHWC2 : validate: layer 306 CompositionType 1, fallback
11-17 00:26:49.845   244   326 W EmuHWC2 : No layers, exit, buffer 0xebf00510
11-17 00:26:49.856  1260  4251 I MediaProvider: Deleted 1 items on external_primary due to com.example.android.wearable.composeadvanced.benchmark
11-17 00:26:49.858 13639 13695 I System  : Process start: [su, root, rm, /data/local/tmp/temporaryScript7319414765907173187.sh_stderr, /data/local/tmp/temporaryScript7319414765907173187.sh]
11-17 00:26:49.858 13639 13695 I System  : No redirects, no fds
11-17 00:26:49.860   244   326 W EmuHWC2 : validate: layer 306 CompositionType 1, fallback
11-17 00:26:49.861   244   326 W EmuHWC2 : No layers, exit, buffer 0xebf01b10
11-17 00:26:49.871 13653 13675 D Benchmark: Result: Starting: Intent { act=android.intent.action.MAIN cat=[android.intent.category.LAUNCHER] flg=0x10008000 pkg=com.example.android.wearable.composeadvanced cmp=com.example.android.wearable.composeadvanced/.presentation.MainActivity }
11-17 00:26:49.871 13653 13675 D Benchmark: Status: ok
11-17 00:26:49.871 13653 13675 D Benchmark: LaunchState: COLD
11-17 00:26:49.871 13653 13675 D Benchmark: Activity: com.example.android.wearable.composeadvanced/.presentation.MainActivity
11-17 00:26:49.871 13653 13675 D Benchmark: TotalTime: 196
11-17 00:26:49.871 13653 13675 D Benchmark: WaitTime: 197
11-17 00:26:49.871 13653 13675 D Benchmark: Complete
11-17 00:26:49.871 13639 13695 I System  : Process start: [su, root, pgrep, -l, -f, com.example.android.wearable.composeadvanced]
11-17 00:26:49.871 13639 13695 I System  : No redirects, no fds
11-17 00:26:49.876   244   326 W EmuHWC2 : validate: layer 306 CompositionType 1, fallback
11-17 00:26:49.878   244   326 W EmuHWC2 : No layers, exit, buffer 0xebf00510
11-17 00:26:49.893   244   326 W EmuHWC2 : validate: layer 306 CompositionType 1, fallback
11-17 00:26:49.895   244   326 W EmuHWC2 : No layers, exit, buffer 0xebf01b10
11-17 00:26:49.900 13639 13695 I System  : Process start: [su, root, dumpsys, gfxinfo, com.example.android.wearable.composeadvanced, framestats]
11-17 00:26:49.900 13639 13695 I System  : No redirects, no fds
11-17 00:26:49.910   244   326 W EmuHWC2 : validate: layer 306 CompositionType 1, fallback
11-17 00:26:49.911   244   326 W EmuHWC2 : No layers, exit, buffer 0xebf00510
11-17 00:26:49.924 13906 13906 D Compose Focus: Owner FocusChanged(true)
11-17 00:26:49.927   244   326 W EmuHWC2 : validate: layer 306 CompositionType 1, fallback
11-17 00:26:49.927   244   326 W EmuHWC2 : No layers, exit, buffer 0xebf01b10
11-17 00:26:49.937 13906 13931 W Jank    : Jank 192ms route:landing non:0
11-17 00:26:49.940 13653 13675 I System.out: 0 Flags,IntendedVsync,Vsync,OldestInputEvent,NewestInputEvent,HandleInputStart,AnimationStart,PerformTraversalsStart,DrawStart,SyncQueued,SyncStart,IssueDrawCommandsStart,SwapBuffers,FrameCompleted,DequeueBufferDuration,QueueBufferDuration,GpuCompleted,
11-17 00:26:49.940 13653 13675 I System.out: 1 1,11569777946459,11569794613125,9223372036854775807,0,11569798350095,11569798350817,11569798480357,11569894345087,11569898697276,11569899692117,11569899752684,11569901217677,11569903870965,84077,351187,159595221925889142,
11-17 00:26:49.940 13653 13675 I System.out: 0 Flags,IntendedVsync,Vsync,OldestInputEvent,NewestInputEvent,HandleInputStart,AnimationStart,PerformTraversalsStart,DrawStart,SyncQueued,SyncStart,IssueDrawCommandsStart,SwapBuffers,FrameCompleted,DequeueBufferDuration,QueueBufferDuration,GpuCompleted,
11-17 00:26:49.940 13653 13675 I System.out: 1 1,11569777946459,11569794613125,9223372036854775807,0,11569798350095,11569798350817,11569798480357,11569894345087,11569898697276,11569899692117,11569899752684,11569901217677,11569903870965,84077,351187,159595221925889142,
11-17 00:26:49.944   244   326 W EmuHWC2 : validate: layer 306 CompositionType 1, fallback
11-17 00:26:49.945   244   326 W EmuHWC2 : No layers, exit, buffer 0xebf00510
11-17 00:26:49.960   244   326 W EmuHWC2 : validate: layer 306 CompositionType 1, fallback
11-17 00:26:49.960   442   467 I ActivityTaskManager: Fully drawn com.example.android.wearable.composeadvanced/.presentation.MainActivity: +335ms
11-17 00:26:49.961   244   326 W EmuHWC2 : No layers, exit, buffer 0xebf01b10
11-17 00:26:49.966 13906 13931 W Jank    : Jank 136ms route:landing non:0
11-17 00:26:49.967  1140  1140 I WearInputMethodService: WearInputMethodService.onBindInput():963
11-17 00:26:49.968  1140  1140 I WearInputMethodService: WearInputMethodService.onFinishInput():2234
11-17 00:26:49.968  1140  1140 I WearInputMethodService: WearInputMethodService.onStartInput():1773
11-17 00:26:49.968  1140  1140 I WearInputMethodService: WearInputMethodService.onStartInput():1785 onStartInput(), Dummy InputConnection bound
11-17 00:26:49.977   244   326 W EmuHWC2 : validate: layer 306 CompositionType 1, fallback
11-17 00:26:49.979   244   326 W EmuHWC2 : No layers, exit, buffer 0xebf00510
11-17 00:26:49.993   244   326 W EmuHWC2 : validate: layer 306 CompositionType 1, fallback
11-17 00:26:49.995   244   326 W EmuHWC2 : No layers, exit, buffer 0xebf01b10
11-17 00:26:50.001 13906 13931 W Jank    : Jank 67ms route:landing non:0
11-17 00:26:50.002   289   300 W ServiceManager: Permission failure: android.permission.ACCESS_SURFACE_FLINGER from uid=10079 pid=13906
11-17 00:26:50.002   289   300 D PermissionCache: checking android.permission.ACCESS_SURFACE_FLINGER for uid=10079 => denied (396 us)
11-17 00:26:50.011   244   326 W EmuHWC2 : validate: layer 306 CompositionType 1, fallback
11-17 00:26:50.012   244   326 W EmuHWC2 : No layers, exit, buffer 0xebf00510
11-17 00:26:50.027   244   326 W EmuHWC2 : validate: layer 306 CompositionType 1, fallback
11-17 00:26:50.028   244   326 W EmuHWC2 : No layers, exit, buffer 0xebf01b10
11-17 00:26:50.044   244   326 W EmuHWC2 : validate: layer 306 CompositionType 1, fallback
11-17 00:26:50.045   244   326 W EmuHWC2 : No layers, exit, buffer 0xebf00510
11-17 00:26:50.060   244   326 W EmuHWC2 : validate: layer 306 CompositionType 1, fallback
11-17 00:26:50.061   244   326 W EmuHWC2 : No layers, exit, buffer 0xebf01b10
11-17 00:26:50.077   244   326 W EmuHWC2 : validate: layer 306 CompositionType 1, fallback
11-17 00:26:50.078   244   326 W EmuHWC2 : No layers, exit, buffer 0xebf00510
11-17 00:26:50.093   244   326 W EmuHWC2 : validate: layer 306 CompositionType 1, fallback
11-17 00:26:50.094   244   326 W EmuHWC2 : No layers, exit, buffer 0xebf01b10
11-17 00:26:50.110   244   326 W EmuHWC2 : validate: layer 306 CompositionType 1, fallback
11-17 00:26:50.111   244   326 W EmuHWC2 : No layers, exit, buffer 0xebf00510
11-17 00:26:50.126   244   326 W EmuHWC2 : validate: layer 306 CompositionType 1, fallback
11-17 00:26:50.127   244   326 W EmuHWC2 : No layers, exit, buffer 0xebf01b10
11-17 00:26:51.942 13653 13675 I PerfettoCapture: Stopping perfetto.
11-17 00:26:51.943 13639 13695 I System  : Process start: [su, root, kill, -TERM, 13873]
11-17 00:26:51.943 13639 13695 I System  : No redirects, no fds
11-17 00:26:51.953 13873 13873 I perfetto: perfetto_cmd.cc:858     SIGINT/SIGTERM received: disabling tracing.
11-17 00:26:51.953 13653 13675 D Benchmark: kill -TERM command output -
11-17 00:26:51.954 13639 13695 I System  : Process start: [su, root, ps, 13873]
11-17 00:26:51.954 13639 13695 I System  : No redirects, no fds
11-17 00:26:51.954   325   325 I perfetto: probes_producer.cc:329  Producer stop (id=181)
11-17 00:26:51.957   325   325 I perfetto: ftrace_procfs.cc:183    disabled ftrace
11-17 00:26:52.068 13653 13675 D Benchmark: Waiting 100 ms for [ProcessPid(processName=perfetto, pid=13873)] to die
11-17 00:26:52.069 13639 13695 I System  : Process start: [su, root, ps, 13873]
11-17 00:26:52.069 13639 13695 I System  : No redirects, no fds
11-17 00:26:52.188 13653 13675 D Benchmark: Waiting 100 ms for [ProcessPid(processName=perfetto, pid=13873)] to die
11-17 00:26:52.190 13639 13695 I System  : Process start: [su, root, ps, 13873]
11-17 00:26:52.190 13639 13695 I System  : No redirects, no fds
11-17 00:26:52.314 13653 13675 D Benchmark: Waiting 100 ms for [ProcessPid(processName=perfetto, pid=13873)] to die
11-17 00:26:52.315 13639 13695 I System  : Process start: [su, root, ps, 13873]
11-17 00:26:52.315 13639 13695 I System  : No redirects, no fds
11-17 00:26:52.340   325   325 I perfetto: probes_producer.cc:329  Producer stop (id=182)
11-17 00:26:52.340   325   325 I perfetto: probes_producer.cc:329  Producer stop (id=183)
11-17 00:26:52.345 13873 13873 I perfetto: perfetto_cmd.cc:807     Trace written into the output file
11-17 00:26:52.346   336   336 I perfetto: ng_service_impl.cc:1948 Tracing session 61 ended, total sessions:0
11-17 00:26:52.442 13653 13675 D Benchmark: Waiting 100 ms for [ProcessPid(processName=perfetto, pid=13873)] to die
11-17 00:26:52.443 13639 13695 I System  : Process start: [su, root, ps, 13873]
11-17 00:26:52.443 13639 13695 I System  : No redirects, no fds
11-17 00:26:52.468 13653 13675 I PerfettoCapture: Writing to /storage/emulated/0/Android/media/com.example.android.wearable.composeadvanced.benchmark/StartupBenchmark_startup[compilation=None]_iter000_2022-11-16-21-26-51.perfetto-trace.
11-17 00:26:52.469 13639 13695 I System  : Process start: [su, root, mv, /data/misc/perfetto-traces/trace_output.pb, /storage/emulated/0/Android/media/com.example.android.wearable.composeadvanced.benchmark/StartupBenchmark_startup[compilation=None]_iter000_2022-11-16-21-26-51.perfetto-trace]
11-17 00:26:52.469 13639 13695 I System  : No redirects, no fds
11-17 00:26:52.490 13653 13675 D Benchmark: Copying /storage/emulated/0/Android/media/com.example.android.wearable.composeadvanced.benchmark/StartupBenchmark_startup[compilation=None]_iter000_2022-11-16-21-26-51.perfetto-trace to /sdcard/Android/media/com.example.android.wearable.composeadvanced.benchmark/additional_test_output/StartupBenchmark_startup[compilation=None]_iter000_2022-11-16-21-26-51.perfetto-trace
11-17 00:26:52.509 13653 13675 D PerfettoCapture: Supported ABIs: x86, armeabi-v7a, armeabi
11-17 00:26:52.558 13639 13695 I System  : Process start: [su, root, cp, /storage/emulated/0/Android/media/com.example.android.wearable.composeadvanced.benchmark/temporary_trace_processor_shell7554351364047968364.tmp, /data/local/tmp/trace_processor_shell]
11-17 00:26:52.558 13639 13695 I System  : No redirects, no fds
11-17 00:26:52.584 13639 13695 I System  : Process start: [su, root, chmod, +x, /data/local/tmp/trace_processor_shell]
11-17 00:26:52.584 13639 13695 I System  : No redirects, no fds
11-17 00:26:52.596  1260  4252 I MediaProvider: Deleted 1 items on external_primary due to com.example.android.wearable.composeadvanced.benchmark
11-17 00:26:52.597 13639 13695 I System  : Process start: [su, root, /data/local/tmp/trace_processor_shell, --query-file, /storage/emulated/0/Android/media/com.example.android.wearable.composeadvanced.benchmark/trace_processor_query.sql, /sdcard/Android/media/com.example.android.wearable.composeadvanced.benchmark/additional_test_output/StartupBenchmark_startup[compilation=None]_iter000_2022-11-16-21-26-51.perfetto-trace]
11-17 00:26:52.598 13639 13695 I System  : No redirects, no fds
11-17 00:26:52.676 13978 13978 W perfetto: processor_shell.cc:1367 Trace loaded: 1.28 MB in 0.06s (19.8 MB/s)
11-17 00:26:52.680 13978 13978 W perfetto: _processor_shell.cc:619 Executing query: SELECT
11-17 00:26:52.680 13978 13978 W perfetto: slice.name as name,
11-17 00:26:52.680 13978 13978 W perfetto: slice.ts as ts,
11-17 00:26:52.680 13978 13978 W perfetto: slice.dur as dur
11-17 00:26:52.680 13978 13978 W perfetto: FROM slice
11-17 00:26:52.680 13978 13978 W perfetto: INNER JOIN thread_track on slice.track_id = thread_track.id
11-17 00:26:52.680 13978 13978 W perfetto: INNER JOIN thread USING(utid)
11-17 00:26:52.680 13978 13978 W perfetto: INNER JOIN process USING(upid)
11-17 00:26:52.680 13978 13978 W perfetto: WHERE (
11-17 00:26:52.680 13978 13978 W perfetto: ((process.name LIKE "com.example.android.wearable.composeadvanced.benchmark" OR process.name LIKE "com.example.android.wearable.composeadvanced.benchmark:%") AND slice.name LIKE "startActivityAndWait") OR
11-17 00:26:52.680 13978 13978 W perfetto: (
11-17 00:26:52.680 13978 13978 W perfetto: (process.name LIKE "com.example.android.wearable.composeadvanced" OR process.name LIKE "com.example.android.wearable.composeadvanced:%") AND (
11-17 00:26:52.680 13978 13978 W perfetto: (slice.name LIKE "activityResume" AND process.pid LIKE thread.tid) OR
11-17 00:26:52.680 13978 13978 W perfetto: (slice.name LIKE "Choreographer#doFrame%" AND process.pid LIKE thread.tid) OR
11-17 00:26:52.680 13978 13978 W perfetto: (slice.name LIKE "reportFullyDrawn() for %" AND process.pid LIKE thread.tid) OR
11-17 00:26:52.680 13978 13978 W perfetto: (slice.name LIKE "DrawFrame%" AND thread.name LIKE "RenderThread")
11-17 00:26:52.680 13978 13978 W perfetto: )
11-17 00:26:52.680 13978 13978 W perfetto: ) OR
11-17 00:26:52.680 13978 13978 W perfetto: (
11-17 00:26:52.680 13978 13978 W perfetto: process.name LIKE "system_server" AND
11-17 00:26:52.680 13978 13978 W perfetto: slice.name LIKE "MetricsLogger:launchObserverNotifyIntentStarted"
11-17 00:26:52.680 13978 13978 W perfetto: )
11-17 00:26:52.680 13978 13978 W perfetto: )
11-17 00:26:52.680 13978 13978 W perfetto: UNION
11-17 00:26:52.680 13978 13978 W perfetto: SELECT
11-17 00:26:52.680 13978 13978 W perfetto: slice.n
11-17 00:26:52.691  1260  1366 I MediaProvider: Deleted 1 items on external_primary due to com.example.android.wearable.composeadvanced.benchmark
11-17 00:26:52.692 13653 13675 I System.out: query result line "name","ts","dur"
11-17 00:26:52.692 13653 13675 I System.out: query result line "startActivityAndWait",11569665539180,360242769
11-17 00:26:52.692 13653 13675 I System.out: query result line "MetricsLogger:launchObserverNotifyIntentStarted",11569710238449,20330
11-17 00:26:52.692 13653 13675 I System.out: query result line "launching: com.example.android.wearable.composeadvanced",11569713956871,193048650
11-17 00:26:52.692 13653 13675 I System.out: query result line "activityResume",11569792584871,5508387
11-17 00:26:52.692 13653 13675 I System.out: query result line "Choreographer#doFrame",11569798346617,106135814
11-17 00:26:52.692 13653 13675 I System.out: query result line "DrawFrame",11569898738018,5515232
11-17 00:26:52.692 13653 13675 I System.out: query result line "Choreographer#doFrame",11569909750503,94347655
11-17 00:26:52.692 13653 13675 I System.out: query result line "DrawFrame",11570003903085,18406472
11-17 00:26:52.692 13653 13675 I System.out: query result line "Choreographer#doFrame",11570010272687,38925620
11-17 00:26:52.692 13653 13675 I System.out: query result line "reportFullyDrawn() for ComponentActivity",11570045347747,998213
11-17 00:26:52.692 13653 13675 I System.out: query result line "DrawFrame",11570048957220,1491085
11-17 00:26:52.692 13653 13675 I System.out: query result line "Choreographer#doFrame",11570057555021,21248712
11-17 00:26:52.692 13653 13675 I System.out: query result line "DrawFrame",11570078608184,8192384
11-17 00:26:52.692 13653 13675 I System.out: query result line "Choreographer#doFrame",11570081777638,5172365
11-17 00:26:52.692 13653 13675 I System.out: query result line "DrawFrame",11570086807914,10802258
11-17 00:26:52.692 13653 13675 I System.out: query result line "Choreographer#doFrame",11570095549598,475061
11-17 00:26:52.692 13653 13675 I System.out: query result line "Choreographer#doFrame",11570111629592,385814
11-17 00:26:52.692 13653 13675 I System.out: query result line "Choreographer#doFrame",11570128174348,457255
11-17 00:26:52.692 13653 13675 I System.out: query result line "Choreographer#doFrame",11570144842542,358009
11-17 00:26:52.692 13653 13675 I System.out: query result line "Choreographer#doFrame",11570162093403,437023
11-17 00:26:52.692 13653 13675 I System.out: query result line "Choreographer#doFrame",11570178239975,431594
11-17 00:26:52.692 13653 13675 I System.out: query result line "Choreographer#doFrame",11570194787723,430569
11-17 00:26:52.692 13653 13675 I System.out: query result line "Choreographer#doFrame",11570211501695,597919
11-17 00:26:52.692 13653 13675 I System.out: query result line "Choreographer#doFrame",11570228244493,407865
11-17 00:26:52.692 13653 13675 I System.out: query result line "Choreographer#doFrame",11570244916567,565119
11-17 00:26:52.692 13653 13675 I System.out: query result line "Choreographer#doFrame",11570261676642,1369847
11-17 00:26:52.692 13653 13675 I System.out: query result line "Choreographer#doFrame",11570278201411,349844
11-17 00:26:52.692 13653 13675 I System.out: query result line "Choreographer#doFrame",11570294897960,1112777
11-17 00:26:52.692 13653 13675 I System.out: query result line "Choreographer#doFrame",11570311616950,816235
11-17 00:26:52.692 13653 13675 I System.out: query result line "Choreographer#doFrame",11570328288879,396808
11-17 00:26:52.692 13653 13675 I System.out: query result line "Choreographer#doFrame",11570345697115,261575
11-17 00:26:52.692 13653 13675 I System.out: query result line "Choreographer#doFrame",11570361650732,691843
11-17 00:26:52.692 13653 13675 I System.out: query result line "Choreographer#doFrame",11570378316252,474937
11-17 00:26:52.692 13653 13675 I System.out: query result line "Choreographer#doFrame",11570395267943,693499
11-17 00:26:52.692 13653 13675 I System.out: query result line "Choreographer#doFrame",11570411660804,530631
11-17 00:26:52.692 13653 13675 I System.out: query result line "Choreographer#doFrame",11570428477809,790421
11-17 00:26:52.692 13653 13675 I System.out: query result line "Choreographer#doFrame",11570444956437,668115
11-17 00:26:52.692 13653 13675 I System.out: query result line "Choreographer#doFrame",11570461664203,578115
