11-17 00:26:52.692 13653 13675 I System.out: query result line "Choreographer#doFrame",11570478172363,233670
11-17 00:26:52.693 13653 13675 I System.out: query result line "Choreographer#doFrame",11570494874011,674047
11-17 00:26:52.693 13653 13675 I System.out: query result line "Choreographer#doFrame",11570511691739,508958
11-17 00:26:52.693 13653 13675 I System.out: query result line "Choreographer#doFrame",11570529240548,925807
11-17 00:26:52.693 13653 13675 I System.out: query result line "Choreographer#doFrame",11570544941862,500509
11-17 00:26:52.693 13653 13675 I System.out: query result line "Choreographer#doFrame",11570561811704,979818
11-17 00:26:52.693 13653 13675 I System.out: query result line "Choreographer#doFrame",11570579006242,806921
11-17 00:26:52.693 13653 13675 I System.out: query result line "Choreographer#doFrame",11570594953293,613485
11-17 00:26:52.693 13653 13675 I System.out: query result line "Choreographer#doFrame",11570611595854,267917
11-17 00:26:52.693 13653 13675 I System.out: query result line "Choreographer#doFrame",11570628393698,539128
11-17 00:26:52.693 13653 13675 I System.out: query result line "Choreographer#doFrame",11570644987753,379152
11-17 00:26:52.693 13653 13675 I System.out: query result line "Choreographer#doFrame",11570661653531,435857
11-17 00:26:52.693 13653 13675 I System.out: query result line "Choreographer#doFrame",11570678323143,449313
11-17 00:26:52.693 13653 13675 I System.out: query result line "Choreographer#doFrame",11570694976120,441972
11-17 00:26:52.693 13653 13675 I System.out: query result line "Choreographer#doFrame",11570711761570,1303274
11-17 00:26:52.693 13653 13675 I System.out: query result line "Choreographer#doFrame",11570728255566,380038
11-17 00:26:52.693 13653 13675 I System.out: query result line "Choreographer#doFrame",11570744881808,418309
11-17 00:26:52.693 13653 13675 I System.out: query result line "Choreographer#doFrame",11570761637667,235442
11-17 00:26:52.693 13653 13675 I System.out: query result line "Choreographer#doFrame",11570778411835,10470
11-17 00:26:52.693 13653 13675 I System.out: query result line
11-17 00:26:52.696 13653 13675 D Benchmark: Iteration 0 captured UiState{timeline_start_ts=11569710238449, timeline_end_ts=11570050448305, highlight_process=HighlightProcess{cmdline=com.example.android.wearable.composeadvanced}}
11-17 00:26:52.697 13653 13675 D Benchmark: Killing process com.example.android.wearable.composeadvanced
11-17 00:26:52.697 13639 13695 I System  : Process start: [am, force-stop, com.example.android.wearable.composeadvanced]
11-17 00:26:52.697 13639 13695 I System  : No redirects, no fds
11-17 00:26:52.709   442  2935 W InputReader: Device virtio_input_multi_touch_6 is associated with display ADISPLAY_ID_NONE.
11-17 00:26:52.709   442  2935 W InputReader: Device virtio_input_multi_touch_3 is associated with display ADISPLAY_ID_NONE.
11-17 00:26:52.709   442  2935 W InputReader: Device virtio_input_multi_touch_10 is associated with display ADISPLAY_ID_NONE.
11-17 00:26:52.709   442  2935 W InputReader: Device virtio_input_multi_touch_4 is associated with display ADISPLAY_ID_NONE.
11-17 00:26:52.709   442  2935 W InputReader: Device virtio_input_multi_touch_11 is associated with display ADISPLAY_ID_NONE.
11-17 00:26:52.709   442  2935 W InputReader: Device virtio_input_multi_touch_5 is associated with display ADISPLAY_ID_NONE.
11-17 00:26:52.709   442  2935 W InputReader: Device virtio_input_multi_touch_2 is associated with display ADISPLAY_ID_NONE.
11-17 00:26:52.709   442  2935 W InputReader: Device virtio_input_multi_touch_8 is associated with display ADISPLAY_ID_NONE.
11-17 00:26:52.709   442  2935 W InputReader: Device virtio_input_multi_touch_9 is associated with display ADISPLAY_ID_NONE.
11-17 00:26:52.709   442  2935 W InputReader: Device virtio_input_multi_touch_7 is associated with display ADISPLAY_ID_NONE.
11-17 00:26:52.709   442  2935 W InputReader: Device virtio_input_multi_touch_6 is associated with display ADISPLAY_ID_NONE.
11-17 00:26:52.709   442  2935 W InputReader: Device virtio_input_multi_touch_3 is associated with display ADISPLAY_ID_NONE.
11-17 00:26:52.709   442  2935 W InputReader: Device virtio_input_multi_touch_10 is associated with display ADISPLAY_ID_NONE.
11-17 00:26:52.709   442  2935 W InputReader: Device virtio_input_multi_touch_4 is associated with display ADISPLAY_ID_NONE.
11-17 00:26:52.709   442  2935 W InputReader: Device virtio_input_multi_touch_11 is associated with display ADISPLAY_ID_NONE.
11-17 00:26:52.709   442  2935 W InputReader: Device virtio_input_multi_touch_5 is associated with display ADISPLAY_ID_NONE.
11-17 00:26:52.709   442  2935 W InputReader: Device virtio_input_multi_touch_2 is associated with display ADISPLAY_ID_NONE.
11-17 00:26:52.709   442  2935 W InputReader: Device virtio_input_multi_touch_8 is associated with display ADISPLAY_ID_NONE.
11-17 00:26:52.709   442  2935 W InputReader: Device virtio_input_multi_touch_9 is associated with display ADISPLAY_ID_NONE.
11-17 00:26:52.709   442  2935 W InputReader: Device virtio_input_multi_touch_7 is associated with display ADISPLAY_ID_NONE.
11-17 00:26:52.713   225   225 I Zygote  : Process 13906 exited due to signal 9 (Killed)
11-17 00:26:52.718   861   861 D CarrierSvcBindHelper: No carrier app for: 0
11-17 00:26:52.719   605   605 D SysUI   : [LauncherViewsUiManager]activityObserver onStateChanged ON_START
11-17 00:26:52.729   243  4390 D goldfish-address-space: claimShared: Ask to claim region [0x3fcb0c000 0x3fcbd6000]
11-17 00:26:52.730   243  4390 D goldfish-address-space: claimShared: Ask to claim region [0x3fcca0000 0x3fcd6a000]
11-17 00:26:52.730   243  4390 D goldfish-address-space: claimShared: Ask to claim region [0x3fd7ac000 0x3fd876000]
11-17 00:26:52.735   243  4390 D goldfish-address-space: claimShared: Ask to claim region [0x3fd876000 0x3fd940000]
11-17 00:26:52.736   243  4390 D goldfish-address-space: claimShared: Ask to claim region [0x3fd940000 0x3fda0a000]
11-17 00:26:52.736   243  4390 D goldfish-address-space: claimShared: Ask to claim region [0x3fda0a000 0x3fdad4000]
11-17 00:26:52.736 13639 13695 I System  : Process start: [su, root, cp, /storage/emulated/0/Android/media/com.example.android.wearable.composeadvanced.benchmark/temporaryScript3189437540704405007.sh, /data/local/tmp/temporaryScript3189437540704405007.sh]
11-17 00:26:52.737 13639 13695 I System  : No redirects, no fds
11-17 00:26:52.742   442   470 I libprocessgroup: Successfully killed process cgroup uid 10079 pid 13906 in 36ms
11-17 00:26:52.745  1140  1140 I WearInputMethodService: WearInputMethodService.onBindInput():963
11-17 00:26:52.746  1140  1140 I WearInputMethodService: WearInputMethodService.onFinishInput():2234
11-17 00:26:52.746  1140  1140 I WearInputMethodService: WearInputMethodService.onStartInput():1773
11-17 00:26:52.747  1140  1140 I WearInputMethodService: WearInputMethodService.onStartInput():1785 onStartInput(), Dummy InputConnection bound
11-17 00:26:52.748 13639 13695 I System  : Process start: [su, root, chmod, +x, /data/local/tmp/temporaryScript3189437540704405007.sh]
11-17 00:26:52.748 13639 13695 I System  : No redirects, no fds
11-17 00:26:52.754   605   605 D SysUI   : [LauncherViewsUiManager]activityObserver onStateChanged ON_STOP
11-17 00:26:52.760 13639 13695 I System  : Process start: [su, root, /data/local/tmp/temporaryScript3189437540704405007.sh]
11-17 00:26:52.760 13639 13695 I System  : No redirects, no fds
11-17 00:26:52.804  1260  1366 I MediaProvider: Deleted 1 items on external_primary due to com.example.android.wearable.composeadvanced.benchmark
11-17 00:26:52.804 13639 13695 I System  : Process start: [su, root, rm, /data/local/tmp/temporaryScript3189437540704405007.sh]
11-17 00:26:52.804 13639 13695 I System  : No redirects, no fds
11-17 00:26:52.815 13653 13675 D PerfettoCapture: Supported ABIs: x86, armeabi-v7a, armeabi
11-17 00:26:52.815 13653 13675 D PerfettoCapture: Recording perfetto trace
11-17 00:26:52.820 13653 13675 I PerfettoCapture: Cleanup perfetto before starting.
11-17 00:26:52.820 13639 13695 I System  : Process start: [su, root, pgrep, -l, -f, perfetto]
11-17 00:26:52.820 13639 13695 I System  : No redirects, no fds
11-17 00:26:52.836 13639 13695 I System  : Process start: [su, root, pgrep, -l, -f, tracebox]
11-17 00:26:52.836 13639 13695 I System  : No redirects, no fds
11-17 00:26:52.853 13639 13695 I System  : Process start: [su, root, rm, /data/misc/perfetto-traces/trace_output.pb]
11-17 00:26:52.853 13639 13695 I System  : No redirects, no fds
11-17 00:26:52.862 13653 13675 I PerfettoCapture: Perfetto output file cleanup -
11-17 00:26:52.862 13653 13675 I PerfettoCapture: Starting perfetto tracing with cmd: cat /storage/emulated/0/Android/media/com.example.android.wearable.composeadvanced.benchmark/trace_config.pb | perfetto --background -c - -o /data/misc/perfetto-traces/trace_output.pb
11-17 00:26:52.865 13639 13695 I System  : Process start: [su, root, cp, /storage/emulated/0/Android/media/com.example.android.wearable.composeadvanced.benchmark/temporaryScript131550839174488552.sh, /data/local/tmp/temporaryScript131550839174488552.sh]
11-17 00:26:52.865 13639 13695 I System  : No redirects, no fds
11-17 00:26:52.876 13639 13695 I System  : Process start: [su, root, chmod, +x, /data/local/tmp/temporaryScript131550839174488552.sh]
11-17 00:26:52.876 13639 13695 I System  : No redirects, no fds
11-17 00:26:52.884 13639 13695 I System  : Process start: [su, root, /data/local/tmp/temporaryScript131550839174488552.sh]
11-17 00:26:52.884 13639 13695 I System  : No redirects, no fds
11-17 00:26:52.898 14022 14022 I perfetto: perfetto_cmd.cc:711     Connected to the Perfetto traced service, starting tracing
11-17 00:26:52.898   336   336 I perfetto: ing_service_impl.cc:758 Configured tracing session 62, #sources:4, duration:0 ms, #buffers:2, total buffer size:36864 KB, total sessions:1, uid:0 session name: ""
11-17 00:26:52.898   325   325 I perfetto: probes_producer.cc:230  Ftrace setup (target_buf=123)
11-17 00:26:52.901  1260  1366 I MediaProvider: Deleted 1 items on external_primary due to com.example.android.wearable.composeadvanced.benchmark
11-17 00:26:52.902 13639 13695 I System  : Process start: [su, root, rm, /data/local/tmp/temporaryScript131550839174488552.sh]
11-17 00:26:52.902 13639 13695 I System  : No redirects, no fds
11-17 00:26:52.911 13653 13675 I PerfettoCapture: Perfetto output - 14022
11-17 00:26:52.911 13653 13675 I PerfettoCapture: EXITCODE=0
11-17 00:26:52.911 13639 13695 I System  : Process start: [su, root, ps, 14022]
11-17 00:26:52.911 13639 13695 I System  : No redirects, no fds
11-17 00:26:52.926 13653 13675 I PerfettoCapture: Perfetto tracing started successfully with pid 14022.
11-17 00:26:52.927 13639 13695 I System  : Process start: [su, root, ls, /sys/kernel/tracing/tracing_on]
11-17 00:26:52.927 13639 13695 I System  : No redirects, no fds
11-17 00:26:52.931   325   325 I perfetto: ftrace_procfs.cc:176    enabled ftrace
11-17 00:26:52.940 13639 13691 I System  : Process start: [su, root, cat, /sys/kernel/tracing/tracing_on]
11-17 00:26:52.940 13639 13691 I System  : No redirects, no fds
11-17 00:26:52.948 13653 13675 I PerfettoCapture: /sys/kernel/tracing/tracing_on = 1, polled 0 times, capture fully started
11-17 00:26:52.949  1260  4251 I MediaProvider: Deleted 1 items on external_primary due to com.example.android.wearable.composeadvanced.benchmark
11-17 00:26:52.952 13639 13691 I System  : Process start: [su, root, pgrep, -l, -f, com.example.android.wearable.composeadvanced]
11-17 00:26:52.952 13639 13691 I System  : No redirects, no fds
11-17 00:26:52.966 13653 13675 D Benchmark: Starting activity with command: am start -W "intent:#Intent;action=android.intent.action.MAIN;category=android.intent.category.LAUNCHER;launchFlags=0x10008000;package=com.example.android.wearable.composeadvanced;component=com.example.android.wearable.composeadvanced/.presentation.MainActivity;end"
11-17 00:26:52.969 13639 13691 I System  : Process start: [su, root, cp, /storage/emulated/0/Android/media/com.example.android.wearable.composeadvanced.benchmark/temporaryScript2598083743183611371.sh, /data/local/tmp/temporaryScript2598083743183611371.sh]
11-17 00:26:52.969 13639 13691 I System  : No redirects, no fds
11-17 00:26:52.979 13639 13691 I System  : Process start: [su, root, chmod, +x, /data/local/tmp/temporaryScript2598083743183611371.sh]
11-17 00:26:52.980 13639 13691 I System  : No redirects, no fds
11-17 00:26:52.987 13639 13691 I System  : Process start: [su, root, /data/local/tmp/temporaryScript2598083743183611371.sh]
11-17 00:26:52.987 13639 13691 I System  : No redirects, no fds
11-17 00:26:53.011   225   225 D Zygote  : Forked child process 14052
11-17 00:26:53.012   243  4390 D goldfish-address-space: claimShared: Ask to claim region [0x3fd876000 0x3fd940000]
11-17 00:26:53.042 14052 14052 W composeadvance: Unexpected CPU variant for X86 using defaults: x86
11-17 00:26:53.046   307   318 I adbd    : jdwp connection from 14052
11-17 00:26:53.049   442 13767 W InputReader: Device virtio_input_multi_touch_6 is associated with display ADISPLAY_ID_NONE.
11-17 00:26:53.049   442 13767 W InputReader: Device virtio_input_multi_touch_3 is associated with display ADISPLAY_ID_NONE.
11-17 00:26:53.049   442 13767 W InputReader: Device virtio_input_multi_touch_10 is associated with display ADISPLAY_ID_NONE.
11-17 00:26:53.049   442 13767 W InputReader: Device virtio_input_multi_touch_4 is associated with display ADISPLAY_ID_NONE.
11-17 00:26:53.049   442 13767 W InputReader: Device virtio_input_multi_touch_11 is associated with display ADISPLAY_ID_NONE.
11-17 00:26:53.049   442 13767 W InputReader: Device virtio_input_multi_touch_5 is associated with display ADISPLAY_ID_NONE.
11-17 00:26:53.049   442 13767 W InputReader: Device virtio_input_multi_touch_2 is associated with display ADISPLAY_ID_NONE.
11-17 00:26:53.049   442 13767 W InputReader: Device virtio_input_multi_touch_8 is associated with display ADISPLAY_ID_NONE.
11-17 00:26:53.049   442 13767 W InputReader: Device virtio_input_multi_touch_9 is associated with display ADISPLAY_ID_NONE.
11-17 00:26:53.049   442 13767 W InputReader: Device virtio_input_multi_touch_7 is associated with display ADISPLAY_ID_NONE.
11-17 00:26:53.050   442 13767 W InputReader: Device virtio_input_multi_touch_6 is associated with display ADISPLAY_ID_NONE.
11-17 00:26:53.050   442 13767 W InputReader: Device virtio_input_multi_touch_3 is associated with display ADISPLAY_ID_NONE.
11-17 00:26:53.050   442 13767 W InputReader: Device virtio_input_multi_touch_10 is associated with display ADISPLAY_ID_NONE.
11-17 00:26:53.050   442 13767 W InputReader: Device virtio_input_multi_touch_4 is associated with display ADISPLAY_ID_NONE.
11-17 00:26:53.050   442 13767 W InputReader: Device virtio_input_multi_touch_11 is associated with display ADISPLAY_ID_NONE.
11-17 00:26:53.050   442 13767 W InputReader: Device virtio_input_multi_touch_5 is associated with display ADISPLAY_ID_NONE.
11-17 00:26:53.050   442 13767 W InputReader: Device virtio_input_multi_touch_2 is associated with display ADISPLAY_ID_NONE.
11-17 00:26:53.050   442 13767 W InputReader: Device virtio_input_multi_touch_8 is associated with display ADISPLAY_ID_NONE.
11-17 00:26:53.050   442 13767 W InputReader: Device virtio_input_multi_touch_9 is associated with display ADISPLAY_ID_NONE.
11-17 00:26:53.050   442 13767 W InputReader: Device virtio_input_multi_touch_7 is associated with display ADISPLAY_ID_NONE.
11-17 00:26:53.056 14052 14052 I composeadvance: The ClassLoaderContext is a special shared library.
11-17 00:26:53.066 14052 14052 D NetworkSecurityConfig: No Network Security Config specified, using platform default
11-17 00:26:53.066 14052 14052 D NetworkSecurityConfig: No Network Security Config specified, using platform default
11-17 00:26:53.070 14052 14076 D libEGL  : loaded /vendor/lib/egl/libEGL_emulation.so
11-17 00:26:53.071 14052 14076 D libEGL  : loaded /vendor/lib/egl/libGLESv1_CM_emulation.so
11-17 00:26:53.073 14052 14076 D libEGL  : loaded /vendor/lib/egl/libGLESv2_emulation.so
11-17 00:26:53.077   244   326 W EmuHWC2 : validate: layer 310 CompositionType 1, fallback
11-17 00:26:53.078   244   326 W EmuHWC2 : No layers, exit, buffer 0xebf00510
11-17 00:26:53.093   244   326 W EmuHWC2 : validate: layer 311 CompositionType 1, fallback
11-17 00:26:53.094   244   326 W EmuHWC2 : No layers, exit, buffer 0xebf01b10
11-17 00:26:53.107   605   895 W SysUI   : [RecentTasksLauncherRepo]getRecentApps matched with a Launcher Activity in the task TaskInfo{userId=0 stackId=49 taskId=49 displayId=0 isRunning=true baseIntent=Intent { act=android.intent.action.MAIN cat=[android.intent.category.LAUNCHER] flg=0x10008000 pkg=com.example.android.wearable.composeadvanced cmp=com.example.android.wearable.composeadvanced/.presentation.MainActivity } baseActivity=ComponentInfo{com.example.android.wearable.composeadvanced/com.example.android.wearable.composeadvanced.presentation.MainActivity} topActivity=ComponentInfo{com.example.android.wearable.composeadvanced/com.example.android.wearable.composeadvanced.presentation.MainActivity} origActivity=null realActivity=ComponentInfo{com.example.android.wearable.composeadvanced/com.example.android.wearable.composeadvanced.presentation.MainActivity} numActivities=1 lastActiveTime=11573088 supportsSplitScreenMultiWindow=false resizeMode=1 isResizeable=true token=android.window.WindowContainerToken@5efa499 topActivityType=1 pictureInPictureParams=null topActivityInfo=ActivityInfo{285e35e com.example.android.wearable.composeadvanced.presentation.MainActivity} == ActivityLauncherApp{label=Compose Advanced, recent=false, timeLastUsedMs=0, info=android.content.pm.LauncherActivityInfo@c39854a, iconSupplier=cql@c567cbb}
11-17 00:26:53.107   605   895 E SysUI   : [RecentTaskLauncherApp]Couldn't resolve any Activity for task TaskInfo{userId=0 stackId=14 taskId=14 displayId=0 isRunning=true baseIntent=Intent { act=android.intent.action.MAIN cat=[android.intent.category.LAUNCHER] flg=0x10100000 cmp=com.example.wearoscomposecodelab/androidx.compose.ui.tooling.PreviewActivity } baseActivity=ComponentInfo{com.example.wearoscomposecodelab/androidx.compose.ui.tooling.PreviewActivity} topActivity=ComponentInfo{com.example.wearoscomposecodelab/androidx.compose.ui.tooling.PreviewActivity} origActivity=null realActivity=ComponentInfo{com.example.wearoscomposecodelab/androidx.compose.ui.tooling.PreviewActivity} numActivities=1 lastActiveTime=11573087 supportsSplitScreenMultiWindow=false resizeMode=1 isResizeable=true token=android.window.WindowContainerToken@f156ce6 topActivityType=1 pictureInPictureParams=null topActivityInfo=ActivityInfo{6fca33f androidx.compose.ui.tooling.PreviewActivity}
11-17 00:26:53.107   605   895 W SysUI   : [RecentTasksLauncherRepo]getRecentApps matched task with the only Launcher in the package TaskInfo{userId=0 stackId=14 taskId=14 displayId=0 isRunning=true baseIntent=Intent { act=android.intent.action.MAIN cat=[android.intent.category.LAUNCHER] flg=0x10100000 cmp=com.example.wearoscomposecodelab/androidx.compose.ui.tooling.PreviewActivity } baseActivity=ComponentInfo{com.example.wearoscomposecodelab/androidx.compose.ui.tooling.PreviewActivity} topActivity=ComponentInfo{com.example.wearoscomposecodelab/androidx.compose.ui.tooling.PreviewActivity} origActivity=null realActivity=ComponentInfo{com.example.wearoscomposecodelab/androidx.compose.ui.tooling.PreviewActivity} numActivities=1 lastActiveTime=11573087 supportsSplitScreenMultiWindow=false resizeMode=1 isResizeable=true token=android.window.WindowContainerToken@f156ce6 topActivityType=1 pictureInPictureParams=null topActivityInfo=ActivityInfo{6fca33f androidx.compose.ui.tooling.PreviewActivity} == ActivityLauncherApp{label=My Application, recent=false, timeLastUsedMs=0, info=android.content.pm.LauncherActivityInfo@8db7c02, iconSupplier=cql@c89913}
11-17 00:26:53.107   605   895 E SysUI   : [RecentTaskLauncherApp]Couldn't resolve any Activity for task TaskInfo{userId=0 stackId=47 taskId=47 displayId=-1 isRunning=false baseIntent=Intent { act=android.intent.action.MAIN cat=[android.intent.category.LAUNCHER] flg=0x10000000 cmp=com.example.android.wearable.composeadvanced.test/androidx.test.core.app.InstrumentationActivityInvoker$EmptyActivity } baseActivity=null topActivity=null origActivity=null realActivity=ComponentInfo{com.example.android.wearable.composeadvanced.test/androidx.test.core.app.InstrumentationActivityInvoker$EmptyActivity} numActivities=0 lastActiveTime=11083539 supportsSplitScreenMultiWindow=false resizeMode=1 isResizeable=true token=android.window.WindowContainerToken@3ec9b18 topActivityType=1 pictureInPictureParams=null topActivityInfo=null
11-17 00:26:53.107   605   895 W SysUI   : [RecentTasksLauncherRepo]Using explicit label and icon from base Activity ComponentInfo{com.example.android.wearable.composeadvanced.test/androidx.test.core.app.InstrumentationActivityInvoker$EmptyActivity}
11-17 00:26:53.107   605   895 D SysUI   : [PrimesSysHealthLogger]Timer GLOBAL_LAUNCHER_LOAD_RECENT_TASKS_TIME took 2 ms
11-17 00:26:53.108   605   895 W SysUI   : [LauncherDefaultRecentsCombiner]Unable to get ActivityDisplayInfo for {com.fitbit.FitbitMobile/com.fitbit.today.TodayMainActivity} attempting to fetch from ResolveInfo
11-17 00:26:53.108   605   895 W SysUI   : [LauncherDefaultRecentsCombiner]Unable to get ResolveInfo for {com.fitbit.FitbitMobile/com.fitbit.today.TodayMainActivity}, not able to add to default recents
11-17 00:26:53.108   605   895 W SysUI   : [LauncherDefaultRecentsCombiner]Unable to get ActivityDisplayInfo for {com.fitbit.FitbitMobile/com.fitbit.exercise.MainActivity} attempting to fetch from ResolveInfo
11-17 00:26:53.108   605   895 W SysUI   : [LauncherDefaultRecentsCombiner]Unable to get ResolveInfo for {com.fitbit.FitbitMobile/com.fitbit.exercise.MainActivity}, not able to add to default recents
11-17 00:26:53.108   605   895 W SysUI   : [LauncherDefaultRecentsCombiner]Unable to get ActivityDisplayInfo for {com.google.android.apps.youtube.music/com.google.android.apps.youtube.music.wear.WearMainActivity} attempting to fetch from ResolveInfo
11-17 00:26:53.108   605   895 W SysUI   : [LauncherDefaultRecentsCombiner]Unable to get ResolveInfo for {com.google.android.apps.youtube.music/com.google.android.apps.youtube.music.wear.WearMainActivity}, not able to add to default recents
11-17 00:26:53.108   605   895 W SysUI   : [LauncherDefaultRecentsCombiner]Unable to get ActivityDisplayInfo for {com.google.android.apps.messaging/com.google.android.apps.messaging.main.WearMainActivity} attempting to fetch from ResolveInfo
11-17 00:26:53.108   605   895 W SysUI   : [LauncherDefaultRecentsCombiner]Unable to get ResolveInfo for {com.google.android.apps.messaging/com.google.android.apps.messaging.main.WearMainActivity}, not able to add to default recents
11-17 00:26:53.108   605   895 W SysUI   : [LauncherDefaultRecentsCombiner]Unable to get ActivityDisplayInfo for {com.google.android.dialer/com.google.android.wearable.googledialer.launcher.impl.LauncherActivity} attempting to fetch from ResolveInfo
11-17 00:26:53.108   605   895 W SysUI   : [LauncherDefaultRecentsCombiner]Unable to get ResolveInfo for {com.google.android.dialer/com.google.android.wearable.googledialer.launcher.impl.LauncherActivity}, not able to add to default recents
11-17 00:26:53.108   605   895 W SysUI   : [LauncherDefaultRecentsCombiner]Unable to get ActivityDisplayInfo for {com.google.android.apps.safetyhub/com.google.android.wearable.safety.application.MainActivity} attempting to fetch from ResolveInfo
11-17 00:26:53.109   605   895 W SysUI   : [LauncherDefaultRecentsCombiner]Unable to get ResolveInfo for {com.google.android.apps.safetyhub/com.google.android.wearable.safety.application.MainActivity}, not able to add to default recents
11-17 00:26:53.109   605   895 W SysUI   : [LauncherDefaultRecentsCombiner]Unable to get ActivityDisplayInfo for {com.google.android.apps.maps/com.google.android.apps.gmmwearable.MainActivity} attempting to fetch from ResolveInfo
11-17 00:26:53.109   605   895 W SysUI   : [LauncherDefaultRecentsCombiner]Unable to get ResolveInfo for {com.google.android.apps.maps/com.google.android.apps.gmmwearable.MainActivity}, not able to add to default recents
11-17 00:26:53.109   605   895 D SysUI   : [LauncherDefaultRecentsCombiner]Have to merge with 1 default apps
11-17 00:26:53.109   605   851 D SysUI   : [PrimesSysHealthLogger]Timer GLOBAL_LAUNCHER_MERGE_ONGOING_ACTIVITIES_TIME took 0 ms
11-17 00:26:53.110   244   326 W EmuHWC2 : validate: layer 311 CompositionType 1, fallback
11-17 00:26:53.111   244   326 W EmuHWC2 : No layers, exit, buffer 0xebf00510
11-17 00:26:53.120 14052 14074 D HostConnection: HostConnection::get() New Host Connection established 0xebe63fd0, tid 14074
11-17 00:26:53.124 14052 14074 D HostConnection: HostComposition ext ANDROID_EMU_CHECKSUM_HELPER_v1 ANDROID_EMU_native_sync_v2 ANDROID_EMU_native_sync_v3 ANDROID_EMU_native_sync_v4 ANDROID_EMU_dma_v1 ANDROID_EMU_direct_mem ANDROID_EMU_host_composition_v1 ANDROID_EMU_host_composition_v2 ANDROID_EMU_vulkan ANDROID_EMU_deferred_vulkan_commands ANDROID_EMU_vulkan_null_optional_strings ANDROID_EMU_vulkan_create_resources_with_requirements ANDROID_EMU_YUV_Cache ANDROID_EMU_vulkan_ignored_handles ANDROID_EMU_has_shared_slots_host_memory_allocator ANDROID_EMU_vulkan_free_memory_sync ANDROID_EMU_vulkan_shader_float16_int8 ANDROID_EMU_vulkan_async_queue_submit ANDROID_EMU_sync_buffer_data ANDROID_EMU_vulkan_async_qsri ANDROID_EMU_read_color_buffer_dma GL_OES_EGL_image_external_essl3 GL_OES_vertex_array_object GL_KHR_texture_compression_astc_ldr ANDROID_EMU_host_side_tracing ANDROID_EMU_gles_max_version_3_0
11-17 00:26:53.125   159   159 I hwservicemanager: getTransport: Cannot find entry android.hardware.configstore@1.0::ISurfaceFlingerConfigs/default in either framework or device manifest.
11-17 00:26:53.125 14052 14074 W OpenGLRenderer: Failed to choose config with EGL_SWAP_BEHAVIOR_PRESERVED, retrying without...
11-17 00:26:53.125 14052 14074 D EGL_emulation: eglCreateContext: 0xebe63a20: maj 3 min 0 rcv 3
11-17 00:26:53.126 14052 14074 D EGL_emulation: eglMakeCurrent: 0xebe63a20: ver 3 0 (tinfo 0xec1b3210) (first time)
11-17 00:26:53.126   244   326 W EmuHWC2 : validate: layer 311 CompositionType 1, fallback
11-17 00:26:53.128   244   326 W EmuHWC2 : No layers, exit, buffer 0xebf01b10
11-17 00:26:53.129   243  4390 D goldfish-address-space: claimShared: Ask to claim region [0x3fd940000 0x3fda0a000]
11-17 00:26:53.130   159   159 I hwservicemanager: getTransport: Cannot find entry android.hardware.graphics.mapper@4.0::IMapper/default in either framework or device manifest.
11-17 00:26:53.130 14052 14074 I Gralloc4: mapper 4.x is not supported
11-17 00:26:53.131 14052 14074 D HostConnection: createUnique: call
11-17 00:26:53.131 14052 14074 D HostConnection: HostConnection::get() New Host Connection established 0xebe64820, tid 14074
11-17 00:26:53.131 14052 14074 D goldfish-address-space: allocate: Ask for block of size 0x100
11-17 00:26:53.131 14052 14074 D goldfish-address-space: allocate: ioctl allocate returned offset 0x3fbffe000 size 0x2000
11-17 00:26:53.144   244   326 W EmuHWC2 : validate: layer 311 CompositionType 1, fallback
11-17 00:26:53.146   244   326 W EmuHWC2 : No layers, exit, buffer 0xebf00510
11-17 00:26:53.151 14052 14074 D HostConnection: HostComposition ext ANDROID_EMU_CHECKSUM_HELPER_v1 ANDROID_EMU_native_sync_v2 ANDROID_EMU_native_sync_v3 ANDROID_EMU_native_sync_v4 ANDROID_EMU_dma_v1 ANDROID_EMU_direct_mem ANDROID_EMU_host_composition_v1 ANDROID_EMU_host_composition_v2 ANDROID_EMU_vulkan ANDROID_EMU_deferred_vulkan_commands ANDROID_EMU_vulkan_null_optional_strings ANDROID_EMU_vulkan_create_resources_with_requirements ANDROID_EMU_YUV_Cache ANDROID_EMU_vulkan_ignored_handles ANDROID_EMU_has_shared_slots_host_memory_allocator ANDROID_EMU_vulkan_free_memory_sync ANDROID_EMU_vulkan_shader_float16_int8 ANDROID_EMU_vulkan_async_queue_submit ANDROID_EMU_sync_buffer_data ANDROID_EMU_vulkan_async_qsri ANDROID_EMU_read_color_buffer_dma GL_OES_EGL_image_external_essl3 GL_OES_vertex_array_object GL_KHR_texture_compression_astc_ldr ANDROID_EMU_host_side_tracing ANDROID_EMU_gles_max_version_3_0
11-17 00:26:53.160   244   326 W EmuHWC2 : validate: layer 311 CompositionType 1, fallback
11-17 00:26:53.161   244   326 W EmuHWC2 : No layers, exit, buffer 0xebf01b10
11-17 00:26:53.171   243  4390 D goldfish-address-space: claimShared: Ask to claim region [0x3fda0a000 0x3fdad4000]
11-17 00:26:53.172   243  4390 D goldfish-address-space: claimShared: Ask to claim region [0x3fdad4000 0x3fdb9e000]
11-17 00:26:53.177   244   326 W EmuHWC2 : validate: layer 311 CompositionType 1, fallback
11-17 00:26:53.178   244   326 W EmuHWC2 : No layers, exit, buffer 0xebf00510
11-17 00:26:53.184 14049 14051 I cmd     : oneway function results will be dropped but finished with status OK and parcel size 4
11-17 00:26:53.188   442   467 D ArtManagerInternalImpl: /data/misc/iorapd/com.example.android.wearable.composeadvanced/1/com.example.android.wearable.composeadvanced.presentation.MainActivity/compiled_traces/compiled_trace.pb doesn't exist
11-17 00:26:53.190 13639 13695 I System  : Process start: [su, root, cat, /data/local/tmp/temporaryScript2598083743183611371.sh_stderr]
11-17 00:26:53.190 13639 13695 I System  : No redirects, no fds
11-17 00:26:53.190   442   467 I ActivityTaskManager: Displayed com.example.android.wearable.composeadvanced/.presentation.MainActivity: +182ms
11-17 00:26:53.194   244   326 W EmuHWC2 : validate: layer 311 CompositionType 1, fallback
11-17 00:26:53.195   244   326 W EmuHWC2 : No layers, exit, buffer 0xebf01b10
11-17 00:26:53.208  1260  1367 I MediaProvider: Deleted 1 items on external_primary due to com.example.android.wearable.composeadvanced.benchmark
11-17 00:26:53.209 13639 13700 I System  : Process start: [su, root, rm, /data/local/tmp/temporaryScript2598083743183611371.sh_stderr, /data/local/tmp/temporaryScript2598083743183611371.sh]
11-17 00:26:53.209 13639 13700 I System  : No redirects, no fds
11-17 00:26:53.210   244   326 W EmuHWC2 : validate: layer 311 CompositionType 1, fallback
11-17 00:26:53.211   244   326 W EmuHWC2 : No layers, exit, buffer 0xebf00510
11-17 00:26:53.222 13653 13675 D Benchmark: Result: Starting: Intent { act=android.intent.action.MAIN cat=[android.intent.category.LAUNCHER] flg=0x10008000 pkg=com.example.android.wearable.composeadvanced cmp=com.example.android.wearable.composeadvanced/.presentation.MainActivity }
11-17 00:26:53.222 13653 13675 D Benchmark: Status: ok
11-17 00:26:53.222 13653 13675 D Benchmark: LaunchState: COLD
11-17 00:26:53.222 13653 13675 D Benchmark: Activity: com.example.android.wearable.composeadvanced/.presentation.MainActivity
11-17 00:26:53.222 13653 13675 D Benchmark: TotalTime: 182
11-17 00:26:53.222 13653 13675 D Benchmark: WaitTime: 183
11-17 00:26:53.222 13653 13675 D Benchmark: Complete
11-17 00:26:53.223 13639 13700 I System  : Process start: [su, root, pgrep, -l, -f, com.example.android.wearable.composeadvanced]
11-17 00:26:53.223 13639 13700 I System  : No redirects, no fds
11-17 00:26:53.227   244   326 W EmuHWC2 : validate: layer 311 CompositionType 1, fallback
11-17 00:26:53.229   244   326 W EmuHWC2 : No layers, exit, buffer 0xebf01b10
11-17 00:26:53.243   244   326 W EmuHWC2 : validate: layer 311 CompositionType 1, fallback
11-17 00:26:53.245   244   326 W EmuHWC2 : No layers, exit, buffer 0xebf00510
11-17 00:26:53.255 13639 13700 I System  : Process start: [su, root, dumpsys, gfxinfo, com.example.android.wearable.composeadvanced, framestats]
11-17 00:26:53.255 13639 13700 I System  : No redirects, no fds
11-17 00:26:53.260   244   326 W EmuHWC2 : validate: layer 311 CompositionType 1, fallback
11-17 00:26:53.262   244   326 W EmuHWC2 : No layers, exit, buffer 0xebf01b10
11-17 00:26:53.277   244   326 W EmuHWC2 : validate: layer 311 CompositionType 1, fallback
11-17 00:26:53.278   244   326 W EmuHWC2 : No layers, exit, buffer 0xebf00510
11-17 00:26:53.279 14052 14052 D Compose Focus: Owner FocusChanged(true)
11-17 00:26:53.283 13653 13675 I System.out: 0 Flags,IntendedVsync,Vsync,OldestInputEvent,NewestInputEvent,HandleInputStart,AnimationStart,PerformTraversalsStart,DrawStart,SyncQueued,SyncStart,IssueDrawCommandsStart,SwapBuffers,FrameCompleted,DequeueBufferDuration,QueueBufferDuration,GpuCompleted,
11-17 00:26:53.283 13653 13675 I System.out: 1 1,11573161257936,11573161257936,9223372036854775807,0,11573171040458,11573171040985,11573171116530,11573255668036,11573258455408,11573259193414,11573259240829,11573260718063,11573264329944,81621,414388,159595221925889142,
11-17 00:26:53.283 13653 13675 I System.out: 0 Flags,IntendedVsync,Vsync,OldestInputEvent,NewestInputEvent,HandleInputStart,AnimationStart,PerformTraversalsStart,DrawStart,SyncQueued,SyncStart,IssueDrawCommandsStart,SwapBuffers,FrameCompleted,DequeueBufferDuration,QueueBufferDuration,GpuCompleted,
11-17 00:26:53.283 13653 13675 I System.out: 1 1,11573161257936,11573161257936,9223372036854775807,0,11573171040458,11573171040985,11573171116530,11573255668036,11573258455408,11573259193414,11573259240829,11573260718063,11573264329944,81621,414388,159595221925889142,
11-17 00:26:53.292 14052 14077 W Jank    : Jank 180ms route:landing non:0
11-17 00:26:53.293   244   326 W EmuHWC2 : validate: layer 311 CompositionType 1, fallback
11-17 00:26:53.295   244   326 W EmuHWC2 : No layers, exit, buffer 0xebf01b10
11-17 00:26:53.310   244   326 W EmuHWC2 : validate: layer 311 CompositionType 1, fallback
11-17 00:26:53.311   244   326 W EmuHWC2 : No layers, exit, buffer 0xebf00510
11-17 00:26:53.315   442   467 I ActivityTaskManager: Fully drawn com.example.android.wearable.composeadvanced/.presentation.MainActivity: +314ms
11-17 00:26:53.319 14052 14077 W Jank    : Jank 123ms route:landing non:0
11-17 00:26:53.321  1140  1140 I WearInputMethodService: WearInputMethodService.onBindInput():963
11-17 00:26:53.323  1140  1140 I WearInputMethodService: WearInputMethodService.onFinishInput():2234
11-17 00:26:53.323  1140  1140 I WearInputMethodService: WearInputMethodService.onStartInput():1773
11-17 00:26:53.323  1140  1140 I WearInputMethodService: WearInputMethodService.onStartInput():1785 onStartInput(), Dummy InputConnection bound
11-17 00:26:53.327   244   326 W EmuHWC2 : validate: layer 311 CompositionType 1, fallback
11-17 00:26:53.328   244   326 W EmuHWC2 : No layers, exit, buffer 0xebf01b10
11-17 00:26:53.343   244   326 W EmuHWC2 : validate: layer 311 CompositionType 1, fallback
11-17 00:26:53.344   244   326 W EmuHWC2 : No layers, exit, buffer 0xebf00510
11-17 00:26:53.354 14052 14077 W Jank    : Jank 54ms route:landing non:0
11-17 00:26:53.361   244   326 W EmuHWC2 : validate: layer 311 CompositionType 1, fallback
11-17 00:26:53.362   244   326 W EmuHWC2 : No layers, exit, buffer 0xebf01b10
11-17 00:26:53.377   244   326 W EmuHWC2 : validate: layer 311 CompositionType 1, fallback
11-17 00:26:53.378   244   326 W EmuHWC2 : No layers, exit, buffer 0xebf00510
11-17 00:26:53.394   244   326 W EmuHWC2 : validate: layer 311 CompositionType 1, fallback
11-17 00:26:53.395   244   326 W EmuHWC2 : No layers, exit, buffer 0xebf01b10
11-17 00:26:53.410   244   326 W EmuHWC2 : validate: layer 311 CompositionType 1, fallback
11-17 00:26:53.411   244   326 W EmuHWC2 : No layers, exit, buffer 0xebf00510
11-17 00:26:53.427   244   326 W EmuHWC2 : validate: layer 311 CompositionType 1, fallback
11-17 00:26:53.428   244   326 W EmuHWC2 : No layers, exit, buffer 0xebf01b10
11-17 00:26:53.443   244   326 W EmuHWC2 : validate: layer 311 CompositionType 1, fallback
11-17 00:26:53.444   244   326 W EmuHWC2 : No layers, exit, buffer 0xebf00510
11-17 00:26:53.460   244   326 W EmuHWC2 : validate: layer 311 CompositionType 1, fallback
11-17 00:26:53.461   244   326 W EmuHWC2 : No layers, exit, buffer 0xebf01b10
11-17 00:26:53.477   244   326 W EmuHWC2 : validate: layer 311 CompositionType 1, fallback
11-17 00:26:53.478   244   326 W EmuHWC2 : No layers, exit, buffer 0xebf00510
11-17 00:26:53.493   244   326 W EmuHWC2 : validate: layer 311 CompositionType 1, fallback
11-17 00:26:53.494   244   326 W EmuHWC2 : No layers, exit, buffer 0xebf01b10
11-17 00:26:53.510   244   326 W EmuHWC2 : validate: layer 311 CompositionType 1, fallback
11-17 00:26:53.511   244   326 W EmuHWC2 : No layers, exit, buffer 0xebf00510
11-17 00:26:55.284 13653 13675 I PerfettoCapture: Stopping perfetto.
11-17 00:26:55.285 13639 13700 I System  : Process start: [su, root, kill, -TERM, 14022]
11-17 00:26:55.285 13639 13700 I System  : No redirects, no fds
11-17 00:26:55.292 14022 14022 I perfetto: perfetto_cmd.cc:858     SIGINT/SIGTERM received: disabling tracing.
11-17 00:26:55.292 13653 13675 D Benchmark: kill -TERM command output -
11-17 00:26:55.293 13639 13700 I System  : Process start: [su, root, ps, 14022]
11-17 00:26:55.293 13639 13700 I System  : No redirects, no fds
11-17 00:26:55.294   325   325 I perfetto: probes_producer.cc:329  Producer stop (id=184)
11-17 00:26:55.296   325   325 I perfetto: ftrace_procfs.cc:183    disabled ftrace
11-17 00:26:55.408 13653 13675 D Benchmark: Waiting 100 ms for [ProcessPid(processName=perfetto, pid=14022)] to die
11-17 00:26:55.409 13639 13700 I System  : Process start: [su, root, ps, 14022]
11-17 00:26:55.409 13639 13700 I System  : No redirects, no fds
11-17 00:26:55.525 13653 13675 D Benchmark: Waiting 100 ms for [ProcessPid(processName=perfetto, pid=14022)] to die
11-17 00:26:55.526 13639 13700 I System  : Process start: [su, root, ps, 14022]
11-17 00:26:55.526 13639 13700 I System  : No redirects, no fds
11-17 00:26:55.639 13653 13675 D Benchmark: Waiting 100 ms for [ProcessPid(processName=perfetto, pid=14022)] to die
11-17 00:26:55.639 13639 13700 I System  : Process start: [su, root, ps, 14022]
11-17 00:26:55.639 13639 13700 I System  : No redirects, no fds
11-17 00:26:55.701   325   325 I perfetto: probes_producer.cc:329  Producer stop (id=185)
11-17 00:26:55.701   325   325 I perfetto: probes_producer.cc:329  Producer stop (id=186)
11-17 00:26:55.704 14022 14022 I perfetto: perfetto_cmd.cc:807     Trace written into the output file
11-17 00:26:55.704   336   336 I perfetto: ng_service_impl.cc:1948 Tracing session 62 ended, total sessions:0
11-17 00:26:55.752 13653 13675 D Benchmark: Waiting 100 ms for [ProcessPid(processName=perfetto, pid=14022)] to die
11-17 00:26:55.752 13639 13700 I System  : Process start: [su, root, ps, 14022]
11-17 00:26:55.753 13639 13700 I System  : No redirects, no fds
11-17 00:26:55.766 13653 13675 I PerfettoCapture: Writing to /storage/emulated/0/Android/media/com.example.android.wearable.composeadvanced.benchmark/StartupBenchmark_startup[compilation=None]_iter001_2022-11-16-21-26-55.perfetto-trace.
11-17 00:26:55.766 13639 13700 I System  : Process start: [su, root, mv, /data/misc/perfetto-traces/trace_output.pb, /storage/emulated/0/Android/media/com.example.android.wearable.composeadvanced.benchmark/StartupBenchmark_startup[compilation=None]_iter001_2022-11-16-21-26-55.perfetto-trace]
11-17 00:26:55.766 13639 13700 I System  : No redirects, no fds
11-17 00:26:55.778 13653 13675 D Benchmark: Copying /storage/emulated/0/Android/media/com.example.android.wearable.composeadvanced.benchmark/StartupBenchmark_startup[compilation=None]_iter001_2022-11-16-21-26-55.perfetto-trace to /sdcard/Android/media/com.example.android.wearable.composeadvanced.benchmark/additional_test_output/StartupBenchmark_startup[compilation=None]_iter001_2022-11-16-21-26-55.perfetto-trace
11-17 00:26:55.795 13639 13700 I System  : Process start: [su, root, /data/local/tmp/trace_processor_shell, --query-file, /storage/emulated/0/Android/media/com.example.android.wearable.composeadvanced.benchmark/trace_processor_query.sql, /sdcard/Android/media/com.example.android.wearable.composeadvanced.benchmark/additional_test_output/StartupBenchmark_startup[compilation=None]_iter001_2022-11-16-21-26-55.perfetto-trace]
11-17 00:26:55.795 13639 13700 I System  : No redirects, no fds
11-17 00:26:55.893 14118 14118 W perfetto: processor_shell.cc:1367 Trace loaded: 1.31 MB in 0.07s (18.1 MB/s)
11-17 00:26:55.897 14118 14118 W perfetto: _processor_shell.cc:619 Executing query: SELECT
11-17 00:26:55.897 14118 14118 W perfetto: slice.name as name,
11-17 00:26:55.897 14118 14118 W perfetto: slice.ts as ts,
11-17 00:26:55.897 14118 14118 W perfetto: slice.dur as dur
11-17 00:26:55.897 14118 14118 W perfetto: FROM slice
11-17 00:26:55.897 14118 14118 W perfetto: INNER JOIN thread_track on slice.track_id = thread_track.id
11-17 00:26:55.897 14118 14118 W perfetto: INNER JOIN thread USING(utid)
11-17 00:26:55.897 14118 14118 W perfetto: INNER JOIN process USING(upid)
11-17 00:26:55.897 14118 14118 W perfetto: WHERE (
11-17 00:26:55.897 14118 14118 W perfetto: ((process.name LIKE "com.example.android.wearable.composeadvanced.benchmark" OR process.name LIKE "com.example.android.wearable.composeadvanced.benchmark:%") AND slice.name LIKE "startActivityAndWait") OR
11-17 00:26:55.897 14118 14118 W perfetto: (
11-17 00:26:55.897 14118 14118 W perfetto: (process.name LIKE "com.example.android.wearable.composeadvanced" OR process.name LIKE "com.example.android.wearable.composeadvanced:%") AND (
11-17 00:26:55.897 14118 14118 W perfetto: (slice.name LIKE "activityResume" AND process.pid LIKE thread.tid) OR
11-17 00:26:55.897 14118 14118 W perfetto: (slice.name LIKE "Choreographer#doFrame%" AND process.pid LIKE thread.tid) OR
11-17 00:26:55.897 14118 14118 W perfetto: (slice.name LIKE "reportFullyDrawn() for %" AND process.pid LIKE thread.tid) OR
11-17 00:26:55.897 14118 14118 W perfetto: (slice.name LIKE "DrawFrame%" AND thread.name LIKE "RenderThread")
11-17 00:26:55.897 14118 14118 W perfetto: )
11-17 00:26:55.897 14118 14118 W perfetto: ) OR
11-17 00:26:55.897 14118 14118 W perfetto: (
11-17 00:26:55.897 14118 14118 W perfetto: process.name LIKE "system_server" AND
11-17 00:26:55.897 14118 14118 W perfetto: slice.name LIKE "MetricsLogger:launchObserverNotifyIntentStarted"
11-17 00:26:55.897 14118 14118 W perfetto: )
11-17 00:26:55.897 14118 14118 W perfetto: )
11-17 00:26:55.897 14118 14118 W perfetto: UNION
11-17 00:26:55.897 14118 14118 W perfetto: SELECT
11-17 00:26:55.897 14118 14118 W perfetto: slice.n
11-17 00:26:55.910  1260  1366 I MediaProvider: Deleted 1 items on external_primary due to com.example.android.wearable.composeadvanced.benchmark
11-17 00:26:55.910 13653 13675 I System.out: query result line "name","ts","dur"
11-17 00:26:55.910 13653 13675 I System.out: query result line "startActivityAndWait",11573036653352,332138644
11-17 00:26:55.910 13653 13675 I System.out: query result line "MetricsLogger:launchObserverNotifyIntentStarted",11573085410323,28231
11-17 00:26:55.910 13653 13675 I System.out: query result line "launching: com.example.android.wearable.composeadvanced",11573088732856,178782566
11-17 00:26:55.910 13653 13675 I System.out: query result line "activityResume",11573168105629,2797095
11-17 00:26:55.910 13653 13675 I System.out: query result line "Choreographer#doFrame",11573171038119,93938364
11-17 00:26:55.910 13653 13675 I System.out: query result line "DrawFrame",11573258529256,6210553
11-17 00:26:55.910 13653 13675 I System.out: query result line "Choreographer#doFrame",11573268913760,90142544
11-17 00:26:55.910 13653 13675 I System.out: query result line "DrawFrame",11573358875965,18454921
11-17 00:26:55.910 13653 13675 I System.out: query result line "Choreographer#doFrame",11573365845808,36102741
11-17 00:26:55.910 13653 13675 I System.out: query result line "reportFullyDrawn() for ComponentActivity",11573399641561,1078350
11-17 00:26:55.910 13653 13675 I System.out: query result line "DrawFrame",11573401678974,2239097
11-17 00:26:55.910 13653 13675 I System.out: query result line "Choreographer#doFrame",11573409987709,22746847
11-17 00:26:55.910 13653 13675 I System.out: query result line "DrawFrame",11573432495621,7123108
11-17 00:26:55.910 13653 13675 I System.out: query result line "Choreographer#doFrame",11573435382780,4486822
11-17 00:26:55.910 13653 13675 I System.out: query result line "DrawFrame",11573439642070,8293146
11-17 00:26:55.911 13653 13675 I System.out: query result line "Choreographer#doFrame",11573448693462,684596
11-17 00:26:55.911 13653 13675 I System.out: query result line "Choreographer#doFrame",11573461537383,484538
11-17 00:26:55.911 13653 13675 I System.out: query result line "Choreographer#doFrame",11573478166313,459680
11-17 00:26:55.911 13653 13675 I System.out: query result line "Choreographer#doFrame",11573495440569,712009
11-17 00:26:55.911 13653 13675 I System.out: query result line "Choreographer#doFrame",11573511592230,520971
11-17 00:26:55.911 13653 13675 I System.out: query result line "Choreographer#doFrame",11573528253909,474904
11-17 00:26:55.911 13653 13675 I System.out: query result line "Choreographer#doFrame",11573544963870,351713
11-17 00:26:55.911 13653 13675 I System.out: query result line "Choreographer#doFrame",11573561538477,444224
11-17 00:26:55.911 13653 13675 I System.out: query result line "Choreographer#doFrame",11573578132127,362953
11-17 00:26:55.911 13653 13675 I System.out: query result line "Choreographer#doFrame",11573594876291,641855
11-17 00:26:55.911 13653 13675 I System.out: query result line "Choreographer#doFrame",11573612157965,589090
11-17 00:26:55.911 13653 13675 I System.out: query result line "Choreographer#doFrame",11573628507456,496362
11-17 00:26:55.911 13653 13675 I System.out: query result line "Choreographer#doFrame",11573645227518,566857
11-17 00:26:55.911 13653 13675 I System.out: query result line "Choreographer#doFrame",11573661581691,408526
11-17 00:26:55.911 13653 13675 I System.out: query result line "Choreographer#doFrame",11573678143393,265197
11-17 00:26:55.911 13653 13675 I System.out: query result line "Choreographer#doFrame",11573694881286,732692
11-17 00:26:55.911 13653 13675 I System.out: query result line "Choreographer#doFrame",11573711797253,895911
11-17 00:26:55.911 13653 13675 I System.out: query result line "Choreographer#doFrame",11573728791043,688249
11-17 00:26:55.911 13653 13675 I System.out: query result line "Choreographer#doFrame",11573745083491,718822
11-17 00:26:55.911 13653 13675 I System.out: query result line "Choreographer#doFrame",11573761825434,641393
11-17 00:26:55.911 13653 13675 I System.out: query result line "Choreographer#doFrame",11573778134460,222475
11-17 00:26:55.911 13653 13675 I System.out: query result line "Choreographer#doFrame",11573794992337,699870
11-17 00:26:55.911 13653 13675 I System.out: query result line "Choreographer#doFrame",11573811694542,653862
11-17 00:26:55.911 13653 13675 I System.out: query result line "Choreographer#doFrame",11573828216246,346664
11-17 00:26:55.911 13653 13675 I System.out: query result line "Choreographer#doFrame",11573844987500,251223
11-17 00:26:55.911 13653 13675 I System.out: query result line "Choreographer#doFrame",11573861710266,827459
11-17 00:26:55.911 13653 13675 I System.out: query result line "Choreographer#doFrame",11573878496319,388826
11-17 00:26:55.911 13653 13675 I System.out: query result line "Choreographer#doFrame",11573894805114,223837
11-17 00:26:55.911 13653 13675 I System.out: query result line "Choreographer#doFrame",11573911620952,271098
11-17 00:26:55.911 13653 13675 I System.out: query result line "Choreographer#doFrame",11573928173830,265298
11-17 00:26:55.911 13653 13675 I System.out: query result line "Choreographer#doFrame",11573944883147,212778
11-17 00:26:55.911 13653 13675 I System.out: query result line "Choreographer#doFrame",11573961555205,151777
11-17 00:26:55.911 13653 13675 I System.out: query result line "Choreographer#doFrame",11573978208215,211946
11-17 00:26:55.911 13653 13675 I System.out: query result line "Choreographer#doFrame",11573994868664,275197
11-17 00:26:55.911 13653 13675 I System.out: query result line "Choreographer#doFrame",11574011454811,486854
11-17 00:26:55.911 13653 13675 I System.out: query result line "Choreographer#doFrame",11574028348735,456302
11-17 00:26:55.911 13653 13675 I System.out: query result line "Choreographer#doFrame",11574045015697,438394
11-17 00:26:55.911 13653 13675 I System.out: query result line "Choreographer#doFrame",11574061731255,522981
11-17 00:26:55.911 13653 13675 I System.out: query result line "Choreographer#doFrame",11574078387131,423488
11-17 00:26:55.911 13653 13675 I System.out: query result line "Choreographer#doFrame",11574095059457,580040
11-17 00:26:55.911 13653 13675 I System.out: query result line "Choreographer#doFrame",11574111722912,491075
11-17 00:26:55.911 13653 13675 I System.out: query result line "Choreographer#doFrame",11574128502591,13834
11-17 00:26:55.911 13653 13675 I System.out: query result line
11-17 00:26:55.914 13653 13675 D Benchmark: Iteration 1 captured UiState{timeline_start_ts=11573085410323, timeline_end_ts=11573403918071, highlight_process=HighlightProcess{cmdline=com.example.android.wearable.composeadvanced}}
11-17 00:26:55.914 13653 13675 D Benchmark: Killing process com.example.android.wearable.composeadvanced
11-17 00:26:55.914 13639 13700 I System  : Process start: [am, force-stop, com.example.android.wearable.composeadvanced]
11-17 00:26:55.914 13639 13700 I System  : No redirects, no fds
11-17 00:26:55.927   442  2922 W InputReader: Device virtio_input_multi_touch_6 is associated with display ADISPLAY_ID_NONE.
11-17 00:26:55.927   442  2922 W InputReader: Device virtio_input_multi_touch_3 is associated with display ADISPLAY_ID_NONE.
11-17 00:26:55.927   442  2922 W InputReader: Device virtio_input_multi_touch_10 is associated with display ADISPLAY_ID_NONE.
