11-17 00:27:36.239 15962 15962 W perfetto: _processor_shell.cc:619 Executing query: SELECT
11-17 00:27:36.239 15962 15962 W perfetto: slice.name as name,
11-17 00:27:36.239 15962 15962 W perfetto: slice.ts as ts,
11-17 00:27:36.239 15962 15962 W perfetto: slice.dur as dur
11-17 00:27:36.239 15962 15962 W perfetto: FROM slice
11-17 00:27:36.239 15962 15962 W perfetto: INNER JOIN thread_track on slice.track_id = thread_track.id
11-17 00:27:36.239 15962 15962 W perfetto: INNER JOIN thread USING(utid)
11-17 00:27:36.239 15962 15962 W perfetto: INNER JOIN process USING(upid)
11-17 00:27:36.239 15962 15962 W perfetto: WHERE (
11-17 00:27:36.239 15962 15962 W perfetto: ((process.name LIKE "com.example.android.wearable.composeadvanced.benchmark" OR process.name LIKE "com.example.android.wearable.composeadvanced.benchmark:%") AND slice.name LIKE "startActivityAndWait") OR
11-17 00:27:36.239 15962 15962 W perfetto: (
11-17 00:27:36.239 15962 15962 W perfetto: (process.name LIKE "com.example.android.wearable.composeadvanced" OR process.name LIKE "com.example.android.wearable.composeadvanced:%") AND (
11-17 00:27:36.239 15962 15962 W perfetto: (slice.name LIKE "activityResume" AND process.pid LIKE thread.tid) OR
11-17 00:27:36.239 15962 15962 W perfetto: (slice.name LIKE "Choreographer#doFrame%" AND process.pid LIKE thread.tid) OR
11-17 00:27:36.239 15962 15962 W perfetto: (slice.name LIKE "reportFullyDrawn() for %" AND process.pid LIKE thread.tid) OR
11-17 00:27:36.239 15962 15962 W perfetto: (slice.name LIKE "DrawFrame%" AND thread.name LIKE "RenderThread")
11-17 00:27:36.239 15962 15962 W perfetto: )
11-17 00:27:36.239 15962 15962 W perfetto: ) OR
11-17 00:27:36.239 15962 15962 W perfetto: (
11-17 00:27:36.239 15962 15962 W perfetto: process.name LIKE "system_server" AND
11-17 00:27:36.239 15962 15962 W perfetto: slice.name LIKE "MetricsLogger:launchObserverNotifyIntentStarted"
11-17 00:27:36.239 15962 15962 W perfetto: )
11-17 00:27:36.239 15962 15962 W perfetto: )
11-17 00:27:36.239 15962 15962 W perfetto: UNION
11-17 00:27:36.239 15962 15962 W perfetto: SELECT
11-17 00:27:36.239 15962 15962 W perfetto: slice.n
11-17 00:27:36.251  1260  1367 I MediaProvider: Deleted 1 items on external_primary due to com.example.android.wearable.composeadvanced.benchmark
11-17 00:27:36.252 13653 13675 I System.out: query result line "name","ts","dur"
11-17 00:27:36.252 13653 13675 I System.out: query result line "startActivityAndWait",11613314688400,303893094
11-17 00:27:36.252 13653 13675 I System.out: query result line "MetricsLogger:launchObserverNotifyIntentStarted",11613361822216,22257
11-17 00:27:36.252 13653 13675 I System.out: query result line "launching: com.example.android.wearable.composeadvanced",11613364635681,152637865
11-17 00:27:36.252 13653 13675 I System.out: query result line "activityResume",11613438927855,2931111
11-17 00:27:36.252 13653 13675 I System.out: query result line "Choreographer#doFrame",11613444817759,70073595
11-17 00:27:36.252 13653 13675 I System.out: query result line "DrawFrame",11613508944814,5554605
11-17 00:27:36.252 13653 13675 I System.out: query result line "Choreographer#doFrame",11613517798870,28317438
11-17 00:27:36.252 13653 13675 I System.out: query result line "DrawFrame",11613545869551,19323504
11-17 00:27:36.252 13653 13675 I System.out: query result line "Choreographer#doFrame",11613550104926,15365092
11-17 00:27:36.252 13653 13675 I System.out: query result line "reportFullyDrawn() for ComponentActivity",11613554839854,1206115
11-17 00:27:36.252 13653 13675 I System.out: query result line "DrawFrame",11613565203728,15309191
11-17 00:27:36.252 13653 13675 I System.out: query result line "Choreographer#doFrame",11613569820891,15171834
11-17 00:27:36.252 13653 13675 I System.out: query result line "DrawFrame",11613580531173,16566968
11-17 00:27:36.252 13653 13675 I System.out: query result line "Choreographer#doFrame",11613586389160,10858891
11-17 00:27:36.252 13653 13675 I System.out: query result line "DrawFrame",11613597106019,16818287
11-17 00:27:36.252 13653 13675 I System.out: query result line "Choreographer#doFrame",11613598360030,208459
11-17 00:27:36.252 13653 13675 I System.out: query result line "Choreographer#doFrame",11613611655181,289851
11-17 00:27:36.252 13653 13675 I System.out: query result line "Choreographer#doFrame",11613628269727,271262
11-17 00:27:36.252 13653 13675 I System.out: query result line "Choreographer#doFrame",11613645034687,318249
11-17 00:27:36.252 13653 13675 I System.out: query result line "Choreographer#doFrame",11613661616246,667701
11-17 00:27:36.252 13653 13675 I System.out: query result line "Choreographer#doFrame",11613678221378,615497
11-17 00:27:36.252 13653 13675 I System.out: query result line "Choreographer#doFrame",11613695172535,477185
11-17 00:27:36.252 13653 13675 I System.out: query result line "Choreographer#doFrame",11613711737418,506176
11-17 00:27:36.252 13653 13675 I System.out: query result line "Choreographer#doFrame",11613728325038,522884
11-17 00:27:36.252 13653 13675 I System.out: query result line "Choreographer#doFrame",11613744989635,1038739
11-17 00:27:36.252 13653 13675 I System.out: query result line "Choreographer#doFrame",11613761681150,838781
11-17 00:27:36.252 13653 13675 I System.out: query result line "Choreographer#doFrame",11613778249512,429331
11-17 00:27:36.252 13653 13675 I System.out: query result line "Choreographer#doFrame",11613794940660,547510
11-17 00:27:36.252 13653 13675 I System.out: query result line "Choreographer#doFrame",11613811774350,650860
11-17 00:27:36.252 13653 13675 I System.out: query result line "Choreographer#doFrame",11613828362449,563698
11-17 00:27:36.252 13653 13675 I System.out: query result line "Choreographer#doFrame",11613844997244,506330
11-17 00:27:36.252 13653 13675 I System.out: query result line "Choreographer#doFrame",11613861658311,508772
11-17 00:27:36.252 13653 13675 I System.out: query result line "Choreographer#doFrame",11613878320083,544113
11-17 00:27:36.252 13653 13675 I System.out: query result line "Choreographer#doFrame",11613894951015,498791
11-17 00:27:36.252 13653 13675 I System.out: query result line "Choreographer#doFrame",11613911651067,538666
11-17 00:27:36.252 13653 13675 I System.out: query result line "Choreographer#doFrame",11613928461735,458675
11-17 00:27:36.252 13653 13675 I System.out: query result line "Choreographer#doFrame",11613945079855,573853
11-17 00:27:36.252 13653 13675 I System.out: query result line "Choreographer#doFrame",11613961876989,661298
11-17 00:27:36.252 13653 13675 I System.out: query result line "Choreographer#doFrame",11613978322755,464970
11-17 00:27:36.252 13653 13675 I System.out: query result line "Choreographer#doFrame",11613995149420,575600
11-17 00:27:36.253 13653 13675 I System.out: query result line "Choreographer#doFrame",11614011887968,608603
11-17 00:27:36.253 13653 13675 I System.out: query result line "Choreographer#doFrame",11614028560471,560408
11-17 00:27:36.253 13653 13675 I System.out: query result line "Choreographer#doFrame",11614045297719,539939
11-17 00:27:36.253 13653 13675 I System.out: query result line "Choreographer#doFrame",11614062011581,540253
11-17 00:27:36.253 13653 13675 I System.out: query result line "Choreographer#doFrame",11614078577094,550430
11-17 00:27:36.253 13653 13675 I System.out: query result line "Choreographer#doFrame",11614095145197,494287
11-17 00:27:36.253 13653 13675 I System.out: query result line "Choreographer#doFrame",11614111862055,460114
11-17 00:27:36.253 13653 13675 I System.out: query result line "Choreographer#doFrame",11614128567682,501417
11-17 00:27:36.253 13653 13675 I System.out: query result line "Choreographer#doFrame",11614145172557,485264
11-17 00:27:36.253 13653 13675 I System.out: query result line "Choreographer#doFrame",11614161955787,474040
11-17 00:27:36.253 13653 13675 I System.out: query result line "Choreographer#doFrame",11614178575583,520493
11-17 00:27:36.253 13653 13675 I System.out: query result line "Choreographer#doFrame",11614195220983,518742
11-17 00:27:36.253 13653 13675 I System.out: query result line "Choreographer#doFrame",11614211946128,563556
11-17 00:27:36.253 13653 13675 I System.out: query result line "Choreographer#doFrame",11614228606369,519015
11-17 00:27:36.253 13653 13675 I System.out: query result line "Choreographer#doFrame",11614245196584,638162
11-17 00:27:36.253 13653 13675 I System.out: query result line "Choreographer#doFrame",11614261931673,15856
11-17 00:27:36.253 13653 13675 I System.out: query result line
11-17 00:27:36.255 13653 13675 D Benchmark: Iteration 3 captured UiState{timeline_start_ts=11613361822216, timeline_end_ts=11613580512919, highlight_process=HighlightProcess{cmdline=com.example.android.wearable.composeadvanced}}
11-17 00:27:36.255 13653 13675 D Benchmark: Killing process com.example.android.wearable.composeadvanced
11-17 00:27:36.255 13639 13652 I System  : Process start: [am, force-stop, com.example.android.wearable.composeadvanced]
11-17 00:27:36.255 13639 13652 I System  : No redirects, no fds
11-17 00:27:36.274   442  1290 W InputReader: Device virtio_input_multi_touch_6 is associated with display ADISPLAY_ID_NONE.
11-17 00:27:36.274   442  1290 W InputReader: Device virtio_input_multi_touch_3 is associated with display ADISPLAY_ID_NONE.
11-17 00:27:36.274   442  1290 W InputReader: Device virtio_input_multi_touch_10 is associated with display ADISPLAY_ID_NONE.
11-17 00:27:36.274   442  1290 W InputReader: Device virtio_input_multi_touch_4 is associated with display ADISPLAY_ID_NONE.
11-17 00:27:36.274   442  1290 W InputReader: Device virtio_input_multi_touch_11 is associated with display ADISPLAY_ID_NONE.
11-17 00:27:36.274   442  1290 W InputReader: Device virtio_input_multi_touch_5 is associated with display ADISPLAY_ID_NONE.
11-17 00:27:36.274   442  1290 W InputReader: Device virtio_input_multi_touch_2 is associated with display ADISPLAY_ID_NONE.
11-17 00:27:36.274   442  1290 W InputReader: Device virtio_input_multi_touch_8 is associated with display ADISPLAY_ID_NONE.
11-17 00:27:36.274   442  1290 W InputReader: Device virtio_input_multi_touch_9 is associated with display ADISPLAY_ID_NONE.
11-17 00:27:36.274   442  1290 W InputReader: Device virtio_input_multi_touch_7 is associated with display ADISPLAY_ID_NONE.
11-17 00:27:36.274   442  1290 W InputReader: Device virtio_input_multi_touch_6 is associated with display ADISPLAY_ID_NONE.
11-17 00:27:36.274   442  1290 W InputReader: Device virtio_input_multi_touch_3 is associated with display ADISPLAY_ID_NONE.
11-17 00:27:36.274   442  1290 W InputReader: Device virtio_input_multi_touch_10 is associated with display ADISPLAY_ID_NONE.
11-17 00:27:36.274   442  1290 W InputReader: Device virtio_input_multi_touch_4 is associated with display ADISPLAY_ID_NONE.
11-17 00:27:36.274   442  1290 W InputReader: Device virtio_input_multi_touch_11 is associated with display ADISPLAY_ID_NONE.
11-17 00:27:36.274   442  1290 W InputReader: Device virtio_input_multi_touch_5 is associated with display ADISPLAY_ID_NONE.
11-17 00:27:36.274   442  1290 W InputReader: Device virtio_input_multi_touch_2 is associated with display ADISPLAY_ID_NONE.
11-17 00:27:36.274   442  1290 W InputReader: Device virtio_input_multi_touch_8 is associated with display ADISPLAY_ID_NONE.
11-17 00:27:36.274   442  1290 W InputReader: Device virtio_input_multi_touch_9 is associated with display ADISPLAY_ID_NONE.
11-17 00:27:36.274   442  1290 W InputReader: Device virtio_input_multi_touch_7 is associated with display ADISPLAY_ID_NONE.
11-17 00:27:36.283 15968 15970 I cmd     : oneway function results will be dropped but finished with status OK and parcel size 4
11-17 00:27:36.284   243  4390 D goldfish-address-space: claimShared: Ask to claim region [0x3fcb0c000 0x3fcbd6000]
11-17 00:27:36.286   243  4390 D goldfish-address-space: claimShared: Ask to claim region [0x3fcca0000 0x3fcd6a000]
11-17 00:27:36.288   225   225 I Zygote  : Process 15898 exited due to signal 9 (Killed)
11-17 00:27:36.290   243  4390 D goldfish-address-space: claimShared: Ask to claim region [0x3fdb9e000 0x3fdc68000]
11-17 00:27:36.296   605   605 D SysUI   : [LauncherViewsUiManager]activityObserver onStateChanged ON_START
11-17 00:27:36.296   861   861 D CarrierSvcBindHelper: No carrier app for: 0
11-17 00:27:36.302   243  4390 D goldfish-address-space: claimShared: Ask to claim region [0x3fdc68000 0x3fdd32000]
11-17 00:27:36.303   243  4390 D goldfish-address-space: claimShared: Ask to claim region [0x3fdd32000 0x3fddfc000]
11-17 00:27:36.304   243  4390 D goldfish-address-space: claimShared: Ask to claim region [0x3fddfc000 0x3fdec6000]
11-17 00:27:36.307 13639 13652 I System  : Process start: [su, root, cp, /storage/emulated/0/Android/media/com.example.android.wearable.composeadvanced.benchmark/temporaryScript5285118607242486970.sh, /data/local/tmp/temporaryScript5285118607242486970.sh]
11-17 00:27:36.307 13639 13652 I System  : No redirects, no fds
11-17 00:27:36.309   442   470 I libprocessgroup: Successfully killed process cgroup uid 10080 pid 15898 in 43ms
11-17 00:27:36.312  1140  1140 I WearInputMethodService: WearInputMethodService.onBindInput():963
11-17 00:27:36.313   605   605 D SysUI   : [LauncherViewsUiManager]activityObserver onStateChanged ON_STOP
11-17 00:27:36.316  1140  1140 I WearInputMethodService: WearInputMethodService.onFinishInput():2234
11-17 00:27:36.316  1140  1140 I WearInputMethodService: WearInputMethodService.onStartInput():1773
11-17 00:27:36.316  1140  1140 I WearInputMethodService: WearInputMethodService.onStartInput():1785 onStartInput(), Dummy InputConnection bound
11-17 00:27:36.322 13639 13652 I System  : Process start: [su, root, chmod, +x, /data/local/tmp/temporaryScript5285118607242486970.sh]
11-17 00:27:36.322 13639 13652 I System  : No redirects, no fds
11-17 00:27:36.330 13639 13652 I System  : Process start: [su, root, /data/local/tmp/temporaryScript5285118607242486970.sh]
11-17 00:27:36.330 13639 13652 I System  : No redirects, no fds
11-17 00:27:36.376  1260  3339 I MediaProvider: Deleted 1 items on external_primary due to com.example.android.wearable.composeadvanced.benchmark
11-17 00:27:36.377 13639 13652 I System  : Process start: [su, root, rm, /data/local/tmp/temporaryScript5285118607242486970.sh]
11-17 00:27:36.377 13639 13652 I System  : No redirects, no fds
11-17 00:27:36.391 13653 13675 D PerfettoCapture: Supported ABIs: x86, armeabi-v7a, armeabi
11-17 00:27:36.391 13653 13675 D PerfettoCapture: Recording perfetto trace
11-17 00:27:36.397 13653 13675 I PerfettoCapture: Cleanup perfetto before starting.
11-17 00:27:36.397 13639 13652 I System  : Process start: [su, root, pgrep, -l, -f, perfetto]
11-17 00:27:36.397 13639 13652 I System  : No redirects, no fds
11-17 00:27:36.414 13639 13652 I System  : Process start: [su, root, pgrep, -l, -f, tracebox]
11-17 00:27:36.414 13639 13652 I System  : No redirects, no fds
11-17 00:27:36.429 13639 13652 I System  : Process start: [su, root, rm, /data/misc/perfetto-traces/trace_output.pb]
11-17 00:27:36.429 13639 13652 I System  : No redirects, no fds
11-17 00:27:36.439 13653 13675 I PerfettoCapture: Perfetto output file cleanup -
11-17 00:27:36.439 13653 13675 I PerfettoCapture: Starting perfetto tracing with cmd: cat /storage/emulated/0/Android/media/com.example.android.wearable.composeadvanced.benchmark/trace_config.pb | perfetto --background -c - -o /data/misc/perfetto-traces/trace_output.pb
11-17 00:27:36.443 13639 13652 I System  : Process start: [su, root, cp, /storage/emulated/0/Android/media/com.example.android.wearable.composeadvanced.benchmark/temporaryScript3459251940559321871.sh, /data/local/tmp/temporaryScript3459251940559321871.sh]
11-17 00:27:36.443 13639 13652 I System  : No redirects, no fds
11-17 00:27:36.454 13639 13695 I System  : Process start: [su, root, chmod, +x, /data/local/tmp/temporaryScript3459251940559321871.sh]
11-17 00:27:36.454 13639 13695 I System  : No redirects, no fds
11-17 00:27:36.464 13639 13695 I System  : Process start: [su, root, /data/local/tmp/temporaryScript3459251940559321871.sh]
11-17 00:27:36.464 13639 13695 I System  : No redirects, no fds
11-17 00:27:36.478 16003 16003 I perfetto: perfetto_cmd.cc:711     Connected to the Perfetto traced service, starting tracing
11-17 00:27:36.478   336   336 I perfetto: ing_service_impl.cc:758 Configured tracing session 75, #sources:4, duration:0 ms, #buffers:2, total buffer size:36864 KB, total sessions:1, uid:0 session name: ""
11-17 00:27:36.478   325   325 I perfetto: probes_producer.cc:230  Ftrace setup (target_buf=149)
11-17 00:27:36.479  1260  4251 I MediaProvider: Deleted 1 items on external_primary due to com.example.android.wearable.composeadvanced.benchmark
11-17 00:27:36.480 13639 13695 I System  : Process start: [su, root, rm, /data/local/tmp/temporaryScript3459251940559321871.sh]
11-17 00:27:36.480 13639 13695 I System  : No redirects, no fds
11-17 00:27:36.489 13653 13675 I PerfettoCapture: Perfetto output - 16003
11-17 00:27:36.489 13653 13675 I PerfettoCapture: EXITCODE=0
11-17 00:27:36.490 13639 13695 I System  : Process start: [su, root, ps, 16003]
11-17 00:27:36.490 13639 13695 I System  : No redirects, no fds
11-17 00:27:36.503 13653 13675 I PerfettoCapture: Perfetto tracing started successfully with pid 16003.
11-17 00:27:36.503 13639 13695 I System  : Process start: [su, root, ls, /sys/kernel/tracing/tracing_on]
11-17 00:27:36.503 13639 13695 I System  : No redirects, no fds
11-17 00:27:36.511 13639 13695 I System  : Process start: [su, root, cat, /sys/kernel/tracing/tracing_on]
11-17 00:27:36.511 13639 13695 I System  : No redirects, no fds
11-17 00:27:36.520   325   325 I perfetto: ftrace_procfs.cc:176    enabled ftrace
11-17 00:27:36.604  2571  2571 I Finsky  : [2] jov.onStartJob(4): SCH: job service start with id 9539.
11-17 00:27:36.612  2571 13539 I Finsky  : [513] jku.a(101): SCH: Satisfied jobs for 9539 are: 12-1
11-17 00:27:36.619 13639 13695 I System  : Process start: [su, root, cat, /sys/kernel/tracing/tracing_on]
11-17 00:27:36.619 13639 13695 I System  : No redirects, no fds
11-17 00:27:36.640  2571 16017 I Finsky  : [536] jnu.accept(58): SCH: Job 12-1 starting
11-17 00:27:36.641  2571  2571 I Finsky  : [2] ContentSyncJob.v(3): [ContentSync] job started
11-17 00:27:36.645 13653 13675 I PerfettoCapture: /sys/kernel/tracing/tracing_on = 1, polled 1 times, capture fully started
11-17 00:27:36.648  1260  1367 I MediaProvider: Deleted 1 items on external_primary due to com.example.android.wearable.composeadvanced.benchmark
11-17 00:27:36.649 13639 13695 I System  : Process start: [su, root, pgrep, -l, -f, com.example.android.wearable.composeadvanced]
11-17 00:27:36.650 13639 13695 I System  : No redirects, no fds
11-17 00:27:36.650  2571 16022 I Finsky  : [538] eeo.i(1): Completed 0 account content syncs with 0 successful.
11-17 00:27:36.650  2571  2571 I Finsky  : [2] ContentSyncJob.a(1): [ContentSync] Installation state replication succeeded.
11-17 00:27:36.650  2571  2571 I Finsky  : [2] jnd.r(4): SCH: jobFinished: 12-1. TimeElapsed: 10ms.
11-17 00:27:36.656  2571  2631 I Finsky  : [228] jkx.accept(48): SCH: Scheduling phonesky job Id: 1-1337, CT: 1668622496666, Constraints: [{ L: 38487726, D: 81687726, C: 1, I: 1, N: 1 }]
11-17 00:27:36.658  2571  2631 I Finsky  : [228] jkv.apply(48): SCH: Scheduling 1 system job(s)
11-17 00:27:36.658  2571  2631 I Finsky  : [228] jmz.d(17): SCH: Scheduling system job Id: 9541, L: 26927734, D: 70127734, C: false, I: false, N: 1
11-17 00:27:36.660  2571 16017 I Finsky  : [536] jov.a(16): SCH: job service finished with id 9539.
11-17 00:27:36.665 13653 13675 D Benchmark: Starting activity with command: am start -W "intent:#Intent;action=android.intent.action.MAIN;category=android.intent.category.LAUNCHER;launchFlags=0x10008000;package=com.example.android.wearable.composeadvanced;component=com.example.android.wearable.composeadvanced/.presentation.MainActivity;end"
11-17 00:27:36.669 13639 13695 I System  : Process start: [su, root, cp, /storage/emulated/0/Android/media/com.example.android.wearable.composeadvanced.benchmark/temporaryScript3462227853302221930.sh, /data/local/tmp/temporaryScript3462227853302221930.sh]
11-17 00:27:36.669 13639 13695 I System  : No redirects, no fds
11-17 00:27:36.677 13639 13695 I System  : Process start: [su, root, chmod, +x, /data/local/tmp/temporaryScript3462227853302221930.sh]
11-17 00:27:36.677 13639 13695 I System  : No redirects, no fds
11-17 00:27:36.684 13639 13695 I System  : Process start: [su, root, /data/local/tmp/temporaryScript3462227853302221930.sh]
11-17 00:27:36.684 13639 13695 I System  : No redirects, no fds
11-17 00:27:36.708   225   225 D Zygote  : Forked child process 16039
11-17 00:27:36.716   243  4390 D goldfish-address-space: claimShared: Ask to claim region [0x3fdc68000 0x3fdd32000]
11-17 00:27:36.728 16039 16039 W composeadvance: Unexpected CPU variant for X86 using defaults: x86
11-17 00:27:36.731   307   318 I adbd    : jdwp connection from 16039
11-17 00:27:36.735   442  1165 W InputReader: Device virtio_input_multi_touch_6 is associated with display ADISPLAY_ID_NONE.
11-17 00:27:36.735   442  1165 W InputReader: Device virtio_input_multi_touch_3 is associated with display ADISPLAY_ID_NONE.
11-17 00:27:36.735   442  1165 W InputReader: Device virtio_input_multi_touch_10 is associated with display ADISPLAY_ID_NONE.
11-17 00:27:36.735   442  1165 W InputReader: Device virtio_input_multi_touch_4 is associated with display ADISPLAY_ID_NONE.
11-17 00:27:36.735   442  1165 W InputReader: Device virtio_input_multi_touch_11 is associated with display ADISPLAY_ID_NONE.
11-17 00:27:36.735   442  1165 W InputReader: Device virtio_input_multi_touch_5 is associated with display ADISPLAY_ID_NONE.
11-17 00:27:36.735   442  1165 W InputReader: Device virtio_input_multi_touch_2 is associated with display ADISPLAY_ID_NONE.
11-17 00:27:36.735   442  1165 W InputReader: Device virtio_input_multi_touch_8 is associated with display ADISPLAY_ID_NONE.
11-17 00:27:36.735   442  1165 W InputReader: Device virtio_input_multi_touch_9 is associated with display ADISPLAY_ID_NONE.
11-17 00:27:36.735   442  1165 W InputReader: Device virtio_input_multi_touch_7 is associated with display ADISPLAY_ID_NONE.
11-17 00:27:36.735   442  1165 W InputReader: Device virtio_input_multi_touch_6 is associated with display ADISPLAY_ID_NONE.
11-17 00:27:36.735   442  1165 W InputReader: Device virtio_input_multi_touch_3 is associated with display ADISPLAY_ID_NONE.
11-17 00:27:36.735   442  1165 W InputReader: Device virtio_input_multi_touch_10 is associated with display ADISPLAY_ID_NONE.
11-17 00:27:36.735   442  1165 W InputReader: Device virtio_input_multi_touch_4 is associated with display ADISPLAY_ID_NONE.
11-17 00:27:36.735   442  1165 W InputReader: Device virtio_input_multi_touch_11 is associated with display ADISPLAY_ID_NONE.
11-17 00:27:36.735   442  1165 W InputReader: Device virtio_input_multi_touch_5 is associated with display ADISPLAY_ID_NONE.
11-17 00:27:36.735   442  1165 W InputReader: Device virtio_input_multi_touch_2 is associated with display ADISPLAY_ID_NONE.
11-17 00:27:36.735   442  1165 W InputReader: Device virtio_input_multi_touch_8 is associated with display ADISPLAY_ID_NONE.
11-17 00:27:36.736   442  1165 W InputReader: Device virtio_input_multi_touch_9 is associated with display ADISPLAY_ID_NONE.
11-17 00:27:36.736   442  1165 W InputReader: Device virtio_input_multi_touch_7 is associated with display ADISPLAY_ID_NONE.
11-17 00:27:36.742 16039 16039 I composeadvance: The ClassLoaderContext is a special shared library.
11-17 00:27:36.761   244   282 W EmuHWC2 : validate: layer 376 CompositionType 1, fallback
11-17 00:27:36.762   244   282 W EmuHWC2 : No layers, exit, buffer 0xebf01b10
11-17 00:27:36.768 16039 16039 D NetworkSecurityConfig: No Network Security Config specified, using platform default
11-17 00:27:36.769 16039 16039 D NetworkSecurityConfig: No Network Security Config specified, using platform default
11-17 00:27:36.773 16039 16063 D libEGL  : loaded /vendor/lib/egl/libEGL_emulation.so
11-17 00:27:36.774 16039 16063 D libEGL  : loaded /vendor/lib/egl/libGLESv1_CM_emulation.so
11-17 00:27:36.776 16039 16063 D libEGL  : loaded /vendor/lib/egl/libGLESv2_emulation.so
11-17 00:27:36.793   244   282 W EmuHWC2 : validate: layer 376 CompositionType 1, fallback
11-17 00:27:36.795   244   282 W EmuHWC2 : No layers, exit, buffer 0xebf00510
11-17 00:27:36.799 16039 16061 D HostConnection: HostConnection::get() New Host Connection established 0xebe65700, tid 16061
11-17 00:27:36.803   605   895 W SysUI   : [RecentTasksLauncherRepo]getRecentApps matched with a Launcher Activity in the task TaskInfo{userId=0 stackId=62 taskId=62 displayId=0 isRunning=true baseIntent=Intent { act=android.intent.action.MAIN cat=[android.intent.category.LAUNCHER] flg=0x10008000 pkg=com.example.android.wearable.composeadvanced cmp=com.example.android.wearable.composeadvanced/.presentation.MainActivity } baseActivity=ComponentInfo{com.example.android.wearable.composeadvanced/com.example.android.wearable.composeadvanced.presentation.MainActivity} topActivity=ComponentInfo{com.example.android.wearable.composeadvanced/com.example.android.wearable.composeadvanced.presentation.MainActivity} origActivity=null realActivity=ComponentInfo{com.example.android.wearable.composeadvanced/com.example.android.wearable.composeadvanced.presentation.MainActivity} numActivities=1 lastActiveTime=11616784 supportsSplitScreenMultiWindow=false resizeMode=1 isResizeable=true token=android.window.WindowContainerToken@8b00837 topActivityType=1 pictureInPictureParams=null topActivityInfo=ActivityInfo{6fe71a4 com.example.android.wearable.composeadvanced.presentation.MainActivity} == ActivityLauncherApp{label=Compose Advanced, recent=false, timeLastUsedMs=0, info=android.content.pm.LauncherActivityInfo@841c915, iconSupplier=cql@a85342a}
11-17 00:27:36.804   605   895 E SysUI   : [RecentTaskLauncherApp]Couldn't resolve any Activity for task TaskInfo{userId=0 stackId=14 taskId=14 displayId=0 isRunning=true baseIntent=Intent { act=android.intent.action.MAIN cat=[android.intent.category.LAUNCHER] flg=0x10100000 cmp=com.example.wearoscomposecodelab/androidx.compose.ui.tooling.PreviewActivity } baseActivity=ComponentInfo{com.example.wearoscomposecodelab/androidx.compose.ui.tooling.PreviewActivity} topActivity=ComponentInfo{com.example.wearoscomposecodelab/androidx.compose.ui.tooling.PreviewActivity} origActivity=null realActivity=ComponentInfo{com.example.wearoscomposecodelab/androidx.compose.ui.tooling.PreviewActivity} numActivities=1 lastActiveTime=11616784 supportsSplitScreenMultiWindow=false resizeMode=1 isResizeable=true token=android.window.WindowContainerToken@f156ce6 topActivityType=1 pictureInPictureParams=null topActivityInfo=ActivityInfo{9ce8b0d androidx.compose.ui.tooling.PreviewActivity}
11-17 00:27:36.804   605   895 W SysUI   : [RecentTasksLauncherRepo]getRecentApps matched task with the only Launcher in the package TaskInfo{userId=0 stackId=14 taskId=14 displayId=0 isRunning=true baseIntent=Intent { act=android.intent.action.MAIN cat=[android.intent.category.LAUNCHER] flg=0x10100000 cmp=com.example.wearoscomposecodelab/androidx.compose.ui.tooling.PreviewActivity } baseActivity=ComponentInfo{com.example.wearoscomposecodelab/androidx.compose.ui.tooling.PreviewActivity} topActivity=ComponentInfo{com.example.wearoscomposecodelab/androidx.compose.ui.tooling.PreviewActivity} origActivity=null realActivity=ComponentInfo{com.example.wearoscomposecodelab/androidx.compose.ui.tooling.PreviewActivity} numActivities=1 lastActiveTime=11616784 supportsSplitScreenMultiWindow=false resizeMode=1 isResizeable=true token=android.window.WindowContainerToken@f156ce6 topActivityType=1 pictureInPictureParams=null topActivityInfo=ActivityInfo{9ce8b0d androidx.compose.ui.tooling.PreviewActivity} == ActivityLauncherApp{label=My Application, recent=false, timeLastUsedMs=0, info=android.content.pm.LauncherActivityInfo@8db7c02, iconSupplier=cql@c89913}
11-17 00:27:36.804   605   895 E SysUI   : [RecentTaskLauncherApp]Couldn't resolve any Activity for task TaskInfo{userId=0 stackId=47 taskId=47 displayId=-1 isRunning=false baseIntent=Intent { act=android.intent.action.MAIN cat=[android.intent.category.LAUNCHER] flg=0x10000000 cmp=com.example.android.wearable.composeadvanced.test/androidx.test.core.app.InstrumentationActivityInvoker$EmptyActivity } baseActivity=null topActivity=null origActivity=null realActivity=ComponentInfo{com.example.android.wearable.composeadvanced.test/androidx.test.core.app.InstrumentationActivityInvoker$EmptyActivity} numActivities=0 lastActiveTime=11083539 supportsSplitScreenMultiWindow=false resizeMode=1 isResizeable=true token=android.window.WindowContainerToken@3ec9b18 topActivityType=1 pictureInPictureParams=null topActivityInfo=null
11-17 00:27:36.804   605   895 W SysUI   : [RecentTasksLauncherRepo]Using explicit label and icon from base Activity ComponentInfo{com.example.android.wearable.composeadvanced.test/androidx.test.core.app.InstrumentationActivityInvoker$EmptyActivity}
11-17 00:27:36.804   605   895 D SysUI   : [PrimesSysHealthLogger]Timer GLOBAL_LAUNCHER_LOAD_RECENT_TASKS_TIME took 3 ms
11-17 00:27:36.804   605   895 W SysUI   : [LauncherDefaultRecentsCombiner]Unable to get ActivityDisplayInfo for {com.fitbit.FitbitMobile/com.fitbit.today.TodayMainActivity} attempting to fetch from ResolveInfo
11-17 00:27:36.804   605   895 W SysUI   : [LauncherDefaultRecentsCombiner]Unable to get ResolveInfo for {com.fitbit.FitbitMobile/com.fitbit.today.TodayMainActivity}, not able to add to default recents
11-17 00:27:36.804   605   895 W SysUI   : [LauncherDefaultRecentsCombiner]Unable to get ActivityDisplayInfo for {com.fitbit.FitbitMobile/com.fitbit.exercise.MainActivity} attempting to fetch from ResolveInfo
11-17 00:27:36.804   605   895 W SysUI   : [LauncherDefaultRecentsCombiner]Unable to get ResolveInfo for {com.fitbit.FitbitMobile/com.fitbit.exercise.MainActivity}, not able to add to default recents
11-17 00:27:36.805   605   895 W SysUI   : [LauncherDefaultRecentsCombiner]Unable to get ActivityDisplayInfo for {com.google.android.apps.youtube.music/com.google.android.apps.youtube.music.wear.WearMainActivity} attempting to fetch from ResolveInfo
11-17 00:27:36.805   605   895 W SysUI   : [LauncherDefaultRecentsCombiner]Unable to get ResolveInfo for {com.google.android.apps.youtube.music/com.google.android.apps.youtube.music.wear.WearMainActivity}, not able to add to default recents
11-17 00:27:36.805   605   895 W SysUI   : [LauncherDefaultRecentsCombiner]Unable to get ActivityDisplayInfo for {com.google.android.apps.messaging/com.google.android.apps.messaging.main.WearMainActivity} attempting to fetch from ResolveInfo
11-17 00:27:36.805   605   895 W SysUI   : [LauncherDefaultRecentsCombiner]Unable to get ResolveInfo for {com.google.android.apps.messaging/com.google.android.apps.messaging.main.WearMainActivity}, not able to add to default recents
11-17 00:27:36.805   605   895 W SysUI   : [LauncherDefaultRecentsCombiner]Unable to get ActivityDisplayInfo for {com.google.android.dialer/com.google.android.wearable.googledialer.launcher.impl.LauncherActivity} attempting to fetch from ResolveInfo
11-17 00:27:36.805   605   895 W SysUI   : [LauncherDefaultRecentsCombiner]Unable to get ResolveInfo for {com.google.android.dialer/com.google.android.wearable.googledialer.launcher.impl.LauncherActivity}, not able to add to default recents
11-17 00:27:36.805   605   895 W SysUI   : [LauncherDefaultRecentsCombiner]Unable to get ActivityDisplayInfo for {com.google.android.apps.safetyhub/com.google.android.wearable.safety.application.MainActivity} attempting to fetch from ResolveInfo
11-17 00:27:36.805   605   895 W SysUI   : [LauncherDefaultRecentsCombiner]Unable to get ResolveInfo for {com.google.android.apps.safetyhub/com.google.android.wearable.safety.application.MainActivity}, not able to add to default recents
11-17 00:27:36.805   605   895 W SysUI   : [LauncherDefaultRecentsCombiner]Unable to get ActivityDisplayInfo for {com.google.android.apps.maps/com.google.android.apps.gmmwearable.MainActivity} attempting to fetch from ResolveInfo
11-17 00:27:36.805   605   895 W SysUI   : [LauncherDefaultRecentsCombiner]Unable to get ResolveInfo for {com.google.android.apps.maps/com.google.android.apps.gmmwearable.MainActivity}, not able to add to default recents
11-17 00:27:36.805   605   895 D SysUI   : [LauncherDefaultRecentsCombiner]Have to merge with 1 default apps
11-17 00:27:36.805   605   851 D SysUI   : [PrimesSysHealthLogger]Timer GLOBAL_LAUNCHER_MERGE_ONGOING_ACTIVITIES_TIME took 0 ms
11-17 00:27:36.806 16039 16061 D HostConnection: HostComposition ext ANDROID_EMU_CHECKSUM_HELPER_v1 ANDROID_EMU_native_sync_v2 ANDROID_EMU_native_sync_v3 ANDROID_EMU_native_sync_v4 ANDROID_EMU_dma_v1 ANDROID_EMU_direct_mem ANDROID_EMU_host_composition_v1 ANDROID_EMU_host_composition_v2 ANDROID_EMU_vulkan ANDROID_EMU_deferred_vulkan_commands ANDROID_EMU_vulkan_null_optional_strings ANDROID_EMU_vulkan_create_resources_with_requirements ANDROID_EMU_YUV_Cache ANDROID_EMU_vulkan_ignored_handles ANDROID_EMU_has_shared_slots_host_memory_allocator ANDROID_EMU_vulkan_free_memory_sync ANDROID_EMU_vulkan_shader_float16_int8 ANDROID_EMU_vulkan_async_queue_submit ANDROID_EMU_sync_buffer_data ANDROID_EMU_vulkan_async_qsri ANDROID_EMU_read_color_buffer_dma GL_OES_EGL_image_external_essl3 GL_OES_vertex_array_object GL_KHR_texture_compression_astc_ldr ANDROID_EMU_host_side_tracing ANDROID_EMU_gles_max_version_3_0
11-17 00:27:36.806   159   159 I hwservicemanager: getTransport: Cannot find entry android.hardware.configstore@1.0::ISurfaceFlingerConfigs/default in either framework or device manifest.
11-17 00:27:36.807 16039 16061 W OpenGLRenderer: Failed to choose config with EGL_SWAP_BEHAVIOR_PRESERVED, retrying without...
11-17 00:27:36.807 16039 16061 D EGL_emulation: eglCreateContext: 0xebe66340: maj 3 min 0 rcv 3
11-17 00:27:36.808 16039 16061 D EGL_emulation: eglMakeCurrent: 0xebe66340: ver 3 0 (tinfo 0xec1b3a30) (first time)
11-17 00:27:36.810   244   282 W EmuHWC2 : validate: layer 376 CompositionType 1, fallback
11-17 00:27:36.811   244   282 W EmuHWC2 : No layers, exit, buffer 0xebf01b10
11-17 00:27:36.811   243  4390 D goldfish-address-space: claimShared: Ask to claim region [0x3fdd32000 0x3fddfc000]
11-17 00:27:36.814   159   159 I hwservicemanager: getTransport: Cannot find entry android.hardware.graphics.mapper@4.0::IMapper/default in either framework or device manifest.
11-17 00:27:36.814 16039 16061 I Gralloc4: mapper 4.x is not supported
11-17 00:27:36.814 16039 16061 D HostConnection: createUnique: call
11-17 00:27:36.815 16039 16061 D HostConnection: HostConnection::get() New Host Connection established 0xebe66420, tid 16061
11-17 00:27:36.815 16039 16061 D goldfish-address-space: allocate: Ask for block of size 0x100
11-17 00:27:36.815 16039 16061 D goldfish-address-space: allocate: ioctl allocate returned offset 0x3fbffe000 size 0x2000
11-17 00:27:36.828   244   282 W EmuHWC2 : validate: layer 376 CompositionType 1, fallback
11-17 00:27:36.829   244   282 W EmuHWC2 : No layers, exit, buffer 0xebf00510
11-17 00:27:36.836 16039 16061 D HostConnection: HostComposition ext ANDROID_EMU_CHECKSUM_HELPER_v1 ANDROID_EMU_native_sync_v2 ANDROID_EMU_native_sync_v3 ANDROID_EMU_native_sync_v4 ANDROID_EMU_dma_v1 ANDROID_EMU_direct_mem ANDROID_EMU_host_composition_v1 ANDROID_EMU_host_composition_v2 ANDROID_EMU_vulkan ANDROID_EMU_deferred_vulkan_commands ANDROID_EMU_vulkan_null_optional_strings ANDROID_EMU_vulkan_create_resources_with_requirements ANDROID_EMU_YUV_Cache ANDROID_EMU_vulkan_ignored_handles ANDROID_EMU_has_shared_slots_host_memory_allocator ANDROID_EMU_vulkan_free_memory_sync ANDROID_EMU_vulkan_shader_float16_int8 ANDROID_EMU_vulkan_async_queue_submit ANDROID_EMU_sync_buffer_data ANDROID_EMU_vulkan_async_qsri ANDROID_EMU_read_color_buffer_dma GL_OES_EGL_image_external_essl3 GL_OES_vertex_array_object GL_KHR_texture_compression_astc_ldr ANDROID_EMU_host_side_tracing ANDROID_EMU_gles_max_version_3_0
11-17 00:27:36.843   244   282 W EmuHWC2 : validate: layer 376 CompositionType 1, fallback
11-17 00:27:36.844   244   282 W EmuHWC2 : No layers, exit, buffer 0xebf01b10
11-17 00:27:36.860   244   282 W EmuHWC2 : validate: layer 376 CompositionType 1, fallback
11-17 00:27:36.861   243  4390 D goldfish-address-space: claimShared: Ask to claim region [0x3fddfc000 0x3fdec6000]
11-17 00:27:36.862   244   282 W EmuHWC2 : No layers, exit, buffer 0xebf00510
11-17 00:27:36.862   243  4390 D goldfish-address-space: claimShared: Ask to claim region [0x3fdec6000 0x3fdf90000]
11-17 00:27:36.877   244   282 W EmuHWC2 : validate: layer 376 CompositionType 1, fallback
11-17 00:27:36.878   244   282 W EmuHWC2 : No layers, exit, buffer 0xebf01b10
11-17 00:27:36.881   442   467 D ArtManagerInternalImpl: /data/misc/iorapd/com.example.android.wearable.composeadvanced/1/com.example.android.wearable.composeadvanced.presentation.MainActivity/compiled_traces/compiled_trace.pb doesn't exist
11-17 00:27:36.882 13639 13695 I System  : Process start: [su, root, cat, /data/local/tmp/temporaryScript3462227853302221930.sh_stderr]
11-17 00:27:36.882 13639 13695 I System  : No redirects, no fds
11-17 00:27:36.883   442   467 I ActivityTaskManager: Displayed com.example.android.wearable.composeadvanced/.presentation.MainActivity: +177ms
11-17 00:27:36.893   244   282 W EmuHWC2 : validate: layer 376 CompositionType 1, fallback
11-17 00:27:36.894   244   282 W EmuHWC2 : No layers, exit, buffer 0xebf00510
11-17 00:27:36.902  1260  4251 I MediaProvider: Deleted 1 items on external_primary due to com.example.android.wearable.composeadvanced.benchmark
11-17 00:27:36.903 13639 13695 I System  : Process start: [su, root, rm, /data/local/tmp/temporaryScript3462227853302221930.sh_stderr, /data/local/tmp/temporaryScript3462227853302221930.sh]
11-17 00:27:36.903 13639 13695 I System  : No redirects, no fds
11-17 00:27:36.910   244   282 W EmuHWC2 : validate: layer 376 CompositionType 1, fallback
11-17 00:27:36.911   244   282 W EmuHWC2 : No layers, exit, buffer 0xebf01b10
11-17 00:27:36.919 16039 16039 D Compose Focus: Owner FocusChanged(true)
11-17 00:27:36.927   244   282 W EmuHWC2 : validate: layer 376 CompositionType 1, fallback
11-17 00:27:36.928   244   282 W EmuHWC2 : No layers, exit, buffer 0xebf00510
11-17 00:27:36.932   442   467 I ActivityTaskManager: Fully drawn com.example.android.wearable.composeadvanced/.presentation.MainActivity: +234ms
11-17 00:27:36.935 16039 16064 W Jank    : Jank 123ms route:landing non:0
11-17 00:27:36.935 13653 13675 D Benchmark: Result: Starting: Intent { act=android.intent.action.MAIN cat=[android.intent.category.LAUNCHER] flg=0x10008000 pkg=com.example.android.wearable.composeadvanced cmp=com.example.android.wearable.composeadvanced/.presentation.MainActivity }
11-17 00:27:36.935 13653 13675 D Benchmark: Status: ok
11-17 00:27:36.935 13653 13675 D Benchmark: LaunchState: COLD
11-17 00:27:36.935 13653 13675 D Benchmark: Activity: com.example.android.wearable.composeadvanced/.presentation.MainActivity
11-17 00:27:36.935 13653 13675 D Benchmark: TotalTime: 177
11-17 00:27:36.935 13653 13675 D Benchmark: WaitTime: 178
11-17 00:27:36.935 13653 13675 D Benchmark: Complete
11-17 00:27:36.935 13639 13695 I System  : Process start: [su, root, pgrep, -l, -f, com.example.android.wearable.composeadvanced]
11-17 00:27:36.935 13639 13695 I System  : No redirects, no fds
11-17 00:27:36.939  1140  1140 I WearInputMethodService: WearInputMethodService.onBindInput():963
11-17 00:27:36.940  1140  1140 I WearInputMethodService: WearInputMethodService.onFinishInput():2234
11-17 00:27:36.941  1140  1140 I WearInputMethodService: WearInputMethodService.onStartInput():1773
11-17 00:27:36.941  1140  1140 I WearInputMethodService: WearInputMethodService.onStartInput():1785 onStartInput(), Dummy InputConnection bound
11-17 00:27:36.943   244   282 W EmuHWC2 : validate: layer 376 CompositionType 1, fallback
11-17 00:27:36.944   244   282 W EmuHWC2 : No layers, exit, buffer 0xebf01b10
11-17 00:27:36.945 16039 16064 W Jank    : Jank 58ms route:landing non:0
11-17 00:27:36.960   244   282 W EmuHWC2 : validate: layer 376 CompositionType 1, fallback
11-17 00:27:36.961   244   282 W EmuHWC2 : No layers, exit, buffer 0xebf00510
11-17 00:27:36.963 13639 13695 I System  : Process start: [su, root, dumpsys, gfxinfo, com.example.android.wearable.composeadvanced, framestats]
11-17 00:27:36.963 13639 13695 I System  : No redirects, no fds
11-17 00:27:36.977   244   282 W EmuHWC2 : validate: layer 376 CompositionType 1, fallback
11-17 00:27:36.978   244   282 W EmuHWC2 : No layers, exit, buffer 0xebf01b10
11-17 00:27:36.993   244   282 W EmuHWC2 : validate: layer 376 CompositionType 1, fallback
11-17 00:27:36.994   244   282 W EmuHWC2 : No layers, exit, buffer 0xebf00510
11-17 00:27:36.998 13653 13675 I System.out: 0 Flags,IntendedVsync,Vsync,OldestInputEvent,NewestInputEvent,HandleInputStart,AnimationStart,PerformTraversalsStart,DrawStart,SyncQueued,SyncStart,IssueDrawCommandsStart,SwapBuffers,FrameCompleted,DequeueBufferDuration,QueueBufferDuration,GpuCompleted,
11-17 00:27:36.998 13653 13675 I System.out: 1 1,11616861261953,11616861261953,9223372036854775807,0,11616870676147,11616870676909,11616870713672,11616945589520,11616948925368,11616949908533,11616949993103,11616952512550,11616956246043,101515,383211,11616956126998,
11-17 00:27:36.998 13653 13675 I System.out: 2 0,11616877929928,11616944596592,9223372036854775807,0,11616960097959,11616960098646,11616980046669,11616980117499,11617000930713,11617001112062,11617001177163,11617018587364,11617019718570,118266,298582,11617019361513,
11-17 00:27:36.999 13653 13675 I System.out: 3 0,11616961261267,11616994594599,9223372036854775807,0,11617004826570,11617004827676,11617014249881,11617018245268,11617019526142,11617019901465,11617019949610,11617020312167,11617030050484,9308741,147524,9223372034707292159,
11-17 00:27:36.999 13653 13675 I System.out: 4 0,11617011264627,11617011264627,9223372036854775807,0,11617025755094,11617025755755,11617036468037,11617036509120,11617038783919,11617039177745,11617039256158,11617045353107,11617046929821,1065469,131891,9223372032559808514,
11-17 00:27:36.999 13653 13675 I System.out: 5 0,11617027933583,11617027933583,9223372036854775807,0,11617040736990,11617040737431,11617043387090,11617043427670,11617043773248,11617047191538,11617047261331,11617050145833,11617063642899,10487528,2464153,9223372034707292159,
11-17 00:27:36.999 13653 13675 I System.out: 0 Flags,IntendedVsync,Vsync,OldestInputEvent,NewestInputEvent,HandleInputStart,AnimationStart,PerformTraversalsStart,DrawStart,SyncQueued,SyncStart,IssueDrawCommandsStart,SwapBuffers,FrameCompleted,DequeueBufferDuration,QueueBufferDuration,GpuCompleted,
11-17 00:27:36.999 13653 13675 I System.out: 1 1,11616861261953,11616861261953,9223372036854775807,0,11616870676147,11616870676909,11616870713672,11616945589520,11616948925368,11616949908533,11616949993103,11616952512550,11616956246043,101515,383211,11616956126998,
11-17 00:27:36.999 13653 13675 I System.out: 2 0,11616877929928,11616944596592,9223372036854775807,0,11616960097959,11616960098646,11616980046669,11616980117499,11617000930713,11617001112062,11617001177163,11617018587364,11617019718570,118266,298582,11617019361513,
11-17 00:27:36.999 13653 13675 I System.out: 3 0,11616961261267,11616994594599,9223372036854775807,0,11617004826570,11617004827676,11617014249881,11617018245268,11617019526142,11617019901465,11617019949610,11617020312167,11617030050484,9308741,147524,9223372034707292159,
11-17 00:27:36.999 13653 13675 I System.out: 4 0,11617011264627,11617011264627,9223372036854775807,0,11617025755094,11617025755755,11617036468037,11617036509120,11617038783919,11617039177745,11617039256158,11617045353107,11617046929821,1065469,131891,9223372032559808514,
11-17 00:27:36.999 13653 13675 I System.out: 5 0,11617027933583,11617027933583,9223372036854775807,0,11617040736990,11617040737431,11617043387090,11617043427670,11617043773248,11617047191538,11617047261331,11617050145833,11617063642899,10487528,2464153,9223372034707292159,
11-17 00:27:37.010   244   282 W EmuHWC2 : validate: layer 376 CompositionType 1, fallback
11-17 00:27:37.012   244   282 W EmuHWC2 : No layers, exit, buffer 0xebf01b10
11-17 00:27:37.027   244   282 W EmuHWC2 : validate: layer 376 CompositionType 1, fallback
11-17 00:27:37.030   244   282 W EmuHWC2 : No layers, exit, buffer 0xebf00510
11-17 00:27:37.044   244   282 W EmuHWC2 : validate: layer 376 CompositionType 1, fallback
11-17 00:27:37.047   244   282 W EmuHWC2 : No layers, exit, buffer 0xebf01b10
11-17 00:27:37.062   244   282 W EmuHWC2 : validate: layer 376 CompositionType 1, fallback
11-17 00:27:37.064   244   282 W EmuHWC2 : No layers, exit, buffer 0xebf00510
11-17 00:27:37.078   244   282 W EmuHWC2 : validate: layer 376 CompositionType 1, fallback
11-17 00:27:37.081   244   282 W EmuHWC2 : No layers, exit, buffer 0xebf01b10
11-17 00:27:37.094   244   282 W EmuHWC2 : validate: layer 376 CompositionType 1, fallback
11-17 00:27:37.097   244   282 W EmuHWC2 : No layers, exit, buffer 0xebf00510
11-17 00:27:37.110   244   282 W EmuHWC2 : validate: layer 376 CompositionType 1, fallback
11-17 00:27:37.113   244   282 W EmuHWC2 : No layers, exit, buffer 0xebf01b10
11-17 00:27:37.127   244   282 W EmuHWC2 : validate: layer 376 CompositionType 1, fallback
11-17 00:27:37.129   244   282 W EmuHWC2 : No layers, exit, buffer 0xebf00510
11-17 00:27:37.144   244   282 W EmuHWC2 : validate: layer 376 CompositionType 1, fallback
11-17 00:27:37.146   244   282 W EmuHWC2 : No layers, exit, buffer 0xebf01b10
11-17 00:27:37.160   244   282 W EmuHWC2 : validate: layer 376 CompositionType 1, fallback
11-17 00:27:37.163   244   282 W EmuHWC2 : No layers, exit, buffer 0xebf00510
11-17 00:27:37.177   244   282 W EmuHWC2 : validate: layer 376 CompositionType 1, fallback
11-17 00:27:37.180   244   282 W EmuHWC2 : No layers, exit, buffer 0xebf01b10
11-17 00:27:37.194   244   282 W EmuHWC2 : validate: layer 376 CompositionType 1, fallback
11-17 00:27:37.196   244   282 W EmuHWC2 : No layers, exit, buffer 0xebf00510
11-17 00:27:39.000 13653 13675 I PerfettoCapture: Stopping perfetto.
11-17 00:27:39.001 13639 15116 I System  : Process start: [su, root, kill, -TERM, 16003]
11-17 00:27:39.002 13639 15116 I System  : No redirects, no fds
11-17 00:27:39.021 16003 16003 I perfetto: perfetto_cmd.cc:858     SIGINT/SIGTERM received: disabling tracing.
11-17 00:27:39.022 13653 13675 D Benchmark: kill -TERM command output -
11-17 00:27:39.022 13639 15116 I System  : Process start: [su, root, ps, 16003]
11-17 00:27:39.022 13639 15116 I System  : No redirects, no fds
11-17 00:27:39.023   325   325 I perfetto: probes_producer.cc:329  Producer stop (id=223)
11-17 00:27:39.025   325   325 I perfetto: ftrace_procfs.cc:183    disabled ftrace
11-17 00:27:39.138 13653 13675 D Benchmark: Waiting 100 ms for [ProcessPid(processName=perfetto, pid=16003)] to die
11-17 00:27:39.139 13639 15116 I System  : Process start: [su, root, ps, 16003]
11-17 00:27:39.139 13639 15116 I System  : No redirects, no fds
11-17 00:27:39.266 13653 13675 D Benchmark: Waiting 100 ms for [ProcessPid(processName=perfetto, pid=16003)] to die
11-17 00:27:39.267 13639 15116 I System  : Process start: [su, root, ps, 16003]
11-17 00:27:39.267 13639 15116 I System  : No redirects, no fds
11-17 00:27:39.394 13653 13675 D Benchmark: Waiting 100 ms for [ProcessPid(processName=perfetto, pid=16003)] to die
11-17 00:27:39.396 13639 15116 I System  : Process start: [su, root, ps, 16003]
11-17 00:27:39.396 13639 15116 I System  : No redirects, no fds
11-17 00:27:39.420   325   325 I perfetto: probes_producer.cc:329  Producer stop (id=224)
11-17 00:27:39.420   325   325 I perfetto: probes_producer.cc:329  Producer stop (id=225)
11-17 00:27:39.423 16003 16003 I perfetto: perfetto_cmd.cc:807     Trace written into the output file
11-17 00:27:39.424   336   336 I perfetto: ng_service_impl.cc:1948 Tracing session 75 ended, total sessions:0
11-17 00:27:39.524 13653 13675 D Benchmark: Waiting 100 ms for [ProcessPid(processName=perfetto, pid=16003)] to die
11-17 00:27:39.526 13639 15116 I System  : Process start: [su, root, ps, 16003]
11-17 00:27:39.526 13639 15116 I System  : No redirects, no fds
11-17 00:27:39.552 13653 13675 I PerfettoCapture: Writing to /storage/emulated/0/Android/media/com.example.android.wearable.composeadvanced.benchmark/StartupBenchmark_startup[compilation=BaselineProfile]_iter004_2022-11-16-21-27-38.perfetto-trace.
11-17 00:27:39.553 13639 15116 I System  : Process start: [su, root, mv, /data/misc/perfetto-traces/trace_output.pb, /storage/emulated/0/Android/media/com.example.android.wearable.composeadvanced.benchmark/StartupBenchmark_startup[compilation=BaselineProfile]_iter004_2022-11-16-21-27-38.perfetto-trace]
11-17 00:27:39.553 13639 15116 I System  : No redirects, no fds
11-17 00:27:39.566 13653 13675 D Benchmark: Copying /storage/emulated/0/Android/media/com.example.android.wearable.composeadvanced.benchmark/StartupBenchmark_startup[compilation=BaselineProfile]_iter004_2022-11-16-21-27-38.perfetto-trace to /sdcard/Android/media/com.example.android.wearable.composeadvanced.benchmark/additional_test_output/StartupBenchmark_startup[compilation=BaselineProfile]_iter004_2022-11-16-21-27-38.perfetto-trace
