11-17 00:27:21.267 13653 13675 I TestRunner: started: startup[compilation=BaselineProfile](com.example.android.wearable.composeadvanced.benchmark.StartupBenchmark)
11-17 00:27:21.268   605   605 D SysUI   : [LauncherViewsUiManager]activityObserver onStateChanged ON_STOP
11-17 00:27:21.272 13653 13675 I GrantPermissionCallable: Permission: android.permission.READ_EXTERNAL_STORAGE is already granted!
11-17 00:27:21.272 13653 13675 I GrantPermissionCallable: Permission: android.permission.WRITE_EXTERNAL_STORAGE is already granted!
11-17 00:27:21.273 13639 13695 I System  : Process start: [su, root, getprop, dalvik.vm.extra-opts]
11-17 00:27:21.273 13639 13695 I System  : No redirects, no fds
11-17 00:27:21.277   442   470 I libprocessgroup: Successfully killed process cgroup uid 10079 pid 15129 in 38ms
11-17 00:27:21.279  1140  1140 I WearInputMethodService: WearInputMethodService.onBindInput():963
11-17 00:27:21.280  1140  1140 I WearInputMethodService: WearInputMethodService.onFinishInput():2234
11-17 00:27:21.280  1140  1140 I WearInputMethodService: WearInputMethodService.onStartInput():1773
11-17 00:27:21.280  1140  1140 I WearInputMethodService: WearInputMethodService.onStartInput():1785 onStartInput(), Dummy InputConnection bound
11-17 00:27:21.286 13653 13675 D Benchmark: Killing process com.example.android.wearable.composeadvanced
11-17 00:27:21.286 13639 13695 I System  : Process start: [am, force-stop, com.example.android.wearable.composeadvanced]
11-17 00:27:21.286 13639 13695 I System  : No redirects, no fds
11-17 00:27:21.295 15221 15223 I cmd     : oneway function results will be dropped but finished with status OK and parcel size 4
11-17 00:27:21.297   861   861 D CarrierSvcBindHelper: No carrier app for: 0
11-17 00:27:21.297 13653 13675 D Benchmark: Resetting com.example.android.wearable.composeadvanced
11-17 00:27:21.301 13639 13695 I System  : Process start: [su, root, cp, /storage/emulated/0/Android/media/com.example.android.wearable.composeadvanced.benchmark/temporaryScript8426218255262086559.sh, /data/local/tmp/temporaryScript8426218255262086559.sh]
11-17 00:27:21.301 13639 13695 I System  : No redirects, no fds
11-17 00:27:21.311 13639 13691 I System  : Process start: [su, root, chmod, +x, /data/local/tmp/temporaryScript8426218255262086559.sh]
11-17 00:27:21.311 13639 13691 I System  : No redirects, no fds
11-17 00:27:21.320 13639 13691 I System  : Process start: [su, root, /data/local/tmp/temporaryScript8426218255262086559.sh]
11-17 00:27:21.320 13639 13691 I System  : No redirects, no fds
11-17 00:27:21.337  1260  3339 I MediaProvider: Deleted 1 items on external_primary due to com.example.android.wearable.composeadvanced.benchmark
11-17 00:27:21.338 13639 13691 I System  : Process start: [su, root, rm, /data/local/tmp/temporaryScript8426218255262086559.sh]
11-17 00:27:21.338 13639 13691 I System  : No redirects, no fds
11-17 00:27:21.347 13653 13675 D Benchmark: Copying APK to /data/local/tmp/com.example.android.wearable.composeadvanced-1668634041347.apk
11-17 00:27:21.350 13639 13691 I System  : Process start: [su, root, cp, /storage/emulated/0/Android/media/com.example.android.wearable.composeadvanced.benchmark/temporaryScript6531100529708145976.sh, /data/local/tmp/temporaryScript6531100529708145976.sh]
11-17 00:27:21.350 13639 13691 I System  : No redirects, no fds
11-17 00:27:21.362 13639 13691 I System  : Process start: [su, root, chmod, +x, /data/local/tmp/temporaryScript6531100529708145976.sh]
11-17 00:27:21.362 13639 13691 I System  : No redirects, no fds
11-17 00:27:21.369 13639 13691 I System  : Process start: [su, root, /data/local/tmp/temporaryScript6531100529708145976.sh]
11-17 00:27:21.369 13639 13691 I System  : No redirects, no fds
11-17 00:27:21.388 13639 13691 I System  : Process start: [su, root, cat, /data/local/tmp/temporaryScript6531100529708145976.sh_stderr]
11-17 00:27:21.388 13639 13691 I System  : No redirects, no fds
11-17 00:27:21.397  1260  4252 I MediaProvider: Deleted 1 items on external_primary due to com.example.android.wearable.composeadvanced.benchmark
11-17 00:27:21.398 13639 13691 I System  : Process start: [su, root, rm, /data/local/tmp/temporaryScript6531100529708145976.sh_stderr, /data/local/tmp/temporaryScript6531100529708145976.sh]
11-17 00:27:21.398 13639 13691 I System  : No redirects, no fds
11-17 00:27:21.406 13653 13675 D Benchmark: Uninstalling com.example.android.wearable.composeadvanced
11-17 00:27:21.410 13639 13691 I System  : Process start: [su, root, cp, /storage/emulated/0/Android/media/com.example.android.wearable.composeadvanced.benchmark/temporaryScript3236954583270001973.sh, /data/local/tmp/temporaryScript3236954583270001973.sh]
11-17 00:27:21.410 13639 13691 I System  : No redirects, no fds
11-17 00:27:21.421 13639 13691 I System  : Process start: [su, root, chmod, +x, /data/local/tmp/temporaryScript3236954583270001973.sh]
11-17 00:27:21.421 13639 13691 I System  : No redirects, no fds
11-17 00:27:21.430 13639 13691 I System  : Process start: [su, root, /data/local/tmp/temporaryScript3236954583270001973.sh]
11-17 00:27:21.430 13639 13691 I System  : No redirects, no fds
11-17 00:27:21.451   442   485 D PackageManager: Granting perm BasePermission{49d1e69 android.permission.READ_FRAME_BUFFER} for sysui package com.google.android.wearable.sysui
11-17 00:27:21.451   442   485 D PackageManager: Granting perm BasePermission{46020ee android.permission.MANAGE_ACTIVITY_STACKS} for sysui package com.google.android.wearable.sysui
11-17 00:27:21.451   442   485 D PackageManager: Granting perm BasePermission{d0ab98f android.permission.REMOVE_TASKS} for sysui package com.google.android.wearable.sysui
11-17 00:27:21.463   342   342 I keystore: clear_uid 10079
11-17 00:27:21.464   442   485 E PermissionMonitor: unknown permission type: -1for uid: 10079
11-17 00:27:21.519   442   485 I system_server: Explicit concurrent copying GC freed 35331(1911KB) AllocSpace objects, 10(264KB) LOS objects, 24% free, 10MB/14MB, paused 47us total 53.892ms
11-17 00:27:21.530 13639 13691 I System  : Process start: [su, root, cat, /data/local/tmp/temporaryScript3236954583270001973.sh_stderr]
11-17 00:27:21.530 13639 13691 I System  : No redirects, no fds
11-17 00:27:21.542   584   584 V AvrcpMediaPlayerList: mPackageChangedBroadcastReceiver: action: android.intent.action.PACKAGE_REMOVED
11-17 00:27:21.543  1260  1260 I MediaProvider: Invalidating LocalCallingIdentity cache for package com.example.android.wearable.composeadvanced. Reason: package android.intent.action.PACKAGE_REMOVED
11-17 00:27:21.543  1205  1205 D WCS     : [PackageUpdateBroadcastReceiver]action: android.intent.action.PACKAGE_REMOVED, packageName: com.example.android.wearable.composeadvanced, isReplacing: false
11-17 00:27:21.544  2571  2571 I Finsky  : [2] ide.i(0): PackageMonitorReceiverImpl - Received: android.intent.action.PACKAGE_REMOVED, [iBbRKj_CqE3EthRr_IfTIIj0w7ySXGl_4OHOxN3VCQ4]
11-17 00:27:21.545  1205 13350 D WCS     : [ListenableDataApiWriter]Removing data items with node=local, path=/complication_providers/data/provider_app/com.example.android.wearable.composeadvanced/, pathMatching=PREFIX
11-17 00:27:21.546  1205 13546 D WCS     : [PackageUpdateReceiver]onReceive: Intent { act=android.intent.action.PACKAGE_REMOVED dat=package:com.example.android.wearable.composeadvanced flg=0x4000010 (has extras) }
11-17 00:27:21.547   713   991 I Fitness : Package com.example.android.wearable.composeadvanced removed.  Unregistering all recording listeners [CONTEXT service_id=17 ]
11-17 00:27:21.547   605   605 D SysUI   : [PackageUpdateBroadcastReceiver]action: android.intent.action.PACKAGE_REMOVED, packageName: com.example.android.wearable.composeadvanced, isReplacing: false
11-17 00:27:21.550  1205 13350 D WCS     : [ComplicationManager]Updating complications in response to package removal: com.example.android.wearable.composeadvanced
11-17 00:27:21.551   605   605 D SysUI   : [PackageUpdateBroadcastReceiver]action: android.intent.action.PACKAGE_FULLY_REMOVED, packageName: com.example.android.wearable.composeadvanced, isReplacing: false
11-17 00:27:21.552  2571  2571 I Finsky  : [2] idt.o(8): Invalidating cached PackageState for com.example.android.wearable.composeadvanced
11-17 00:27:21.552  1205 13547 D WCS     : [ListenableDataApiWriter]Removing data items with node=*, path=/installed_apps/data/installed_apps/com.example.android.wearable.composeadvanced, pathMatching=EXACT
11-17 00:27:21.552  1205  1205 D WCS     : [PackageUpdateBroadcastReceiver]action: android.intent.action.PACKAGE_FULLY_REMOVED, packageName: com.example.android.wearable.composeadvanced, isReplacing: false
11-17 00:27:21.553  2571  2571 I Finsky  : [2] idt.t(5): Package no longer installed: com.example.android.wearable.composeadvanced
11-17 00:27:21.553  1205 13547 D WCS     : [PackageUpdateReceiver]onReceive: Intent { act=android.intent.action.PACKAGE_FULLY_REMOVED dat=package:com.example.android.wearable.composeadvanced flg=0x5000010 (has extras) }
11-17 00:27:21.554   861   861 D CarrierSvcBindHelper: No carrier app for: 0
11-17 00:27:21.559   442   513 I InputReader: Reconfiguring input devices, changes=KEYBOARD_LAYOUTS |
11-17 00:27:21.560  1205 13350 D WCS     : [DefaultWFFlavorsMgr]Started to remove WF flavors for package: com.example.android.wearable.composeadvanced from GMS.
11-17 00:27:21.560  1260  1367 I MediaProvider: Deleted 1 items on external_primary due to com.example.android.wearable.composeadvanced.benchmark
11-17 00:27:21.561  1205 13350 D WCS     : [ListenableDataApiWriter]Removing data items with node=local, path=/flavors/data/flavor/com.example.android.wearable.composeadvanced/, pathMatching=PREFIX
11-17 00:27:21.561 13639 13691 I System  : Process start: [su, root, rm, /data/local/tmp/temporaryScript3236954583270001973.sh_stderr, /data/local/tmp/temporaryScript3236954583270001973.sh]
11-17 00:27:21.561 13639 13691 I System  : No redirects, no fds
11-17 00:27:21.561  2571 13537 I Finsky  : [511] aw.a(5): Asset module storage cleared for package com.example.android.wearable.composeadvanced.
11-17 00:27:21.562  1205 13546 D WCS     : [ListenableDataApiReader]Fetching data items with node local and prefix /watch_face/com.example.android.wearable.composeadvanced/
11-17 00:27:21.563  1205  1414 W WCS     : [ProviderRequestReceiver]Updates can only be requested for providers whose package matches the calling package.
11-17 00:27:21.563  1205 13547 D WCS     : [ListenableDataApiWriter]Removing data items with node=6a4097b1, path=/bridge_mode/bridge_mode/com.example.android.wearable.composeadvanced, pathMatching=EXACT
11-17 00:27:21.566   605   605 D SysUI   : [CacheInvalidationMonitor]invalidateCaches because Packages changed: [com.example.android.wearable.composeadvanced]
11-17 00:27:21.568  2571 15282 I Finsky  : [528] gbo.run(12): Frosting DB delete succeeded: true
11-17 00:27:21.569   605   851 D SysUI   : [AllLauncherAppsProvider]Maybe invalidating cache because of reason [Packages changed: [com.example.android.wearable.composeadvanced]]
11-17 00:27:21.569   605   851 D SysUI   : [LauncherIconProvider]onInvalidateCache: Packages changed: [com.example.android.wearable.composeadvanced]
11-17 00:27:21.577  1205  1671 D WCS     : [ComplicationsCompanionClient]Delete provider app was successful for: com.example.android.wearable.composeadvanced, number of provider apps deleted: 0
11-17 00:27:21.578  1205 13546 D WCS     : [InstalledAppsHandler]Successfully deleted the data item for the app.1
11-17 00:27:21.581  1205 13547 D WCS     : [BridgeModeWriter]Successfully deleted DataItem for package: com.example.android.wearable.composeadvanced
11-17 00:27:21.583  2571  2644 I Finsky  : [238] egi.a(179): AIM: AppInfoManager-Perf > OnDeviceAppInfo > cacheHitCount=0, cacheMissCount=1. Missed  in cache (limit 10) : [com.example.android.wearable.composeadvanced]
11-17 00:27:21.583  2571  2571 I Finsky  : [2] ket.f(8): Clearing split related stale data.
11-17 00:27:21.586  1205 15281 I SettingManager: Setting /protogensettings/accessibility/talkback_present/6a4097b1 to true
11-17 00:27:21.587  2571  2644 I Finsky  : [238] dkp.apply(78): AIM: Got app ownership map. App counts: . Unique apps: 0
11-17 00:27:21.587  2571  2571 I Finsky  : [2] idt.t(5): Package no longer installed: com.example.android.wearable.composeadvanced
11-17 00:27:21.588  2571 15282 I Finsky  : [528] gbo.run(12): Frosting DB delete succeeded: false
11-17 00:27:21.590  1205 15284 D DataClientWriter: Writing data item /protogensettings/accessibility/talkback_present/6a4097b1
11-17 00:27:21.596 13653 13675 D Benchmark: Installing com.example.android.wearable.composeadvanced
11-17 00:27:21.597   605   895 E SysUI   : [RecentTaskLauncherApp]Couldn't resolve any Activity for task TaskInfo{userId=0 stackId=14 taskId=14 displayId=0 isRunning=true baseIntent=Intent { act=android.intent.action.MAIN cat=[android.intent.category.LAUNCHER] flg=0x10100000 cmp=com.example.wearoscomposecodelab/androidx.compose.ui.tooling.PreviewActivity } baseActivity=ComponentInfo{com.example.wearoscomposecodelab/androidx.compose.ui.tooling.PreviewActivity} topActivity=ComponentInfo{com.example.wearoscomposecodelab/androidx.compose.ui.tooling.PreviewActivity} origActivity=null realActivity=ComponentInfo{com.example.wearoscomposecodelab/androidx.compose.ui.tooling.PreviewActivity} numActivities=1 lastActiveTime=11598325 supportsSplitScreenMultiWindow=false resizeMode=1 isResizeable=true token=android.window.WindowContainerToken@f156ce6 topActivityType=1 pictureInPictureParams=null topActivityInfo=ActivityInfo{3d1fde4 androidx.compose.ui.tooling.PreviewActivity}
11-17 00:27:21.597   605   895 W SysUI   : [RecentTasksLauncherRepo]getRecentApps matched task with the only Launcher in the package TaskInfo{userId=0 stackId=14 taskId=14 displayId=0 isRunning=true baseIntent=Intent { act=android.intent.action.MAIN cat=[android.intent.category.LAUNCHER] flg=0x10100000 cmp=com.example.wearoscomposecodelab/androidx.compose.ui.tooling.PreviewActivity } baseActivity=ComponentInfo{com.example.wearoscomposecodelab/androidx.compose.ui.tooling.PreviewActivity} topActivity=ComponentInfo{com.example.wearoscomposecodelab/androidx.compose.ui.tooling.PreviewActivity} origActivity=null realActivity=ComponentInfo{com.example.wearoscomposecodelab/androidx.compose.ui.tooling.PreviewActivity} numActivities=1 lastActiveTime=11598325 supportsSplitScreenMultiWindow=false resizeMode=1 isResizeable=true token=android.window.WindowContainerToken@f156ce6 topActivityType=1 pictureInPictureParams=null topActivityInfo=ActivityInfo{3d1fde4 androidx.compose.ui.tooling.PreviewActivity} == ActivityLauncherApp{label=My Application, recent=false, timeLastUsedMs=0, info=android.content.pm.LauncherActivityInfo@8db7c02, iconSupplier=cql@c89913}
11-17 00:27:21.597   605   895 E SysUI   : [RecentTaskLauncherApp]Couldn't resolve any Activity for task TaskInfo{userId=0 stackId=47 taskId=47 displayId=-1 isRunning=false baseIntent=Intent { act=android.intent.action.MAIN cat=[android.intent.category.LAUNCHER] flg=0x10000000 cmp=com.example.android.wearable.composeadvanced.test/androidx.test.core.app.InstrumentationActivityInvoker$EmptyActivity } baseActivity=null topActivity=null origActivity=null realActivity=ComponentInfo{com.example.android.wearable.composeadvanced.test/androidx.test.core.app.InstrumentationActivityInvoker$EmptyActivity} numActivities=0 lastActiveTime=11083539 supportsSplitScreenMultiWindow=false resizeMode=1 isResizeable=true token=android.window.WindowContainerToken@3ec9b18 topActivityType=1 pictureInPictureParams=null topActivityInfo=null
11-17 00:27:21.598   605   895 W SysUI   : [RecentTasksLauncherRepo]Using explicit label and icon from base Activity ComponentInfo{com.example.android.wearable.composeadvanced.test/androidx.test.core.app.InstrumentationActivityInvoker$EmptyActivity}
11-17 00:27:21.598   605   895 D SysUI   : [PrimesSysHealthLogger]Timer GLOBAL_LAUNCHER_LOAD_RECENT_TASKS_TIME took 27 ms
11-17 00:27:21.598  2571  2631 I Finsky  : [228] dyk.a(11): AIM: AppInfoManager-Perf > ItemModel > CacheSize=0, cacheHitCount=0, cacheMissCount=1, total appsWithNoServerDataCount=0. Missed  in cache (limit 10) : [com.example.android.wearable.composeadvanced]
11-17 00:27:21.598   605   895 D SysUI   : [AllLauncherAppsProvider]Done refreshing [15] apps
11-17 00:27:21.598   605   895 D SysUI   : [PrimesSysHealthLogger]Timer GLOBAL_LAUNCHER_INCREMENTAL_RELOAD_ALL_APPS_TIME took 29 ms
11-17 00:27:21.598  2571  2631 I Finsky  : [228] dyp.p(3): AIM: AppInfoManager-Perf > ItemModel > ItemStore Called 1 apps cacheOptions = USE_CACHE
11-17 00:27:21.599  2571  2631 I Finsky  : [228] hmy.c(20): ItemStore: Not cached: com.example.android.wearable.composeadvanced
11-17 00:27:21.599   605   895 W SysUI   : [LauncherDefaultRecentsCombiner]Unable to get ActivityDisplayInfo for {com.fitbit.FitbitMobile/com.fitbit.today.TodayMainActivity} attempting to fetch from ResolveInfo
11-17 00:27:21.599   605   895 W SysUI   : [LauncherDefaultRecentsCombiner]Unable to get ResolveInfo for {com.fitbit.FitbitMobile/com.fitbit.today.TodayMainActivity}, not able to add to default recents
11-17 00:27:21.600   605   895 W SysUI   : [LauncherDefaultRecentsCombiner]Unable to get ActivityDisplayInfo for {com.fitbit.FitbitMobile/com.fitbit.exercise.MainActivity} attempting to fetch from ResolveInfo
11-17 00:27:21.600   605   895 W SysUI   : [LauncherDefaultRecentsCombiner]Unable to get ResolveInfo for {com.fitbit.FitbitMobile/com.fitbit.exercise.MainActivity}, not able to add to default recents
11-17 00:27:21.601  2571 15296 I Finsky  : [535] gvh.accept(35): IQ: handled package removed
11-17 00:27:21.604   605   895 W SysUI   : [LauncherDefaultRecentsCombiner]Unable to get ActivityDisplayInfo for {com.google.android.apps.youtube.music/com.google.android.apps.youtube.music.wear.WearMainActivity} attempting to fetch from ResolveInfo
11-17 00:27:21.604   605   895 W SysUI   : [LauncherDefaultRecentsCombiner]Unable to get ResolveInfo for {com.google.android.apps.youtube.music/com.google.android.apps.youtube.music.wear.WearMainActivity}, not able to add to default recents
11-17 00:27:21.604   605   895 W SysUI   : [LauncherDefaultRecentsCombiner]Unable to get ActivityDisplayInfo for {com.google.android.apps.messaging/com.google.android.apps.messaging.main.WearMainActivity} attempting to fetch from ResolveInfo
11-17 00:27:21.604   605   895 W SysUI   : [LauncherDefaultRecentsCombiner]Unable to get ResolveInfo for {com.google.android.apps.messaging/com.google.android.apps.messaging.main.WearMainActivity}, not able to add to default recents
11-17 00:27:21.604   442   442 W WifiService: Couldn't get PackageInfo for package:com.example.android.wearable.composeadvanced
11-17 00:27:21.604   442   442 D WifiService: Remove settings for package:com.example.android.wearable.composeadvanced
11-17 00:27:21.604   442   531 D WifiConfigManager: Remove all networks for app ApplicationInfo{cb622e8 com.example.android.wearable.composeadvanced}
11-17 00:27:21.606   605   895 W SysUI   : [LauncherDefaultRecentsCombiner]Unable to get ActivityDisplayInfo for {com.google.android.dialer/com.google.android.wearable.googledialer.launcher.impl.LauncherActivity} attempting to fetch from ResolveInfo
11-17 00:27:21.608   442   442 W WifiService: Couldn't get PackageInfo for package:com.example.android.wearable.composeadvanced
11-17 00:27:21.608   442   442 D WifiService: Remove settings for package:com.example.android.wearable.composeadvanced
11-17 00:27:21.608 13639 13691 I System  : Process start: [su, root, cp, /storage/emulated/0/Android/media/com.example.android.wearable.composeadvanced.benchmark/temporaryScript6845643970256442676.sh, /data/local/tmp/temporaryScript6845643970256442676.sh]
11-17 00:27:21.608 13639 13691 I System  : No redirects, no fds
11-17 00:27:21.608   605   895 W SysUI   : [LauncherDefaultRecentsCombiner]Unable to get ResolveInfo for {com.google.android.dialer/com.google.android.wearable.googledialer.launcher.impl.LauncherActivity}, not able to add to default recents
11-17 00:27:21.610   605   895 W SysUI   : [LauncherDefaultRecentsCombiner]Unable to get ActivityDisplayInfo for {com.google.android.apps.safetyhub/com.google.android.wearable.safety.application.MainActivity} attempting to fetch from ResolveInfo
11-17 00:27:21.610   605   895 W SysUI   : [LauncherDefaultRecentsCombiner]Unable to get ResolveInfo for {com.google.android.apps.safetyhub/com.google.android.wearable.safety.application.MainActivity}, not able to add to default recents
11-17 00:27:21.610   605   895 W SysUI   : [LauncherDefaultRecentsCombiner]Unable to get ActivityDisplayInfo for {com.google.android.apps.maps/com.google.android.apps.gmmwearable.MainActivity} attempting to fetch from ResolveInfo
11-17 00:27:21.611   605   895 W SysUI   : [LauncherDefaultRecentsCombiner]Unable to get ResolveInfo for {com.google.android.apps.maps/com.google.android.apps.gmmwearable.MainActivity}, not able to add to default recents
11-17 00:27:21.611   442   531 D WifiConfigStore: Writing to stores completed in 6 ms.
11-17 00:27:21.611   442   531 I PasspointManager: No app ops listener found for com.example.android.wearable.composeadvanced
11-17 00:27:21.611   605   895 D SysUI   : [LauncherDefaultRecentsCombiner]Have to merge with 1 default apps
11-17 00:27:21.611   442   531 D WifiConfigManager: Remove all networks for app ApplicationInfo{884557e com.example.android.wearable.composeadvanced}
11-17 00:27:21.612  1260  2155 I MediaProvider: Begin Intent { act=android.intent.action.PACKAGE_FULLY_REMOVED dat=package:com.example.android.wearable.composeadvanced flg=0x5000010 cmp=com.android.providers.media.module/com.android.providers.media.MediaService (has extras) }
11-17 00:27:21.612   605   851 D SysUI   : [PrimesSysHealthLogger]Timer GLOBAL_LAUNCHER_MERGE_ONGOING_ACTIVITIES_TIME took 0 ms
11-17 00:27:21.613  1260  2155 I MediaProvider: End Intent { act=android.intent.action.PACKAGE_FULLY_REMOVED dat=package:com.example.android.wearable.composeadvanced flg=0x5000010 cmp=com.android.providers.media.module/com.android.providers.media.MediaService (has extras) }
11-17 00:27:21.615  2075 15285 W Role    : Cannot get ApplicationInfo for default holder: com.android.gallery3d
11-17 00:27:21.616  2075 15285 W Role    : Cannot get ApplicationInfo for default holder: com.android.messaging
11-17 00:27:21.618   442   531 D WifiConfigStore: Writing to stores completed in 5 ms.
11-17 00:27:21.618   442   531 I PasspointManager: No app ops listener found for com.example.android.wearable.composeadvanced
11-17 00:27:21.618  2571  2571 I Finsky  : [2] ide.i(0): PackageMonitorReceiverImpl - Received: android.intent.action.PACKAGE_FULLY_REMOVED, [iBbRKj_CqE3EthRr_IfTIIj0w7ySXGl_4OHOxN3VCQ4]
11-17 00:27:21.618  2571  2571 I Finsky  : [2] idt.o(8): Invalidating cached PackageState for com.example.android.wearable.composeadvanced
11-17 00:27:21.618  2571  2631 I Finsky  : [228] dyk.a(45): AIM: ItemModel fetch - unauth(1), auth()
11-17 00:27:21.621  2571  2571 I Finsky  : [2] idt.t(5): Package no longer installed: com.example.android.wearable.composeadvanced
11-17 00:27:21.622  2571 15282 I Finsky  : [528] gbo.run(12): Frosting DB delete succeeded: false
11-17 00:27:21.622   301   301 D AF::TrackHandle: OpPlayAudio: track:55 usage:13 not muted
11-17 00:27:21.623  2571  2571 I Finsky  : [2] ide.i(0): PackageMonitorReceiverImpl - Deduping intent android.intent.action.PACKAGE_FULLY_REMOVED
11-17 00:27:21.623   301   301 D AF::TrackHandle: OpPlayAudio: track:55 usage:13 not muted
11-17 00:27:21.624   301   301 I chatty  : uid=1041(audioserver) /system/bin/audioserver identical 13 lines
11-17 00:27:21.624   301   301 D AF::TrackHandle: OpPlayAudio: track:55 usage:13 not muted
11-17 00:27:21.634  1205  1234 I id.wearable.ap: Background concurrent copying GC freed 12422(873KB) AllocSpace objects, 2(40KB) LOS objects, 24% free, 4093KB/5458KB, paused 40us total 108.247ms
11-17 00:27:21.634 13639 15116 I System  : Process start: [su, root, chmod, +x, /data/local/tmp/temporaryScript6845643970256442676.sh]
11-17 00:27:21.634 13639 15116 I System  : No redirects, no fds
11-17 00:27:21.637  2075 15285 W Role    : Cannot get ApplicationInfo for default holder: com.google.android.wearable.assistant
11-17 00:27:21.640  1205 15299 D WCS     : [WearableDLS]onDataChanged: com.google.android.gms.wearable.DataEventBuffer@67f8472
11-17 00:27:21.640  1205 15299 D WCS     : [WearableHost]onDataChanged: DataItemRef{ uri=wear://6a4097b1/installed_apps/data/installed_apps/com.example.android.wearable.composeadvanced, dataSz=null, numAssets=0 } with tag: installed_apps to no dataListeners
11-17 00:27:21.640  1205 15299 D WCS     : [WearableHost]onDataChanged: DataItemRef{ uri=wear://6a4097b1/protogensettings/accessibility/talkback_present/6a4097b1, dataSz=11, numAssets=0 } with tag: protogensettings to no dataListeners
11-17 00:27:21.640  1205 15299 D WCS     : [WcsGmsListenerService]onDataChanged: wear://6a4097b1/installed_apps/data/installed_apps/com.example.android.wearable.composeadvanced, feature installed_apps
11-17 00:27:21.640   713 15300 I Fitness : FitCleanupIntentOperation received Intent android.intent.action.PACKAGE_REMOVED [CONTEXT service_id=17 ]
11-17 00:27:21.640  1205 15299 D WCS     : [WcsGmsListenerService]onDataChanged: wear://6a4097b1/protogensettings/accessibility/talkback_present/6a4097b1, feature protogensettings
11-17 00:27:21.641   713 15300 I Fitness : Clearing all cached OAuth tokens for: com.example.android.wearable.composeadvanced [CONTEXT service_id=17 ]
11-17 00:27:21.641   713 15300 I Fitness : Removing all subscriptions for: com.example.android.wearable.composeadvanced [CONTEXT service_id=17 ]
11-17 00:27:21.643  2571  2638 I Finsky  : [234] jkx.accept(48): SCH: Scheduling phonesky job Id: 12-1, CT: 1668634041591, Constraints: [{ L: 15000, D: 86400000, C: 1, I: 1, N: 1 }]
11-17 00:27:21.643   605   895 E SysUI   : [RecentTaskLauncherApp]Couldn't resolve any Activity for task TaskInfo{userId=0 stackId=14 taskId=14 displayId=0 isRunning=true baseIntent=Intent { act=android.intent.action.MAIN cat=[android.intent.category.LAUNCHER] flg=0x10100000 cmp=com.example.wearoscomposecodelab/androidx.compose.ui.tooling.PreviewActivity } baseActivity=ComponentInfo{com.example.wearoscomposecodelab/androidx.compose.ui.tooling.PreviewActivity} topActivity=ComponentInfo{com.example.wearoscomposecodelab/androidx.compose.ui.tooling.PreviewActivity} origActivity=null realActivity=ComponentInfo{com.example.wearoscomposecodelab/androidx.compose.ui.tooling.PreviewActivity} numActivities=1 lastActiveTime=11601681 supportsSplitScreenMultiWindow=false resizeMode=1 isResizeable=true token=android.window.WindowContainerToken@f156ce6 topActivityType=1 pictureInPictureParams=null topActivityInfo=ActivityInfo{3ca3e44 androidx.compose.ui.tooling.PreviewActivity}
11-17 00:27:21.643   605   895 W SysUI   : [RecentTasksLauncherRepo]getRecentApps matched task with the only Launcher in the package TaskInfo{userId=0 stackId=14 taskId=14 displayId=0 isRunning=true baseIntent=Intent { act=android.intent.action.MAIN cat=[android.intent.category.LAUNCHER] flg=0x10100000 cmp=com.example.wearoscomposecodelab/androidx.compose.ui.tooling.PreviewActivity } baseActivity=ComponentInfo{com.example.wearoscomposecodelab/androidx.compose.ui.tooling.PreviewActivity} topActivity=ComponentInfo{com.example.wearoscomposecodelab/androidx.compose.ui.tooling.PreviewActivity} origActivity=null realActivity=ComponentInfo{com.example.wearoscomposecodelab/androidx.compose.ui.tooling.PreviewActivity} numActivities=1 lastActiveTime=11601681 supportsSplitScreenMultiWindow=false resizeMode=1 isResizeable=true token=android.window.WindowContainerToken@f156ce6 topActivityType=1 pictureInPictureParams=null topActivityInfo=ActivityInfo{3ca3e44 androidx.compose.ui.tooling.PreviewActivity} == ActivityLauncherApp{label=My Application, recent=false, timeLastUsedMs=0, info=android.content.pm.LauncherActivityInfo@8db7c02, iconSupplier=cql@c89913}
11-17 00:27:21.644   605   895 E SysUI   : [RecentTaskLauncherApp]Couldn't resolve any Activity for task TaskInfo{userId=0 stackId=47 taskId=47 displayId=-1 isRunning=false baseIntent=Intent { act=android.intent.action.MAIN cat=[android.intent.category.LAUNCHER] flg=0x10000000 cmp=com.example.android.wearable.composeadvanced.test/androidx.test.core.app.InstrumentationActivityInvoker$EmptyActivity } baseActivity=null topActivity=null origActivity=null realActivity=ComponentInfo{com.example.android.wearable.composeadvanced.test/androidx.test.core.app.InstrumentationActivityInvoker$EmptyActivity} numActivities=0 lastActiveTime=11083539 supportsSplitScreenMultiWindow=false resizeMode=1 isResizeable=true token=android.window.WindowContainerToken@3ec9b18 topActivityType=1 pictureInPictureParams=null topActivityInfo=null
11-17 00:27:21.644   605   895 W SysUI   : [RecentTasksLauncherRepo]Using explicit label and icon from base Activity ComponentInfo{com.example.android.wearable.composeadvanced.test/androidx.test.core.app.InstrumentationActivityInvoker$EmptyActivity}
11-17 00:27:21.644   605   895 D SysUI   : [PrimesSysHealthLogger]Timer GLOBAL_LAUNCHER_LOAD_RECENT_TASKS_TIME took 1 ms
11-17 00:27:21.647   605   895 W SysUI   : [LauncherDefaultRecentsCombiner]Unable to get ActivityDisplayInfo for {com.fitbit.FitbitMobile/com.fitbit.today.TodayMainActivity} attempting to fetch from ResolveInfo
11-17 00:27:21.647   605   895 W SysUI   : [LauncherDefaultRecentsCombiner]Unable to get ResolveInfo for {com.fitbit.FitbitMobile/com.fitbit.today.TodayMainActivity}, not able to add to default recents
11-17 00:27:21.648   605   895 W SysUI   : [LauncherDefaultRecentsCombiner]Unable to get ActivityDisplayInfo for {com.fitbit.FitbitMobile/com.fitbit.exercise.MainActivity} attempting to fetch from ResolveInfo
11-17 00:27:21.648   605   895 W SysUI   : [LauncherDefaultRecentsCombiner]Unable to get ResolveInfo for {com.fitbit.FitbitMobile/com.fitbit.exercise.MainActivity}, not able to add to default recents
11-17 00:27:21.648   605   895 W SysUI   : [LauncherDefaultRecentsCombiner]Unable to get ActivityDisplayInfo for {com.google.android.apps.youtube.music/com.google.android.apps.youtube.music.wear.WearMainActivity} attempting to fetch from ResolveInfo
11-17 00:27:21.648   605   895 W SysUI   : [LauncherDefaultRecentsCombiner]Unable to get ResolveInfo for {com.google.android.apps.youtube.music/com.google.android.apps.youtube.music.wear.WearMainActivity}, not able to add to default recents
11-17 00:27:21.648   605   895 W SysUI   : [LauncherDefaultRecentsCombiner]Unable to get ActivityDisplayInfo for {com.google.android.apps.messaging/com.google.android.apps.messaging.main.WearMainActivity} attempting to fetch from ResolveInfo
11-17 00:27:21.648   605   895 W SysUI   : [LauncherDefaultRecentsCombiner]Unable to get ResolveInfo for {com.google.android.apps.messaging/com.google.android.apps.messaging.main.WearMainActivity}, not able to add to default recents
11-17 00:27:21.648   605   895 W SysUI   : [LauncherDefaultRecentsCombiner]Unable to get ActivityDisplayInfo for {com.google.android.dialer/com.google.android.wearable.googledialer.launcher.impl.LauncherActivity} attempting to fetch from ResolveInfo
11-17 00:27:21.648   605   895 W SysUI   : [LauncherDefaultRecentsCombiner]Unable to get ResolveInfo for {com.google.android.dialer/com.google.android.wearable.googledialer.launcher.impl.LauncherActivity}, not able to add to default recents
11-17 00:27:21.649   605   895 W SysUI   : [LauncherDefaultRecentsCombiner]Unable to get ActivityDisplayInfo for {com.google.android.apps.safetyhub/com.google.android.wearable.safety.application.MainActivity} attempting to fetch from ResolveInfo
11-17 00:27:21.649   605   895 W SysUI   : [LauncherDefaultRecentsCombiner]Unable to get ResolveInfo for {com.google.android.apps.safetyhub/com.google.android.wearable.safety.application.MainActivity}, not able to add to default recents
11-17 00:27:21.649   605   895 W SysUI   : [LauncherDefaultRecentsCombiner]Unable to get ActivityDisplayInfo for {com.google.android.apps.maps/com.google.android.apps.gmmwearable.MainActivity} attempting to fetch from ResolveInfo
11-17 00:27:21.649   605   895 W SysUI   : [LauncherDefaultRecentsCombiner]Unable to get ResolveInfo for {com.google.android.apps.maps/com.google.android.apps.gmmwearable.MainActivity}, not able to add to default recents
11-17 00:27:21.649   605   895 D SysUI   : [LauncherDefaultRecentsCombiner]Have to merge with 1 default apps
11-17 00:27:21.649   605   851 D SysUI   : [PrimesSysHealthLogger]Timer GLOBAL_LAUNCHER_MERGE_ONGOING_ACTIVITIES_TIME took 0 ms
11-17 00:27:21.656 13639 15116 I System  : Process start: [su, root, /data/local/tmp/temporaryScript6845643970256442676.sh]
11-17 00:27:21.656 13639 15116 I System  : No redirects, no fds
11-17 00:27:21.662  2571  2637 I Finsky  : [233] jkv.apply(48): SCH: Scheduling 1 system job(s)
11-17 00:27:21.662  2571  2637 I Finsky  : [233] jmz.d(17): SCH: Scheduling system job Id: 9539, L: 14929, D: 70142730, C: false, I: false, N: 1
11-17 00:27:21.664  2571  2627 I Finsky  : [225] vy.fh(20): [ContentSync] finished, scheduled=true
11-17 00:27:21.676   605   605 D SysUI   : [PendingLauncherAppCombiner]onCreated sessionId:1343249986
11-17 00:27:21.676   605   605 D SysUI   : [PendingLauncherAppCombiner]onActiveChanged sessionId:1343249986
11-17 00:27:21.678   605   605 D SysUI   : [PendingLauncherAppCombiner]onProgressChanged sessionId:1343249986 progress:0.13279973
11-17 00:27:21.678   605   605 D SysUI   : [PendingLauncherAppCombiner]onProgressChanged sessionId:1343249986 progress:0.26559946
11-17 00:27:21.679   605   605 D SysUI   : [PendingLauncherAppCombiner]onProgressChanged sessionId:1343249986 progress:0.39839917
11-17 00:27:21.680   605   605 D SysUI   : [PendingLauncherAppCombiner]onProgressChanged sessionId:1343249986 progress:0.5311989
11-17 00:27:21.680   605   605 D SysUI   : [PendingLauncherAppCombiner]onProgressChanged sessionId:1343249986 progress:0.6639986
11-17 00:27:21.680   605   605 D SysUI   : [PendingLauncherAppCombiner]onProgressChanged sessionId:1343249986 progress:0.79679835
11-17 00:27:21.681   605   605 D SysUI   : [PendingLauncherAppCombiner]onActiveChanged sessionId:1343249986
11-17 00:27:21.681   605   605 D SysUI   : [PendingLauncherAppCombiner]onActiveChanged sessionId:1343249986
11-17 00:27:21.692   605   605 D SysUI   : [PendingLauncherAppCombiner]onProgressChanged sessionId:1343249986 progress:0.8
11-17 00:27:21.692   605   605 D SysUI   : [PendingLauncherAppCombiner]onProgressChanged sessionId:1343249986 progress:0.90000004
11-17 00:27:21.709   442   485 I PackageDexOptimizer: Running dexopt (dexoptNeeded=1) on: /data/app/~~Qrz9FyaP9R6KLvNApn4ULw==/com.example.android.wearable.composeadvanced-b9WmU9NqdtbAad0lSCw3SA==/base.apk pkg=com.example.android.wearable.composeadvanced isa=x86 dexoptFlags=boot_complete,profile_guided,public,enable_hidden_api_checks targetFilter=speed-profile oatDir=/data/app/~~Qrz9FyaP9R6KLvNApn4ULw==/com.example.android.wearable.composeadvanced-b9WmU9NqdtbAad0lSCw3SA==/oat classLoaderContext=PCL[]{PCL[/system/framework/com.google.android.wearable.jar]#PCL[/system/framework/org.apache.http.legacy.jar]}
11-17 00:27:21.710   340   340 V installd: DexInv: --- BEGIN '/data/app/~~Qrz9FyaP9R6KLvNApn4ULw==/com.example.android.wearable.composeadvanced-b9WmU9NqdtbAad0lSCw3SA==/base.apk' ---
11-17 00:27:21.723 15334 15334 W dex2oat32: Unexpected CPU variant for X86 using defaults: x86
11-17 00:27:21.723 15334 15334 W dex2oat32: Mismatch between dex2oat instruction set features to use (ISA: X86 Feature string: -ssse3,-sse4.1,-sse4.2,-avx,-avx2,-popcnt) and those from CPP defines (ISA: X86 Feature string: ssse3,-sse4.1,-sse4.2,-avx,-avx2,-popcnt) for the command line:
11-17 00:27:21.723 15334 15334 W dex2oat32: /apex/com.android.art/bin/dex2oat32 --zip-fd=7 --zip-location=base.apk --input-vdex-fd=-1 --output-vdex-fd=9 --oat-fd=8 --oat-location=/data/app/~~Qrz9FyaP9R6KLvNApn4ULw==/com.example.android.wearable.composeadvanced-b9WmU9NqdtbAad0lSCw3SA==/oat/x86/base.odex --instruction-set=x86 --instruction-set-variant=x86 --instruction-set-features=default --runtime-arg -Xbootclasspath:/apex/com.android.art/javalib/core-oj.jar:/apex/com.android.art/javalib/core-libart.jar:/apex/com.android.art/javalib/core-icu4j.jar:/apex/com.android.art/javalib/okhttp.jar:/apex/com.android.art/javalib/bouncycastle.jar:/apex/com.android.art/javalib/apache-xml.jar:/system/framework/framework.jar:/system/framework/ext.jar:/system/framework/telephony-common.jar:/system/framework/voip-common.jar:/system/framework/ims-common.jar:/apex/com.android.conscrypt/javalib/conscrypt.jar:/apex/com.android.media/javalib/updatable-media.jar:/apex/com.android.mediaprovider/javalib/framework-mediaprovider.jar:/apex/com.android.os.statsd/javalib/framework-statsd.jar:/apex/com.android.permission/javalib/framework-permission.jar:/apex/com.android.sdkext/javalib/framework-sdkextensions.jar:/apex/com.android.wifi/javalib/framework-wifi.jar:/apex/com.android.tethering/javalib/framework-tethering.jar:/system/framework/framework-atb-backward-compatibility.jar --runtime-arg -Xms64m --runtime-arg -Xmx512m --updatable-bcp-packages-file=/system/etc/updatable-bcp-packages.txt --resolve-startup-const-strings=true --max-image-block-size=524288 --compiler-filter=speed-profile -j2 --cpu-set=2,3 --swap-fd=10 --classpath-dir=/data/app/~~Qrz9FyaP9R6KLvNApn4ULw==/com.example.android.wearable.composeadvanced-b9WmU9NqdtbAad0lSCw3SA== --class-loader-context=PCL[]{PCL[/system/framework/com.google.android.wearable.jar]#PCL[/system/framework/org.apache.http.legacy.jar]} --generate-mini-debug-info --compact-dex-level=none --runtime-arg -Xtarget-sdk-version:30 --runtime-arg -Xhidden-api-policy:enabled --compilation-reason=install
11-17 00:27:21.723 15334 15334 I dex2oat32: /apex/com.android.art/bin/dex2oat32 --input-vdex-fd=-1 --output-vdex-fd=9 --updatable-bcp-packages-file=/system/etc/updatable-bcp-packages.txt --resolve-startup-const-strings=true --max-image-block-size=524288 --compiler-filter=speed-profile -j2 --cpu-set=2,3 --classpath-dir=/data/app/~~Qrz9FyaP9R6KLvNApn4ULw==/com.example.android.wearable.composeadvanced-b9WmU9NqdtbAad0lSCw3SA== --class-loader-context=PCL[]{PCL[/system/framework/com.google.android.wearable.jar]#PCL[/system/framework/org.apache.http.legacy.jar]} --generate-mini-debug-info --compact-dex-level=none --compilation-reason=install
11-17 00:27:21.725 15334 15334 I dex2oat32: setting boot class path to /apex/com.android.art/javalib/core-oj.jar:/apex/com.android.art/javalib/core-libart.jar:/apex/com.android.art/javalib/core-icu4j.jar:/apex/com.android.art/javalib/okhttp.jar:/apex/com.android.art/javalib/bouncycastle.jar:/apex/com.android.art/javalib/apache-xml.jar:/system/framework/framework.jar:/system/framework/ext.jar:/system/framework/telephony-common.jar:/system/framework/voip-common.jar:/system/framework/ims-common.jar:/apex/com.android.conscrypt/javalib/conscrypt.jar:/apex/com.android.media/javalib/updatable-media.jar:/apex/com.android.mediaprovider/javalib/framework-mediaprovider.jar:/apex/com.android.os.statsd/javalib/framework-statsd.jar:/apex/com.android.permission/javalib/framework-permission.jar:/apex/com.android.sdkext/javalib/framework-sdkextensions.jar:/apex/com.android.wifi/javalib/framework-wifi.jar:/apex/com.android.tethering/javalib/framework-tethering.jar:/system/framework/framework-atb-backward-compatibility.jar
11-17 00:27:21.907  2571  2638 E Finsky  : [234] hmx.a(16): ItemStore: getItems RPC failed.
11-17 00:27:22.041 15334 15334 I dex2oat32: dex2oat took 318.524ms (505.843ms cpu) (threads: 2) arena alloc=1704B (1704B) java alloc=3703KB (3791976B) native alloc=5057KB (5179376B) free=2963KB (3034784B)
11-17 00:27:22.044   340   340 V installd: DexInv: --- END '/data/app/~~Qrz9FyaP9R6KLvNApn4ULw==/com.example.android.wearable.composeadvanced-b9WmU9NqdtbAad0lSCw3SA==/base.apk' (success) ---
11-17 00:27:22.047   340   340 E installd: Couldn't opendir /data/app/vmdl1343249986.tmp: No such file or directory
11-17 00:27:22.047   340   340 E installd: Failed to delete /data/app/vmdl1343249986.tmp: No such file or directory
11-17 00:27:22.048 15331 15333 I cmd     : oneway function results will be dropped but finished with status OK and parcel size 4
11-17 00:27:22.048   605   605 D SysUI   : [PendingLauncherAppCombiner]onFinished sessionId:1343249986
11-17 00:27:22.049  1260  1260 I MediaProvider: Invalidating LocalCallingIdentity cache for package com.example.android.wearable.composeadvanced. Reason: package android.intent.action.PACKAGE_ADDED
11-17 00:27:22.050   861   861 D CarrierSvcBindHelper: No carrier app for: 0
11-17 00:27:22.054   442   513 I InputReader: Reconfiguring input devices, changes=KEYBOARD_LAYOUTS |
11-17 00:27:22.054 13639 13695 I System  : Process start: [su, root, cat, /data/local/tmp/temporaryScript6845643970256442676.sh_stderr]
11-17 00:27:22.054 13639 13695 I System  : No redirects, no fds
11-17 00:27:22.054   605   605 D SysUI   : [PackageUpdateBroadcastReceiver]action: android.intent.action.PACKAGE_ADDED, packageName: com.example.android.wearable.composeadvanced, isReplacing: false
11-17 00:27:22.055   584   584 V AvrcpMediaPlayerList: mPackageChangedBroadcastReceiver: action: android.intent.action.PACKAGE_ADDED
11-17 00:27:22.055   584   584 D AvrcpMediaPlayerList: Name of package changed: com.example.android.wearable.composeadvanced
11-17 00:27:22.055  2571  2571 I Finsky  : [2] ide.i(0): PackageMonitorReceiverImpl - Received: android.intent.action.PACKAGE_ADDED, [iBbRKj_CqE3EthRr_IfTIIj0w7ySXGl_4OHOxN3VCQ4]
11-17 00:27:22.055  2571  2571 I Finsky  : [2] idt.o(8): Invalidating cached PackageState for com.example.android.wearable.composeadvanced
11-17 00:27:22.055  1205  1205 D WCS     : [PackageUpdateBroadcastReceiver]action: android.intent.action.PACKAGE_ADDED, packageName: com.example.android.wearable.composeadvanced, isReplacing: false
11-17 00:27:22.058  1205 15284 D WCS     : [PackageUpdateReceiver]onReceive: Intent { act=android.intent.action.PACKAGE_ADDED dat=package:com.example.android.wearable.composeadvanced flg=0x4000010 (has extras) }
11-17 00:27:22.058  1205 15281 D WCS     : [ListenableDataApiWriter]Removing data items with node=local, path=/complication_providers/data/provider_app/com.example.android.wearable.composeadvanced/, pathMatching=PREFIX
11-17 00:27:22.059  1205 13547 D WCS     : [ListenableDataApiReader]Fetching data items with node 6a4097b1 and path /bridge_mode/bridge_mode/com.example.android.wearable.composeadvanced
11-17 00:27:22.062  1205 13387 D WCS     : [DataItemBridgeModeConfig]Not writing bridge mode data item for package: com.example.android.wearable.composeadvanced
11-17 00:27:22.062  1205 13350 D WCS     : [BridgeModeWriter]Successfully updated DataItem for package: com.example.android.wearable.composeadvanced
11-17 00:27:22.063  2571 13537 I Finsky  : [511] aw.a(5): Asset module storage cleared for package com.example.android.wearable.composeadvanced.
11-17 00:27:22.063  2571  2644 I Finsky  : [238] egi.a(179): AIM: AppInfoManager-Perf > OnDeviceAppInfo > cacheHitCount=0, cacheMissCount=1. Missed  in cache (limit 10) : [com.example.android.wearable.composeadvanced]
11-17 00:27:22.063  2571  2644 I Finsky  : [238] dkp.apply(78): AIM: Got app ownership map. App counts: . Unique apps: 0
11-17 00:27:22.063  1205 13546 I SettingManager: Setting /protogensettings/accessibility/talkback_present/6a4097b1 to true
11-17 00:27:22.065  1205 15281 D WCS     : [DefaultWFFlavorsMgr]Skipping as the package: com.example.android.wearable.composeadvanced does not have AndroidX watch face(s) that support flavors.
11-17 00:27:22.065  1205 13350 D WCS     : [ListenableDataApiReader]Fetching data items with node local and prefix /watch_face/com.example.android.wearable.composeadvanced/
11-17 00:27:22.066   861   861 D CarrierConfigLoader: mHandler: 9 phoneId: 0
11-17 00:27:22.068  1205 13547 D DataClientWriter: Writing data item /protogensettings/accessibility/talkback_present/6a4097b1
11-17 00:27:22.068  2571  2571 I Finsky  : [2] ket.f(8): Clearing split related stale data.
11-17 00:27:22.071  2571 13539 I Finsky  : [513] vy.fh(20): [ContentSync] finished, scheduled=false
11-17 00:27:22.071   605   605 D SysUI   : [CacheInvalidationMonitor]invalidateCaches because Packages changed: [com.example.android.wearable.composeadvanced]
11-17 00:27:22.072   605   851 D SysUI   : [AllLauncherAppsProvider]Maybe invalidating cache because of reason [Packages changed: [com.example.android.wearable.composeadvanced]]
11-17 00:27:22.072   605   851 D SysUI   : [LauncherIconProvider]onInvalidateCache: Packages changed: [com.example.android.wearable.composeadvanced]
11-17 00:27:22.072  1260  3339 I MediaProvider: Deleted 1 items on external_primary due to com.example.android.wearable.composeadvanced.benchmark
11-17 00:27:22.073 13639 13695 I System  : Process start: [su, root, rm, /data/local/tmp/temporaryScript6845643970256442676.sh_stderr, /data/local/tmp/temporaryScript6845643970256442676.sh]
11-17 00:27:22.073 13639 13695 I System  : No redirects, no fds
11-17 00:27:22.075  2571 15282 I Finsky  : [528] gbo.run(13): Wrote row to frosting DB: 220
11-17 00:27:22.077   605   895 E SysUI   : [RecentTaskLauncherApp]Couldn't resolve any Activity for task TaskInfo{userId=0 stackId=14 taskId=14 displayId=0 isRunning=true baseIntent=Intent { act=android.intent.action.MAIN cat=[android.intent.category.LAUNCHER] flg=0x10100000 cmp=com.example.wearoscomposecodelab/androidx.compose.ui.tooling.PreviewActivity } baseActivity=ComponentInfo{com.example.wearoscomposecodelab/androidx.compose.ui.tooling.PreviewActivity} topActivity=ComponentInfo{com.example.wearoscomposecodelab/androidx.compose.ui.tooling.PreviewActivity} origActivity=null realActivity=ComponentInfo{com.example.wearoscomposecodelab/androidx.compose.ui.tooling.PreviewActivity} numActivities=1 lastActiveTime=11601728 supportsSplitScreenMultiWindow=false resizeMode=1 isResizeable=true token=android.window.WindowContainerToken@f156ce6 topActivityType=1 pictureInPictureParams=null topActivityInfo=ActivityInfo{62a2ea4 androidx.compose.ui.tooling.PreviewActivity}
11-17 00:27:22.077   605   895 W SysUI   : [RecentTasksLauncherRepo]getRecentApps matched task with the only Launcher in the package TaskInfo{userId=0 stackId=14 taskId=14 displayId=0 isRunning=true baseIntent=Intent { act=android.intent.action.MAIN cat=[android.intent.category.LAUNCHER] flg=0x10100000 cmp=com.example.wearoscomposecodelab/androidx.compose.ui.tooling.PreviewActivity } baseActivity=ComponentInfo{com.example.wearoscomposecodelab/androidx.compose.ui.tooling.PreviewActivity} topActivity=ComponentInfo{com.example.wearoscomposecodelab/androidx.compose.ui.tooling.PreviewActivity} origActivity=null realActivity=ComponentInfo{com.example.wearoscomposecodelab/androidx.compose.ui.tooling.PreviewActivity} numActivities=1 lastActiveTime=11601728 supportsSplitScreenMultiWindow=false resizeMode=1 isResizeable=true token=android.window.WindowContainerToken@f156ce6 topActivityType=1 pictureInPictureParams=null topActivityInfo=ActivityInfo{62a2ea4 androidx.compose.ui.tooling.PreviewActivity} == ActivityLauncherApp{label=My Application, recent=false, timeLastUsedMs=0, info=android.content.pm.LauncherActivityInfo@8db7c02, iconSupplier=cql@c89913}
11-17 00:27:22.077   605   895 E SysUI   : [RecentTaskLauncherApp]Couldn't resolve any Activity for task TaskInfo{userId=0 stackId=47 taskId=47 displayId=-1 isRunning=false baseIntent=Intent { act=android.intent.action.MAIN cat=[android.intent.category.LAUNCHER] flg=0x10000000 cmp=com.example.android.wearable.composeadvanced.test/androidx.test.core.app.InstrumentationActivityInvoker$EmptyActivity } baseActivity=null topActivity=null origActivity=null realActivity=ComponentInfo{com.example.android.wearable.composeadvanced.test/androidx.test.core.app.InstrumentationActivityInvoker$EmptyActivity} numActivities=0 lastActiveTime=11083539 supportsSplitScreenMultiWindow=false resizeMode=1 isResizeable=true token=android.window.WindowContainerToken@3ec9b18 topActivityType=1 pictureInPictureParams=null topActivityInfo=null
11-17 00:27:22.078   605   895 W SysUI   : [RecentTasksLauncherRepo]Using explicit label and icon from base Activity ComponentInfo{com.example.android.wearable.composeadvanced.test/androidx.test.core.app.InstrumentationActivityInvoker$EmptyActivity}
11-17 00:27:22.078   605   895 D SysUI   : [PrimesSysHealthLogger]Timer GLOBAL_LAUNCHER_LOAD_RECENT_TASKS_TIME took 2 ms
11-17 00:27:22.078   605   895 D SysUI   : [AllLauncherAppsProvider]Done refreshing [17] apps
11-17 00:27:22.078   605   895 D SysUI   : [PrimesSysHealthLogger]Timer GLOBAL_LAUNCHER_INCREMENTAL_RELOAD_ALL_APPS_TIME took 6 ms
11-17 00:27:22.079   605   895 W SysUI   : [LauncherDefaultRecentsCombiner]Unable to get ActivityDisplayInfo for {com.fitbit.FitbitMobile/com.fitbit.today.TodayMainActivity} attempting to fetch from ResolveInfo
11-17 00:27:22.079   605   895 W SysUI   : [LauncherDefaultRecentsCombiner]Unable to get ResolveInfo for {com.fitbit.FitbitMobile/com.fitbit.today.TodayMainActivity}, not able to add to default recents
11-17 00:27:22.079   605   895 W SysUI   : [LauncherDefaultRecentsCombiner]Unable to get ActivityDisplayInfo for {com.fitbit.FitbitMobile/com.fitbit.exercise.MainActivity} attempting to fetch from ResolveInfo
11-17 00:27:22.079   605   895 W SysUI   : [LauncherDefaultRecentsCombiner]Unable to get ResolveInfo for {com.fitbit.FitbitMobile/com.fitbit.exercise.MainActivity}, not able to add to default recents
