11-17 00:27:39.584 13639 15116 I System  : Process start: [su, root, /data/local/tmp/trace_processor_shell, --query-file, /storage/emulated/0/Android/media/com.example.android.wearable.composeadvanced.benchmark/trace_processor_query.sql, /sdcard/Android/media/com.example.android.wearable.composeadvanced.benchmark/additional_test_output/StartupBenchmark_startup[compilation=BaselineProfile]_iter004_2022-11-16-21-27-38.perfetto-trace]
11-17 00:27:39.584 13639 15116 I System  : No redirects, no fds
11-17 00:27:39.679 16103 16103 W perfetto: processor_shell.cc:1367 Trace loaded: 1.28 MB in 0.07s (18.8 MB/s)
11-17 00:27:39.683 16103 16103 W perfetto: _processor_shell.cc:619 Executing query: SELECT
11-17 00:27:39.683 16103 16103 W perfetto: slice.name as name,
11-17 00:27:39.683 16103 16103 W perfetto: slice.ts as ts,
11-17 00:27:39.683 16103 16103 W perfetto: slice.dur as dur
11-17 00:27:39.683 16103 16103 W perfetto: FROM slice
11-17 00:27:39.683 16103 16103 W perfetto: INNER JOIN thread_track on slice.track_id = thread_track.id
11-17 00:27:39.683 16103 16103 W perfetto: INNER JOIN thread USING(utid)
11-17 00:27:39.683 16103 16103 W perfetto: INNER JOIN process USING(upid)
11-17 00:27:39.683 16103 16103 W perfetto: WHERE (
11-17 00:27:39.683 16103 16103 W perfetto: ((process.name LIKE "com.example.android.wearable.composeadvanced.benchmark" OR process.name LIKE "com.example.android.wearable.composeadvanced.benchmark:%") AND slice.name LIKE "startActivityAndWait") OR
11-17 00:27:39.683 16103 16103 W perfetto: (
11-17 00:27:39.683 16103 16103 W perfetto: (process.name LIKE "com.example.android.wearable.composeadvanced" OR process.name LIKE "com.example.android.wearable.composeadvanced:%") AND (
11-17 00:27:39.683 16103 16103 W perfetto: (slice.name LIKE "activityResume" AND process.pid LIKE thread.tid) OR
11-17 00:27:39.683 16103 16103 W perfetto: (slice.name LIKE "Choreographer#doFrame%" AND process.pid LIKE thread.tid) OR
11-17 00:27:39.683 16103 16103 W perfetto: (slice.name LIKE "reportFullyDrawn() for %" AND process.pid LIKE thread.tid) OR
11-17 00:27:39.683 16103 16103 W perfetto: (slice.name LIKE "DrawFrame%" AND thread.name LIKE "RenderThread")
11-17 00:27:39.683 16103 16103 W perfetto: )
11-17 00:27:39.683 16103 16103 W perfetto: ) OR
11-17 00:27:39.683 16103 16103 W perfetto: (
11-17 00:27:39.683 16103 16103 W perfetto: process.name LIKE "system_server" AND
11-17 00:27:39.683 16103 16103 W perfetto: slice.name LIKE "MetricsLogger:launchObserverNotifyIntentStarted"
11-17 00:27:39.683 16103 16103 W perfetto: )
11-17 00:27:39.683 16103 16103 W perfetto: )
11-17 00:27:39.683 16103 16103 W perfetto: UNION
11-17 00:27:39.683 16103 16103 W perfetto: SELECT
11-17 00:27:39.683 16103 16103 W perfetto: slice.n
11-17 00:27:39.695  1260  4250 I MediaProvider: Deleted 1 items on external_primary due to com.example.android.wearable.composeadvanced.benchmark
11-17 00:27:39.696 13653 13675 I System.out: query result line "name","ts","dur"
11-17 00:27:39.696 13653 13675 I System.out: query result line "startActivityAndWait",11616734495381,349590986
11-17 00:27:39.696 13653 13675 I System.out: query result line "MetricsLogger:launchObserverNotifyIntentStarted",11616782296861,18213
11-17 00:27:39.696 13653 13675 I System.out: query result line "launching: com.example.android.wearable.composeadvanced",11616785025786,174312922
11-17 00:27:39.696 13653 13675 I System.out: query result line "activityResume",11616867677663,2832360
11-17 00:27:39.696 13653 13675 I System.out: query result line "Choreographer#doFrame",11616870673254,86196239
11-17 00:27:39.696 13653 13675 I System.out: query result line "DrawFrame",11616948975121,7684054
11-17 00:27:39.696 13653 13675 I System.out: query result line "Choreographer#doFrame",11616960095220,41104128
11-17 00:27:39.696 13653 13675 I System.out: query result line "DrawFrame",11617000960830,18826697
11-17 00:27:39.696 13653 13675 I System.out: query result line "Choreographer#doFrame",11617004823604,15776711
11-17 00:27:39.696 13653 13675 I System.out: query result line "reportFullyDrawn() for ComponentActivity",11617016995294,1216926
11-17 00:27:39.696 13653 13675 I System.out: query result line "DrawFrame",11617019801216,10323868
11-17 00:27:39.696 13653 13675 I System.out: query result line "Choreographer#doFrame",11617025753156,13552560
11-17 00:27:39.696 13653 13675 I System.out: query result line "DrawFrame",11617038890992,8164759
11-17 00:27:39.696 13653 13675 I System.out: query result line "Choreographer#doFrame",11617040735007,6552844
11-17 00:27:39.696 13653 13675 I System.out: query result line "DrawFrame",11617047063335,16660172
11-17 00:27:39.696 13653 13675 I System.out: query result line "Choreographer#doFrame",11617053716734,669432
11-17 00:27:39.696 13653 13675 I System.out: query result line "Choreographer#doFrame",11617061898705,789910
11-17 00:27:39.696 13653 13675 I System.out: query result line "Choreographer#doFrame",11617079229875,444426
11-17 00:27:39.696 13653 13675 I System.out: query result line "Choreographer#doFrame",11617094898256,700747
11-17 00:27:39.696 13653 13675 I System.out: query result line "Choreographer#doFrame",11617111734405,1303791
11-17 00:27:39.696 13653 13675 I System.out: query result line "Choreographer#doFrame",11617128369097,1691429
11-17 00:27:39.696 13653 13675 I System.out: query result line "Choreographer#doFrame",11617144982236,1839851
11-17 00:27:39.696 13653 13675 I System.out: query result line "Choreographer#doFrame",11617161864630,2086515
11-17 00:27:39.696 13653 13675 I System.out: query result line "Choreographer#doFrame",11617178418348,1854559
11-17 00:27:39.696 13653 13675 I System.out: query result line "Choreographer#doFrame",11617194989705,1338389
11-17 00:27:39.696 13653 13675 I System.out: query result line "Choreographer#doFrame",11617211656666,1260975
11-17 00:27:39.696 13653 13675 I System.out: query result line "Choreographer#doFrame",11617228332370,1026339
11-17 00:27:39.696 13653 13675 I System.out: query result line "Choreographer#doFrame",11617244974291,999113
11-17 00:27:39.696 13653 13675 I System.out: query result line "Choreographer#doFrame",11617261624259,1014161
11-17 00:27:39.696 13653 13675 I System.out: query result line "Choreographer#doFrame",11617278561995,1058425
11-17 00:27:39.696 13653 13675 I System.out: query result line "Choreographer#doFrame",11617295356238,3236050
11-17 00:27:39.696 13653 13675 I System.out: query result line "Choreographer#doFrame",11617311669507,1447272
11-17 00:27:39.696 13653 13675 I System.out: query result line "Choreographer#doFrame",11617328336837,1069729
11-17 00:27:39.696 13653 13675 I System.out: query result line "Choreographer#doFrame",11617345003749,1186882
11-17 00:27:39.696 13653 13675 I System.out: query result line "Choreographer#doFrame",11617361626119,1002297
11-17 00:27:39.696 13653 13675 I System.out: query result line "Choreographer#doFrame",11617378488018,1043420
11-17 00:27:39.696 13653 13675 I System.out: query result line "Choreographer#doFrame",11617395232196,1068921
11-17 00:27:39.696 13653 13675 I System.out: query result line "Choreographer#doFrame",11617411811637,1115128
11-17 00:27:39.696 13653 13675 I System.out: query result line "Choreographer#doFrame",11617428757583,1117030
11-17 00:27:39.696 13653 13675 I System.out: query result line "Choreographer#doFrame",11617445274107,1147055
11-17 00:27:39.696 13653 13675 I System.out: query result line "Choreographer#doFrame",11617462017294,1115044
11-17 00:27:39.696 13653 13675 I System.out: query result line "Choreographer#doFrame",11617478577852,1145083
11-17 00:27:39.696 13653 13675 I System.out: query result line "Choreographer#doFrame",11617495276958,1047746
11-17 00:27:39.696 13653 13675 I System.out: query result line "Choreographer#doFrame",11617512059804,1052250
11-17 00:27:39.696 13653 13675 I System.out: query result line "Choreographer#doFrame",11617528700769,1075164
11-17 00:27:39.696 13653 13675 I System.out: query result line "Choreographer#doFrame",11617545294231,1152441
11-17 00:27:39.696 13653 13675 I System.out: query result line "Choreographer#doFrame",11617562084284,860730
11-17 00:27:39.696 13653 13675 I System.out: query result line "Choreographer#doFrame",11617578554354,817438
11-17 00:27:39.696 13653 13675 I System.out: query result line "Choreographer#doFrame",11617595288649,752791
11-17 00:27:39.696 13653 13675 I System.out: query result line "Choreographer#doFrame",11617611923127,760085
11-17 00:27:39.696 13653 13675 I System.out: query result line "Choreographer#doFrame",11617628787122,791287
11-17 00:27:39.696 13653 13675 I System.out: query result line "Choreographer#doFrame",11617645179862,1162352
11-17 00:27:39.696 13653 13675 I System.out: query result line "Choreographer#doFrame",11617661811952,918916
11-17 00:27:39.696 13653 13675 I System.out: query result line "Choreographer#doFrame",11617678599341,707475
11-17 00:27:39.696 13653 13675 I System.out: query result line "Choreographer#doFrame",11617695264384,726381
11-17 00:27:39.696 13653 13675 I System.out: query result line "Choreographer#doFrame",11617712021281,836289
11-17 00:27:39.696 13653 13675 I System.out: query result line "Choreographer#doFrame",11617728790805,15213
11-17 00:27:39.696 13653 13675 I System.out: query result line
11-17 00:27:39.698 13653 13675 D Benchmark: Iteration 4 captured UiState{timeline_start_ts=11616782296861, timeline_end_ts=11617030125084, highlight_process=HighlightProcess{cmdline=com.example.android.wearable.composeadvanced}}
11-17 00:27:39.698 13653 13675 D Benchmark: Killing process com.example.android.wearable.composeadvanced
11-17 00:27:39.699 13639 15116 I System  : Process start: [am, force-stop, com.example.android.wearable.composeadvanced]
11-17 00:27:39.699 13639 15116 I System  : No redirects, no fds
11-17 00:27:39.710   442  1165 W InputReader: Device virtio_input_multi_touch_6 is associated with display ADISPLAY_ID_NONE.
11-17 00:27:39.710   442  1165 W InputReader: Device virtio_input_multi_touch_3 is associated with display ADISPLAY_ID_NONE.
11-17 00:27:39.710   442  1165 W InputReader: Device virtio_input_multi_touch_10 is associated with display ADISPLAY_ID_NONE.
11-17 00:27:39.710   442  1165 W InputReader: Device virtio_input_multi_touch_4 is associated with display ADISPLAY_ID_NONE.
11-17 00:27:39.710   442  1165 W InputReader: Device virtio_input_multi_touch_11 is associated with display ADISPLAY_ID_NONE.
11-17 00:27:39.710   442  1165 W InputReader: Device virtio_input_multi_touch_5 is associated with display ADISPLAY_ID_NONE.
11-17 00:27:39.710   442  1165 W InputReader: Device virtio_input_multi_touch_2 is associated with display ADISPLAY_ID_NONE.
11-17 00:27:39.710   442  1165 W InputReader: Device virtio_input_multi_touch_8 is associated with display ADISPLAY_ID_NONE.
11-17 00:27:39.710   442  1165 W InputReader: Device virtio_input_multi_touch_9 is associated with display ADISPLAY_ID_NONE.
11-17 00:27:39.710   442  1165 W InputReader: Device virtio_input_multi_touch_7 is associated with display ADISPLAY_ID_NONE.
11-17 00:27:39.711   442  1165 W InputReader: Device virtio_input_multi_touch_6 is associated with display ADISPLAY_ID_NONE.
11-17 00:27:39.711   442  1165 W InputReader: Device virtio_input_multi_touch_3 is associated with display ADISPLAY_ID_NONE.
11-17 00:27:39.711   442  1165 W InputReader: Device virtio_input_multi_touch_10 is associated with display ADISPLAY_ID_NONE.
11-17 00:27:39.711   442  1165 W InputReader: Device virtio_input_multi_touch_4 is associated with display ADISPLAY_ID_NONE.
11-17 00:27:39.711   442  1165 W InputReader: Device virtio_input_multi_touch_11 is associated with display ADISPLAY_ID_NONE.
11-17 00:27:39.711   442  1165 W InputReader: Device virtio_input_multi_touch_5 is associated with display ADISPLAY_ID_NONE.
11-17 00:27:39.711   442  1165 W InputReader: Device virtio_input_multi_touch_2 is associated with display ADISPLAY_ID_NONE.
11-17 00:27:39.711   442  1165 W InputReader: Device virtio_input_multi_touch_8 is associated with display ADISPLAY_ID_NONE.
11-17 00:27:39.711   442  1165 W InputReader: Device virtio_input_multi_touch_9 is associated with display ADISPLAY_ID_NONE.
11-17 00:27:39.711   442  1165 W InputReader: Device virtio_input_multi_touch_7 is associated with display ADISPLAY_ID_NONE.
11-17 00:27:39.716 16109 16111 I cmd     : oneway function results will be dropped but finished with status OK and parcel size 4
11-17 00:27:39.716   605   605 D SysUI   : [LauncherViewsUiManager]activityObserver onStateChanged ON_START
11-17 00:27:39.718   861   861 D CarrierSvcBindHelper: No carrier app for: 0
11-17 00:27:39.719   225   225 I Zygote  : Process 16039 exited due to signal 9 (Killed)
11-17 00:27:39.732   243  4390 D goldfish-address-space: claimShared: Ask to claim region [0x3fcb0c000 0x3fcbd6000]
11-17 00:27:39.734   243  4390 D goldfish-address-space: claimShared: Ask to claim region [0x3fcca0000 0x3fcd6a000]
11-17 00:27:39.735   243  4390 D goldfish-address-space: claimShared: Ask to claim region [0x3fd7ac000 0x3fd876000]
11-17 00:27:39.735 13639 15116 I System  : Process start: [su, root, cp, /storage/emulated/0/Android/media/com.example.android.wearable.composeadvanced.benchmark/temporaryScript8260519975004540977.sh, /data/local/tmp/temporaryScript8260519975004540977.sh]
11-17 00:27:39.735 13639 15116 I System  : No redirects, no fds
11-17 00:27:39.745   243  4390 D goldfish-address-space: claimShared: Ask to claim region [0x3fd876000 0x3fd940000]
11-17 00:27:39.747   243  4390 D goldfish-address-space: claimShared: Ask to claim region [0x3fd940000 0x3fda0a000]
11-17 00:27:39.747 13639 15116 I System  : Process start: [su, root, chmod, +x, /data/local/tmp/temporaryScript8260519975004540977.sh]
11-17 00:27:39.747 13639 15116 I System  : No redirects, no fds
11-17 00:27:39.748   243  4390 D goldfish-address-space: claimShared: Ask to claim region [0x3fda0a000 0x3fdad4000]
11-17 00:27:39.750   442   470 I libprocessgroup: Successfully killed process cgroup uid 10080 pid 16039 in 42ms
11-17 00:27:39.752   605   605 D SysUI   : [LauncherViewsUiManager]activityObserver onStateChanged ON_STOP
11-17 00:27:39.756 13639 13691 I System  : Process start: [su, root, /data/local/tmp/temporaryScript8260519975004540977.sh]
11-17 00:27:39.756 13639 13691 I System  : No redirects, no fds
11-17 00:27:39.763  1140  1140 I WearInputMethodService: WearInputMethodService.onBindInput():963
11-17 00:27:39.763  1140  1140 I WearInputMethodService: WearInputMethodService.onFinishInput():2234
11-17 00:27:39.763  1140  1140 I WearInputMethodService: WearInputMethodService.onStartInput():1773
11-17 00:27:39.763  1140  1140 I WearInputMethodService: WearInputMethodService.onStartInput():1785 onStartInput(), Dummy InputConnection bound
11-17 00:27:39.792  1260  1366 I MediaProvider: Deleted 1 items on external_primary due to com.example.android.wearable.composeadvanced.benchmark
11-17 00:27:39.793 13639 13691 I System  : Process start: [su, root, rm, /data/local/tmp/temporaryScript8260519975004540977.sh]
11-17 00:27:39.793 13639 13691 I System  : No redirects, no fds
11-17 00:27:39.803 13653 13675 D PerfettoCapture: Supported ABIs: x86, armeabi-v7a, armeabi
11-17 00:27:39.803 13653 13675 D PerfettoCapture: Recording perfetto trace
11-17 00:27:39.807 13653 13675 I PerfettoCapture: Cleanup perfetto before starting.
11-17 00:27:39.807 13639 13691 I System  : Process start: [su, root, pgrep, -l, -f, perfetto]
11-17 00:27:39.807 13639 13691 I System  : No redirects, no fds
11-17 00:27:39.821 13639 13691 I System  : Process start: [su, root, pgrep, -l, -f, tracebox]
11-17 00:27:39.821 13639 13691 I System  : No redirects, no fds
11-17 00:27:39.834 13639 13691 I System  : Process start: [su, root, rm, /data/misc/perfetto-traces/trace_output.pb]
11-17 00:27:39.835 13639 13691 I System  : No redirects, no fds
11-17 00:27:39.842 13653 13675 I PerfettoCapture: Perfetto output file cleanup -
11-17 00:27:39.842 13653 13675 I PerfettoCapture: Starting perfetto tracing with cmd: cat /storage/emulated/0/Android/media/com.example.android.wearable.composeadvanced.benchmark/trace_config.pb | perfetto --background -c - -o /data/misc/perfetto-traces/trace_output.pb
11-17 00:27:39.846 13639 13691 I System  : Process start: [su, root, cp, /storage/emulated/0/Android/media/com.example.android.wearable.composeadvanced.benchmark/temporaryScript7612506699648424482.sh, /data/local/tmp/temporaryScript7612506699648424482.sh]
11-17 00:27:39.846 13639 13691 I System  : No redirects, no fds
11-17 00:27:39.855 13639 13691 I System  : Process start: [su, root, chmod, +x, /data/local/tmp/temporaryScript7612506699648424482.sh]
11-17 00:27:39.855 13639 13691 I System  : No redirects, no fds
11-17 00:27:39.863 13639 13691 I System  : Process start: [su, root, /data/local/tmp/temporaryScript7612506699648424482.sh]
11-17 00:27:39.863 13639 13691 I System  : No redirects, no fds
11-17 00:27:39.874 16144 16144 I perfetto: perfetto_cmd.cc:711     Connected to the Perfetto traced service, starting tracing
11-17 00:27:39.875   336   336 I perfetto: ing_service_impl.cc:758 Configured tracing session 76, #sources:4, duration:0 ms, #buffers:2, total buffer size:36864 KB, total sessions:1, uid:0 session name: ""
11-17 00:27:39.876   325   325 I perfetto: probes_producer.cc:230  Ftrace setup (target_buf=151)
11-17 00:27:39.881  1260  4252 I MediaProvider: Deleted 1 items on external_primary due to com.example.android.wearable.composeadvanced.benchmark
11-17 00:27:39.882 13639 13691 I System  : Process start: [su, root, rm, /data/local/tmp/temporaryScript7612506699648424482.sh]
11-17 00:27:39.882 13639 13691 I System  : No redirects, no fds
11-17 00:27:39.892 13653 13675 I PerfettoCapture: Perfetto output - 16144
11-17 00:27:39.892 13653 13675 I PerfettoCapture: EXITCODE=0
11-17 00:27:39.892 13639 13691 I System  : Process start: [su, root, ps, 16144]
11-17 00:27:39.892 13639 13691 I System  : No redirects, no fds
11-17 00:27:39.901   325   325 I perfetto: ftrace_procfs.cc:176    enabled ftrace
11-17 00:27:39.907 13653 13675 I PerfettoCapture: Perfetto tracing started successfully with pid 16144.
11-17 00:27:39.907 13639 13691 I System  : Process start: [su, root, ls, /sys/kernel/tracing/tracing_on]
11-17 00:27:39.907 13639 13691 I System  : No redirects, no fds
11-17 00:27:39.917 13639 13691 I System  : Process start: [su, root, cat, /sys/kernel/tracing/tracing_on]
11-17 00:27:39.917 13639 13691 I System  : No redirects, no fds
11-17 00:27:39.924 13653 13675 I PerfettoCapture: /sys/kernel/tracing/tracing_on = 1, polled 0 times, capture fully started
11-17 00:27:39.926  1260  1367 I MediaProvider: Deleted 1 items on external_primary due to com.example.android.wearable.composeadvanced.benchmark
11-17 00:27:39.928 13639 13691 I System  : Process start: [su, root, pgrep, -l, -f, com.example.android.wearable.composeadvanced]
11-17 00:27:39.928 13639 13691 I System  : No redirects, no fds
11-17 00:27:39.940 13653 13675 D Benchmark: Starting activity with command: am start -W "intent:#Intent;action=android.intent.action.MAIN;category=android.intent.category.LAUNCHER;launchFlags=0x10008000;package=com.example.android.wearable.composeadvanced;component=com.example.android.wearable.composeadvanced/.presentation.MainActivity;end"
11-17 00:27:39.945 13639 13691 I System  : Process start: [su, root, cp, /storage/emulated/0/Android/media/com.example.android.wearable.composeadvanced.benchmark/temporaryScript5735178422483050815.sh, /data/local/tmp/temporaryScript5735178422483050815.sh]
11-17 00:27:39.945 13639 13691 I System  : No redirects, no fds
11-17 00:27:39.953 13639 13691 I System  : Process start: [su, root, chmod, +x, /data/local/tmp/temporaryScript5735178422483050815.sh]
11-17 00:27:39.953 13639 13691 I System  : No redirects, no fds
11-17 00:27:39.964 13639 13691 I System  : Process start: [su, root, /data/local/tmp/temporaryScript5735178422483050815.sh]
11-17 00:27:39.964 13639 13691 I System  : No redirects, no fds
11-17 00:27:39.988   225   225 D Zygote  : Forked child process 16174
11-17 00:27:39.996   243  4390 D goldfish-address-space: claimShared: Ask to claim region [0x3fcb0c000 0x3fcbd6000]
11-17 00:27:39.999 16174 16174 W composeadvance: Unexpected CPU variant for X86 using defaults: x86
11-17 00:27:40.002   307   318 I adbd    : jdwp connection from 16174
11-17 00:27:40.005   442 13767 W InputReader: Device virtio_input_multi_touch_6 is associated with display ADISPLAY_ID_NONE.
11-17 00:27:40.005   442 13767 W InputReader: Device virtio_input_multi_touch_3 is associated with display ADISPLAY_ID_NONE.
11-17 00:27:40.005   442 13767 W InputReader: Device virtio_input_multi_touch_10 is associated with display ADISPLAY_ID_NONE.
11-17 00:27:40.005   442 13767 W InputReader: Device virtio_input_multi_touch_4 is associated with display ADISPLAY_ID_NONE.
11-17 00:27:40.005   442 13767 W InputReader: Device virtio_input_multi_touch_11 is associated with display ADISPLAY_ID_NONE.
11-17 00:27:40.005   442 13767 W InputReader: Device virtio_input_multi_touch_5 is associated with display ADISPLAY_ID_NONE.
11-17 00:27:40.005   442 13767 W InputReader: Device virtio_input_multi_touch_2 is associated with display ADISPLAY_ID_NONE.
11-17 00:27:40.005   442 13767 W InputReader: Device virtio_input_multi_touch_8 is associated with display ADISPLAY_ID_NONE.
11-17 00:27:40.005   442 13767 W InputReader: Device virtio_input_multi_touch_9 is associated with display ADISPLAY_ID_NONE.
11-17 00:27:40.005   442 13767 W InputReader: Device virtio_input_multi_touch_7 is associated with display ADISPLAY_ID_NONE.
11-17 00:27:40.006   442 13767 W InputReader: Device virtio_input_multi_touch_6 is associated with display ADISPLAY_ID_NONE.
11-17 00:27:40.006   442 13767 W InputReader: Device virtio_input_multi_touch_3 is associated with display ADISPLAY_ID_NONE.
11-17 00:27:40.006   442 13767 W InputReader: Device virtio_input_multi_touch_10 is associated with display ADISPLAY_ID_NONE.
11-17 00:27:40.006   442 13767 W InputReader: Device virtio_input_multi_touch_4 is associated with display ADISPLAY_ID_NONE.
11-17 00:27:40.006   442 13767 W InputReader: Device virtio_input_multi_touch_11 is associated with display ADISPLAY_ID_NONE.
11-17 00:27:40.006   442 13767 W InputReader: Device virtio_input_multi_touch_5 is associated with display ADISPLAY_ID_NONE.
11-17 00:27:40.006   442 13767 W InputReader: Device virtio_input_multi_touch_2 is associated with display ADISPLAY_ID_NONE.
11-17 00:27:40.006   442 13767 W InputReader: Device virtio_input_multi_touch_8 is associated with display ADISPLAY_ID_NONE.
11-17 00:27:40.006   442 13767 W InputReader: Device virtio_input_multi_touch_9 is associated with display ADISPLAY_ID_NONE.
11-17 00:27:40.006   442 13767 W InputReader: Device virtio_input_multi_touch_7 is associated with display ADISPLAY_ID_NONE.
11-17 00:27:40.013 16174 16174 I composeadvance: The ClassLoaderContext is a special shared library.
11-17 00:27:40.027   244   282 W EmuHWC2 : validate: layer 380 CompositionType 1, fallback
11-17 00:27:40.028   244   282 W EmuHWC2 : No layers, exit, buffer 0xebf01b10
11-17 00:27:40.030 16174 16174 D NetworkSecurityConfig: No Network Security Config specified, using platform default
11-17 00:27:40.031 16174 16174 D NetworkSecurityConfig: No Network Security Config specified, using platform default
11-17 00:27:40.035 16174 16198 D libEGL  : loaded /vendor/lib/egl/libEGL_emulation.so
11-17 00:27:40.036 16174 16198 D libEGL  : loaded /vendor/lib/egl/libGLESv1_CM_emulation.so
11-17 00:27:40.038 16174 16198 D libEGL  : loaded /vendor/lib/egl/libGLESv2_emulation.so
11-17 00:27:40.043   244   282 W EmuHWC2 : validate: layer 381 CompositionType 1, fallback
11-17 00:27:40.044   244   282 W EmuHWC2 : No layers, exit, buffer 0xebf00510
11-17 00:27:40.060   244   282 W EmuHWC2 : validate: layer 381 CompositionType 1, fallback
11-17 00:27:40.060 16174 16196 D HostConnection: HostConnection::get() New Host Connection established 0xebe65e00, tid 16196
11-17 00:27:40.061   244   282 W EmuHWC2 : No layers, exit, buffer 0xebf01b10
11-17 00:27:40.066 16174 16196 D HostConnection: HostComposition ext ANDROID_EMU_CHECKSUM_HELPER_v1 ANDROID_EMU_native_sync_v2 ANDROID_EMU_native_sync_v3 ANDROID_EMU_native_sync_v4 ANDROID_EMU_dma_v1 ANDROID_EMU_direct_mem ANDROID_EMU_host_composition_v1 ANDROID_EMU_host_composition_v2 ANDROID_EMU_vulkan ANDROID_EMU_deferred_vulkan_commands ANDROID_EMU_vulkan_null_optional_strings ANDROID_EMU_vulkan_create_resources_with_requirements ANDROID_EMU_YUV_Cache ANDROID_EMU_vulkan_ignored_handles ANDROID_EMU_has_shared_slots_host_memory_allocator ANDROID_EMU_vulkan_free_memory_sync ANDROID_EMU_vulkan_shader_float16_int8 ANDROID_EMU_vulkan_async_queue_submit ANDROID_EMU_sync_buffer_data ANDROID_EMU_vulkan_async_qsri ANDROID_EMU_read_color_buffer_dma GL_OES_EGL_image_external_essl3 GL_OES_vertex_array_object GL_KHR_texture_compression_astc_ldr ANDROID_EMU_host_side_tracing ANDROID_EMU_gles_max_version_3_0
11-17 00:27:40.066   159   159 I hwservicemanager: getTransport: Cannot find entry android.hardware.configstore@1.0::ISurfaceFlingerConfigs/default in either framework or device manifest.
11-17 00:27:40.067 16174 16196 W OpenGLRenderer: Failed to choose config with EGL_SWAP_BEHAVIOR_PRESERVED, retrying without...
11-17 00:27:40.067 16174 16196 D EGL_emulation: eglCreateContext: 0xebe64c10: maj 3 min 0 rcv 3
11-17 00:27:40.068 16174 16196 D EGL_emulation: eglMakeCurrent: 0xebe64c10: ver 3 0 (tinfo 0xec1b2ff0) (first time)
11-17 00:27:40.071   243  4390 D goldfish-address-space: claimShared: Ask to claim region [0x3fcca0000 0x3fcd6a000]
11-17 00:27:40.071   159   159 I hwservicemanager: getTransport: Cannot find entry android.hardware.graphics.mapper@4.0::IMapper/default in either framework or device manifest.
11-17 00:27:40.071 16174 16196 I Gralloc4: mapper 4.x is not supported
11-17 00:27:40.072 16174 16196 D HostConnection: createUnique: call
11-17 00:27:40.072 16174 16196 D HostConnection: HostConnection::get() New Host Connection established 0xebe66ce0, tid 16196
11-17 00:27:40.072 16174 16196 D goldfish-address-space: allocate: Ask for block of size 0x100
11-17 00:27:40.072 16174 16196 D goldfish-address-space: allocate: ioctl allocate returned offset 0x3fbffe000 size 0x2000
11-17 00:27:40.085   244   282 W EmuHWC2 : validate: layer 381 CompositionType 1, fallback
11-17 00:27:40.086   244   282 W EmuHWC2 : No layers, exit, buffer 0xebf00510
11-17 00:27:40.091 16174 16196 D HostConnection: HostComposition ext ANDROID_EMU_CHECKSUM_HELPER_v1 ANDROID_EMU_native_sync_v2 ANDROID_EMU_native_sync_v3 ANDROID_EMU_native_sync_v4 ANDROID_EMU_dma_v1 ANDROID_EMU_direct_mem ANDROID_EMU_host_composition_v1 ANDROID_EMU_host_composition_v2 ANDROID_EMU_vulkan ANDROID_EMU_deferred_vulkan_commands ANDROID_EMU_vulkan_null_optional_strings ANDROID_EMU_vulkan_create_resources_with_requirements ANDROID_EMU_YUV_Cache ANDROID_EMU_vulkan_ignored_handles ANDROID_EMU_has_shared_slots_host_memory_allocator ANDROID_EMU_vulkan_free_memory_sync ANDROID_EMU_vulkan_shader_float16_int8 ANDROID_EMU_vulkan_async_queue_submit ANDROID_EMU_sync_buffer_data ANDROID_EMU_vulkan_async_qsri ANDROID_EMU_read_color_buffer_dma GL_OES_EGL_image_external_essl3 GL_OES_vertex_array_object GL_KHR_texture_compression_astc_ldr ANDROID_EMU_host_side_tracing ANDROID_EMU_gles_max_version_3_0
11-17 00:27:40.093   244   282 W EmuHWC2 : validate: layer 381 CompositionType 1, fallback
11-17 00:27:40.094   244   282 W EmuHWC2 : No layers, exit, buffer 0xebf01b10
11-17 00:27:40.102   605   895 W SysUI   : [RecentTasksLauncherRepo]getRecentApps matched with a Launcher Activity in the task TaskInfo{userId=0 stackId=63 taskId=63 displayId=0 isRunning=true baseIntent=Intent { act=android.intent.action.MAIN cat=[android.intent.category.LAUNCHER] flg=0x10008000 pkg=com.example.android.wearable.composeadvanced cmp=com.example.android.wearable.composeadvanced/.presentation.MainActivity } baseActivity=ComponentInfo{com.example.android.wearable.composeadvanced/com.example.android.wearable.composeadvanced.presentation.MainActivity} topActivity=ComponentInfo{com.example.android.wearable.composeadvanced/com.example.android.wearable.composeadvanced.presentation.MainActivity} origActivity=null realActivity=ComponentInfo{com.example.android.wearable.composeadvanced/com.example.android.wearable.composeadvanced.presentation.MainActivity} numActivities=1 lastActiveTime=11620065 supportsSplitScreenMultiWindow=false resizeMode=1 isResizeable=true token=android.window.WindowContainerToken@fd297d2 topActivityType=1 pictureInPictureParams=null topActivityInfo=ActivityInfo{558d0a3 com.example.android.wearable.composeadvanced.presentation.MainActivity} == ActivityLauncherApp{label=Compose Advanced, recent=false, timeLastUsedMs=0, info=android.content.pm.LauncherActivityInfo@841c915, iconSupplier=cql@a85342a}
11-17 00:27:40.102   605   895 E SysUI   : [RecentTaskLauncherApp]Couldn't resolve any Activity for task TaskInfo{userId=0 stackId=14 taskId=14 displayId=0 isRunning=true baseIntent=Intent { act=android.intent.action.MAIN cat=[android.intent.category.LAUNCHER] flg=0x10100000 cmp=com.example.wearoscomposecodelab/androidx.compose.ui.tooling.PreviewActivity } baseActivity=ComponentInfo{com.example.wearoscomposecodelab/androidx.compose.ui.tooling.PreviewActivity} topActivity=ComponentInfo{com.example.wearoscomposecodelab/androidx.compose.ui.tooling.PreviewActivity} origActivity=null realActivity=ComponentInfo{com.example.wearoscomposecodelab/androidx.compose.ui.tooling.PreviewActivity} numActivities=1 lastActiveTime=11620065 supportsSplitScreenMultiWindow=false resizeMode=1 isResizeable=true token=android.window.WindowContainerToken@f156ce6 topActivityType=1 pictureInPictureParams=null topActivityInfo=ActivityInfo{774afa0 androidx.compose.ui.tooling.PreviewActivity}
11-17 00:27:40.102   605   895 W SysUI   : [RecentTasksLauncherRepo]getRecentApps matched task with the only Launcher in the package TaskInfo{userId=0 stackId=14 taskId=14 displayId=0 isRunning=true baseIntent=Intent { act=android.intent.action.MAIN cat=[android.intent.category.LAUNCHER] flg=0x10100000 cmp=com.example.wearoscomposecodelab/androidx.compose.ui.tooling.PreviewActivity } baseActivity=ComponentInfo{com.example.wearoscomposecodelab/androidx.compose.ui.tooling.PreviewActivity} topActivity=ComponentInfo{com.example.wearoscomposecodelab/androidx.compose.ui.tooling.PreviewActivity} origActivity=null realActivity=ComponentInfo{com.example.wearoscomposecodelab/androidx.compose.ui.tooling.PreviewActivity} numActivities=1 lastActiveTime=11620065 supportsSplitScreenMultiWindow=false resizeMode=1 isResizeable=true token=android.window.WindowContainerToken@f156ce6 topActivityType=1 pictureInPictureParams=null topActivityInfo=ActivityInfo{774afa0 androidx.compose.ui.tooling.PreviewActivity} == ActivityLauncherApp{label=My Application, recent=false, timeLastUsedMs=0, info=android.content.pm.LauncherActivityInfo@8db7c02, iconSupplier=cql@c89913}
11-17 00:27:40.102   605   895 E SysUI   : [RecentTaskLauncherApp]Couldn't resolve any Activity for task TaskInfo{userId=0 stackId=47 taskId=47 displayId=-1 isRunning=false baseIntent=Intent { act=android.intent.action.MAIN cat=[android.intent.category.LAUNCHER] flg=0x10000000 cmp=com.example.android.wearable.composeadvanced.test/androidx.test.core.app.InstrumentationActivityInvoker$EmptyActivity } baseActivity=null topActivity=null origActivity=null realActivity=ComponentInfo{com.example.android.wearable.composeadvanced.test/androidx.test.core.app.InstrumentationActivityInvoker$EmptyActivity} numActivities=0 lastActiveTime=11083539 supportsSplitScreenMultiWindow=false resizeMode=1 isResizeable=true token=android.window.WindowContainerToken@3ec9b18 topActivityType=1 pictureInPictureParams=null topActivityInfo=null
11-17 00:27:40.102   605   895 W SysUI   : [RecentTasksLauncherRepo]Using explicit label and icon from base Activity ComponentInfo{com.example.android.wearable.composeadvanced.test/androidx.test.core.app.InstrumentationActivityInvoker$EmptyActivity}
11-17 00:27:40.102   605   895 D SysUI   : [PrimesSysHealthLogger]Timer GLOBAL_LAUNCHER_LOAD_RECENT_TASKS_TIME took 5 ms
11-17 00:27:40.103   605   895 W SysUI   : [LauncherDefaultRecentsCombiner]Unable to get ActivityDisplayInfo for {com.fitbit.FitbitMobile/com.fitbit.today.TodayMainActivity} attempting to fetch from ResolveInfo
11-17 00:27:40.103   605   895 W SysUI   : [LauncherDefaultRecentsCombiner]Unable to get ResolveInfo for {com.fitbit.FitbitMobile/com.fitbit.today.TodayMainActivity}, not able to add to default recents
11-17 00:27:40.103   605   895 W SysUI   : [LauncherDefaultRecentsCombiner]Unable to get ActivityDisplayInfo for {com.fitbit.FitbitMobile/com.fitbit.exercise.MainActivity} attempting to fetch from ResolveInfo
11-17 00:27:40.103   605   895 W SysUI   : [LauncherDefaultRecentsCombiner]Unable to get ResolveInfo for {com.fitbit.FitbitMobile/com.fitbit.exercise.MainActivity}, not able to add to default recents
11-17 00:27:40.103   605   895 W SysUI   : [LauncherDefaultRecentsCombiner]Unable to get ActivityDisplayInfo for {com.google.android.apps.youtube.music/com.google.android.apps.youtube.music.wear.WearMainActivity} attempting to fetch from ResolveInfo
11-17 00:27:40.103   605   895 W SysUI   : [LauncherDefaultRecentsCombiner]Unable to get ResolveInfo for {com.google.android.apps.youtube.music/com.google.android.apps.youtube.music.wear.WearMainActivity}, not able to add to default recents
11-17 00:27:40.104   605   895 W SysUI   : [LauncherDefaultRecentsCombiner]Unable to get ActivityDisplayInfo for {com.google.android.apps.messaging/com.google.android.apps.messaging.main.WearMainActivity} attempting to fetch from ResolveInfo
11-17 00:27:40.104   605   895 W SysUI   : [LauncherDefaultRecentsCombiner]Unable to get ResolveInfo for {com.google.android.apps.messaging/com.google.android.apps.messaging.main.WearMainActivity}, not able to add to default recents
11-17 00:27:40.104   605   895 W SysUI   : [LauncherDefaultRecentsCombiner]Unable to get ActivityDisplayInfo for {com.google.android.dialer/com.google.android.wearable.googledialer.launcher.impl.LauncherActivity} attempting to fetch from ResolveInfo
11-17 00:27:40.104   605   895 W SysUI   : [LauncherDefaultRecentsCombiner]Unable to get ResolveInfo for {com.google.android.dialer/com.google.android.wearable.googledialer.launcher.impl.LauncherActivity}, not able to add to default recents
11-17 00:27:40.104   605   895 W SysUI   : [LauncherDefaultRecentsCombiner]Unable to get ActivityDisplayInfo for {com.google.android.apps.safetyhub/com.google.android.wearable.safety.application.MainActivity} attempting to fetch from ResolveInfo
11-17 00:27:40.104   605   895 W SysUI   : [LauncherDefaultRecentsCombiner]Unable to get ResolveInfo for {com.google.android.apps.safetyhub/com.google.android.wearable.safety.application.MainActivity}, not able to add to default recents
11-17 00:27:40.104   605   895 W SysUI   : [LauncherDefaultRecentsCombiner]Unable to get ActivityDisplayInfo for {com.google.android.apps.maps/com.google.android.apps.gmmwearable.MainActivity} attempting to fetch from ResolveInfo
11-17 00:27:40.104   605   895 W SysUI   : [LauncherDefaultRecentsCombiner]Unable to get ResolveInfo for {com.google.android.apps.maps/com.google.android.apps.gmmwearable.MainActivity}, not able to add to default recents
11-17 00:27:40.104   605   895 D SysUI   : [LauncherDefaultRecentsCombiner]Have to merge with 1 default apps
11-17 00:27:40.104   605   851 D SysUI   : [PrimesSysHealthLogger]Timer GLOBAL_LAUNCHER_MERGE_ONGOING_ACTIVITIES_TIME took 0 ms
11-17 00:27:40.106   243  4390 D goldfish-address-space: claimShared: Ask to claim region [0x3fd7ac000 0x3fd876000]
11-17 00:27:40.107   243  4390 D goldfish-address-space: claimShared: Ask to claim region [0x3fdad4000 0x3fdb9e000]
11-17 00:27:40.110   244   282 W EmuHWC2 : validate: layer 381 CompositionType 1, fallback
11-17 00:27:40.113   244   282 W EmuHWC2 : No layers, exit, buffer 0xebf00510
11-17 00:27:40.115 16174 16199 W Jank    : Jank 64ms route: non:0
11-17 00:27:40.119 16171 16173 I cmd     : oneway function results will be dropped but finished with status OK and parcel size 4
11-17 00:27:40.123   442   467 D ArtManagerInternalImpl: /data/misc/iorapd/com.example.android.wearable.composeadvanced/1/com.example.android.wearable.composeadvanced.presentation.MainActivity/compiled_traces/compiled_trace.pb doesn't exist
11-17 00:27:40.124   442   467 I ActivityTaskManager: Displayed com.example.android.wearable.composeadvanced/.presentation.MainActivity: +138ms
11-17 00:27:40.124 13639 13691 I System  : Process start: [su, root, cat, /data/local/tmp/temporaryScript5735178422483050815.sh_stderr]
11-17 00:27:40.124 13639 13691 I System  : No redirects, no fds
11-17 00:27:40.127   244   282 W EmuHWC2 : validate: layer 381 CompositionType 1, fallback
11-17 00:27:40.129   244   282 W EmuHWC2 : No layers, exit, buffer 0xebf01b10
11-17 00:27:40.143   244   282 W EmuHWC2 : validate: layer 381 CompositionType 1, fallback
11-17 00:27:40.144   244   282 W EmuHWC2 : No layers, exit, buffer 0xebf00510
11-17 00:27:40.145  1260  4251 I MediaProvider: Deleted 1 items on external_primary due to com.example.android.wearable.composeadvanced.benchmark
11-17 00:27:40.146 13639 13691 I System  : Process start: [su, root, rm, /data/local/tmp/temporaryScript5735178422483050815.sh_stderr, /data/local/tmp/temporaryScript5735178422483050815.sh]
11-17 00:27:40.146 13639 13691 I System  : No redirects, no fds
11-17 00:27:40.149 16174 16174 D Compose Focus: Owner FocusChanged(true)
11-17 00:27:40.155   442   467 I ActivityTaskManager: Fully drawn com.example.android.wearable.composeadvanced/.presentation.MainActivity: +177ms
11-17 00:27:40.160   244   282 W EmuHWC2 : validate: layer 381 CompositionType 1, fallback
11-17 00:27:40.161   244   282 W EmuHWC2 : No layers, exit, buffer 0xebf01b10
11-17 00:27:40.164 16174 16199 W Jank    : Jank 86ms route:landing non:0
11-17 00:27:40.167  1140  1140 I WearInputMethodService: WearInputMethodService.onBindInput():963
11-17 00:27:40.168  1140  1140 I WearInputMethodService: WearInputMethodService.onFinishInput():2234
11-17 00:27:40.168  1140  1140 I WearInputMethodService: WearInputMethodService.onStartInput():1773
11-17 00:27:40.168  1140  1140 I WearInputMethodService: WearInputMethodService.onStartInput():1785 onStartInput(), Dummy InputConnection bound
11-17 00:27:40.173 13653 13675 D Benchmark: Result: Starting: Intent { act=android.intent.action.MAIN cat=[android.intent.category.LAUNCHER] flg=0x10008000 pkg=com.example.android.wearable.composeadvanced cmp=com.example.android.wearable.composeadvanced/.presentation.MainActivity }
11-17 00:27:40.173 13653 13675 D Benchmark: Status: ok
11-17 00:27:40.173 13653 13675 D Benchmark: LaunchState: COLD
11-17 00:27:40.173 13653 13675 D Benchmark: Activity: com.example.android.wearable.composeadvanced/.presentation.MainActivity
11-17 00:27:40.173 13653 13675 D Benchmark: TotalTime: 138
11-17 00:27:40.173 13653 13675 D Benchmark: WaitTime: 140
11-17 00:27:40.173 13653 13675 D Benchmark: Complete
11-17 00:27:40.174 13639 13691 I System  : Process start: [su, root, pgrep, -l, -f, com.example.android.wearable.composeadvanced]
11-17 00:27:40.174 13639 13691 I System  : No redirects, no fds
11-17 00:27:40.177   244   282 W EmuHWC2 : validate: layer 381 CompositionType 1, fallback
11-17 00:27:40.178   244   282 W EmuHWC2 : No layers, exit, buffer 0xebf00510
11-17 00:27:40.193   244   282 W EmuHWC2 : validate: layer 381 CompositionType 1, fallback
11-17 00:27:40.194   244   282 W EmuHWC2 : No layers, exit, buffer 0xebf01b10
11-17 00:27:40.210   244   282 W EmuHWC2 : validate: layer 381 CompositionType 1, fallback
11-17 00:27:40.211   244   282 W EmuHWC2 : No layers, exit, buffer 0xebf00510
11-17 00:27:40.214 13639 13691 I System  : Process start: [su, root, dumpsys, gfxinfo, com.example.android.wearable.composeadvanced, framestats]
11-17 00:27:40.214 13639 13691 I System  : No redirects, no fds
11-17 00:27:40.227   244   282 W EmuHWC2 : validate: layer 381 CompositionType 1, fallback
11-17 00:27:40.227 13653 13675 I System.out: 0 Flags,IntendedVsync,Vsync,OldestInputEvent,NewestInputEvent,HandleInputStart,AnimationStart,PerformTraversalsStart,DrawStart,SyncQueued,SyncStart,IssueDrawCommandsStart,SwapBuffers,FrameCompleted,DequeueBufferDuration,QueueBufferDuration,GpuCompleted,
11-17 00:27:40.227 13653 13675 I System.out: 1 1,11620127927105,11620127927105,9223372036854775807,0,11620133663330,11620133663922,11620133708344,11620191222861,11620192860786,11620193797422,11620193862552,11620195608177,11620198876245,117942,315948,11620198197456,
11-17 00:27:40.227 13653 13675 I System.out: 2 0,11620144595019,11620194595017,9223372036854775807,0,11620202329230,11620202330346,11620217708270,11620217779389,11620230631453,11620230753889,11620230793330,11620248449755,11620249373398,50475,161820,11620249083947,
11-17 00:27:40.227 13653 13675 I System.out: 3 0,11620211170650,11620227837316,9223372036854775807,0,11620234617973,11620234619061,11620238663110,11620240733458,11620241236894,11620249543274,11620249598110,11620250126854,11620263419536,12802236,181413,0,
11-17 00:27:40.227 13653 13675 I System.out: 4 0,11620244511650,11620244511650,9223372036854775807,0,11620255381010,11620255382026,11620259009815,11620259055294,11620260730150,11620263583575,11620263644622,11620270608778,11620280075551,8910432,197360,0,
11-17 00:27:40.227 13653 13675 I System.out: 5 0,11620261180900,11620261180900,9223372036854775807,0,11620264692790,11620264693375,11620265302352,11620265345634,11620265656847,11620280287638,11620280328793,11620282047217,11620296661370,14153247,136925,0,
11-17 00:27:40.227 13653 13675 I System.out: 0 Flags,IntendedVsync,Vsync,OldestInputEvent,NewestInputEvent,HandleInputStart,AnimationStart,PerformTraversalsStart,DrawStart,SyncQueued,SyncStart,IssueDrawCommandsStart,SwapBuffers,FrameCompleted,DequeueBufferDuration,QueueBufferDuration,GpuCompleted,
11-17 00:27:40.227 13653 13675 I System.out: 1 1,11620127927105,11620127927105,9223372036854775807,0,11620133663330,11620133663922,11620133708344,11620191222861,11620192860786,11620193797422,11620193862552,11620195608177,11620198876245,117942,315948,11620198197456,
11-17 00:27:40.227 13653 13675 I System.out: 2 0,11620144595019,11620194595017,9223372036854775807,0,11620202329230,11620202330346,11620217708270,11620217779389,11620230631453,11620230753889,11620230793330,11620248449755,11620249373398,50475,161820,11620249083947,
11-17 00:27:40.227 13653 13675 I System.out: 3 0,11620211170650,11620227837316,9223372036854775807,0,11620234617973,11620234619061,11620238663110,11620240733458,11620241236894,11620249543274,11620249598110,11620250126854,11620263419536,12802236,181413,0,
11-17 00:27:40.227 13653 13675 I System.out: 4 0,11620244511650,11620244511650,9223372036854775807,0,11620255381010,11620255382026,11620259009815,11620259055294,11620260730150,11620263583575,11620263644622,11620270608778,11620280075551,8910432,197360,0,
11-17 00:27:40.227 13653 13675 I System.out: 5 0,11620261180900,11620261180900,9223372036854775807,0,11620264692790,11620264693375,11620265302352,11620265345634,11620265656847,11620280287638,11620280328793,11620282047217,11620296661370,14153247,136925,0,
11-17 00:27:40.228   244   282 W EmuHWC2 : No layers, exit, buffer 0xebf01b10
11-17 00:27:40.244   244   282 W EmuHWC2 : validate: layer 381 CompositionType 1, fallback
11-17 00:27:40.246   244   282 W EmuHWC2 : No layers, exit, buffer 0xebf00510
11-17 00:27:40.260   244   282 W EmuHWC2 : validate: layer 381 CompositionType 1, fallback
11-17 00:27:40.263   244   282 W EmuHWC2 : No layers, exit, buffer 0xebf01b10
11-17 00:27:40.277   244   282 W EmuHWC2 : validate: layer 381 CompositionType 1, fallback
11-17 00:27:40.280   244   282 W EmuHWC2 : No layers, exit, buffer 0xebf00510
11-17 00:27:40.295   244   282 W EmuHWC2 : validate: layer 381 CompositionType 1, fallback
11-17 00:27:40.298   244   282 W EmuHWC2 : No layers, exit, buffer 0xebf01b10
11-17 00:27:40.311   244   282 W EmuHWC2 : validate: layer 381 CompositionType 1, fallback
11-17 00:27:40.313   244   282 W EmuHWC2 : No layers, exit, buffer 0xebf00510
11-17 00:27:40.327   244   282 W EmuHWC2 : validate: layer 381 CompositionType 1, fallback
11-17 00:27:40.330   244   282 W EmuHWC2 : No layers, exit, buffer 0xebf01b10
11-17 00:27:40.344   244   282 W EmuHWC2 : validate: layer 381 CompositionType 1, fallback
11-17 00:27:40.347   244   282 W EmuHWC2 : No layers, exit, buffer 0xebf00510
11-17 00:27:40.361   244   282 W EmuHWC2 : validate: layer 381 CompositionType 1, fallback
11-17 00:27:40.363   244   282 W EmuHWC2 : No layers, exit, buffer 0xebf01b10
11-17 00:27:40.377   244   282 W EmuHWC2 : validate: layer 381 CompositionType 1, fallback
11-17 00:27:40.380   244   282 W EmuHWC2 : No layers, exit, buffer 0xebf00510
11-17 00:27:40.394   244   282 W EmuHWC2 : validate: layer 381 CompositionType 1, fallback
11-17 00:27:40.397   244   282 W EmuHWC2 : No layers, exit, buffer 0xebf01b10
11-17 00:27:40.411   244   282 W EmuHWC2 : validate: layer 381 CompositionType 1, fallback
11-17 00:27:40.413   244   282 W EmuHWC2 : No layers, exit, buffer 0xebf00510
11-17 00:27:40.428   244   282 W EmuHWC2 : validate: layer 381 CompositionType 1, fallback
11-17 00:27:40.430   244   282 W EmuHWC2 : No layers, exit, buffer 0xebf01b10
11-17 00:27:40.444   244   282 W EmuHWC2 : validate: layer 381 CompositionType 1, fallback
11-17 00:27:40.446   244   282 W EmuHWC2 : No layers, exit, buffer 0xebf00510
11-17 00:27:40.460   244   282 W EmuHWC2 : validate: layer 381 CompositionType 1, fallback
11-17 00:27:40.464   244   282 W EmuHWC2 : No layers, exit, buffer 0xebf01b10
11-17 00:27:42.229 13653 13675 I PerfettoCapture: Stopping perfetto.
11-17 00:27:42.230 13639 13691 I System  : Process start: [su, root, kill, -TERM, 16144]
11-17 00:27:42.230 13639 13691 I System  : No redirects, no fds
11-17 00:27:42.241 16144 16144 I perfetto: perfetto_cmd.cc:858     SIGINT/SIGTERM received: disabling tracing.
11-17 00:27:42.242 13653 13675 D Benchmark: kill -TERM command output -
11-17 00:27:42.242 13639 13691 I System  : Process start: [su, root, ps, 16144]
11-17 00:27:42.242 13639 13691 I System  : No redirects, no fds
11-17 00:27:42.243   325   325 I perfetto: probes_producer.cc:329  Producer stop (id=226)
11-17 00:27:42.244   325   325 I perfetto: ftrace_procfs.cc:183    disabled ftrace
11-17 00:27:42.356 13653 13675 D Benchmark: Waiting 100 ms for [ProcessPid(processName=perfetto, pid=16144)] to die
11-17 00:27:42.357 13639 13691 I System  : Process start: [su, root, ps, 16144]
11-17 00:27:42.357 13639 13691 I System  : No redirects, no fds
11-17 00:27:42.485 13653 13675 D Benchmark: Waiting 100 ms for [ProcessPid(processName=perfetto, pid=16144)] to die
11-17 00:27:42.486 13639 13691 I System  : Process start: [su, root, ps, 16144]
11-17 00:27:42.486 13639 13691 I System  : No redirects, no fds
11-17 00:27:42.613 13653 13675 D Benchmark: Waiting 100 ms for [ProcessPid(processName=perfetto, pid=16144)] to die
11-17 00:27:42.614 13639 13691 I System  : Process start: [su, root, ps, 16144]
11-17 00:27:42.614 13639 13691 I System  : No redirects, no fds
11-17 00:27:42.673   325   325 I perfetto: probes_producer.cc:329  Producer stop (id=227)
11-17 00:27:42.673   325   325 I perfetto: probes_producer.cc:329  Producer stop (id=228)
11-17 00:27:42.676 16144 16144 I perfetto: perfetto_cmd.cc:807     Trace written into the output file
11-17 00:27:42.676   336   336 I perfetto: ng_service_impl.cc:1948 Tracing session 76 ended, total sessions:0
11-17 00:27:42.741 13653 13675 D Benchmark: Waiting 100 ms for [ProcessPid(processName=perfetto, pid=16144)] to die
11-17 00:27:42.742 13639 13691 I System  : Process start: [su, root, ps, 16144]
11-17 00:27:42.742 13639 13691 I System  : No redirects, no fds
11-17 00:27:42.769 13653 13675 I PerfettoCapture: Writing to /storage/emulated/0/Android/media/com.example.android.wearable.composeadvanced.benchmark/StartupBenchmark_startup[compilation=BaselineProfile]_iter005_2022-11-16-21-27-42.perfetto-trace.
11-17 00:27:42.770 13639 13691 I System  : Process start: [su, root, mv, /data/misc/perfetto-traces/trace_output.pb, /storage/emulated/0/Android/media/com.example.android.wearable.composeadvanced.benchmark/StartupBenchmark_startup[compilation=BaselineProfile]_iter005_2022-11-16-21-27-42.perfetto-trace]
11-17 00:27:42.770 13639 13691 I System  : No redirects, no fds
11-17 00:27:42.784 13653 13675 D Benchmark: Copying /storage/emulated/0/Android/media/com.example.android.wearable.composeadvanced.benchmark/StartupBenchmark_startup[compilation=BaselineProfile]_iter005_2022-11-16-21-27-42.perfetto-trace to /sdcard/Android/media/com.example.android.wearable.composeadvanced.benchmark/additional_test_output/StartupBenchmark_startup[compilation=BaselineProfile]_iter005_2022-11-16-21-27-42.perfetto-trace
11-17 00:27:42.800 13639 13691 I System  : Process start: [su, root, /data/local/tmp/trace_processor_shell, --query-file, /storage/emulated/0/Android/media/com.example.android.wearable.composeadvanced.benchmark/trace_processor_query.sql, /sdcard/Android/media/com.example.android.wearable.composeadvanced.benchmark/additional_test_output/StartupBenchmark_startup[compilation=BaselineProfile]_iter005_2022-11-16-21-27-42.perfetto-trace]
11-17 00:27:42.800 13639 13691 I System  : No redirects, no fds
11-17 00:27:42.888 16239 16239 W perfetto: processor_shell.cc:1367 Trace loaded: 1.20 MB in 0.06s (19.1 MB/s)
11-17 00:27:42.892 16239 16239 W perfetto: _processor_shell.cc:619 Executing query: SELECT
11-17 00:27:42.892 16239 16239 W perfetto: slice.name as name,
11-17 00:27:42.892 16239 16239 W perfetto: slice.ts as ts,
11-17 00:27:42.892 16239 16239 W perfetto: slice.dur as dur
