11-17 00:27:02.382 13639 13691 I System  : Process start: [su, root, /data/local/tmp/temporaryScript7944114234364057485.sh]
11-17 00:27:02.382 13639 13691 I System  : No redirects, no fds
11-17 00:27:02.416  1260  1366 I MediaProvider: Deleted 1 items on external_primary due to com.example.android.wearable.composeadvanced.benchmark
11-17 00:27:02.417 13639 13691 I System  : Process start: [su, root, rm, /data/local/tmp/temporaryScript7944114234364057485.sh]
11-17 00:27:02.417 13639 13691 I System  : No redirects, no fds
11-17 00:27:02.429 13653 13675 D PerfettoCapture: Supported ABIs: x86, armeabi-v7a, armeabi
11-17 00:27:02.429 13653 13675 D PerfettoCapture: Recording perfetto trace
11-17 00:27:02.433 13653 13675 I PerfettoCapture: Cleanup perfetto before starting.
11-17 00:27:02.433 13639 13691 I System  : Process start: [su, root, pgrep, -l, -f, perfetto]
11-17 00:27:02.433 13639 13691 I System  : No redirects, no fds
11-17 00:27:02.447 13639 13691 I System  : Process start: [su, root, pgrep, -l, -f, tracebox]
11-17 00:27:02.447 13639 13691 I System  : No redirects, no fds
11-17 00:27:02.459 13639 13691 I System  : Process start: [su, root, rm, /data/misc/perfetto-traces/trace_output.pb]
11-17 00:27:02.459 13639 13691 I System  : No redirects, no fds
11-17 00:27:02.467 13653 13675 I PerfettoCapture: Perfetto output file cleanup -
11-17 00:27:02.467 13653 13675 I PerfettoCapture: Starting perfetto tracing with cmd: cat /storage/emulated/0/Android/media/com.example.android.wearable.composeadvanced.benchmark/trace_config.pb | perfetto --background -c - -o /data/misc/perfetto-traces/trace_output.pb
11-17 00:27:02.473 13639 13691 I System  : Process start: [su, root, cp, /storage/emulated/0/Android/media/com.example.android.wearable.composeadvanced.benchmark/temporaryScript7910677607411583648.sh, /data/local/tmp/temporaryScript7910677607411583648.sh]
11-17 00:27:02.473 13639 13691 I System  : No redirects, no fds
11-17 00:27:02.482 13639 13691 I System  : Process start: [su, root, chmod, +x, /data/local/tmp/temporaryScript7910677607411583648.sh]
11-17 00:27:02.482 13639 13691 I System  : No redirects, no fds
11-17 00:27:02.489 13639 13691 I System  : Process start: [su, root, /data/local/tmp/temporaryScript7910677607411583648.sh]
11-17 00:27:02.489 13639 13691 I System  : No redirects, no fds
11-17 00:27:02.501 14435 14435 I perfetto: perfetto_cmd.cc:711     Connected to the Perfetto traced service, starting tracing
11-17 00:27:02.501   336   336 I perfetto: ing_service_impl.cc:758 Configured tracing session 65, #sources:4, duration:0 ms, #buffers:2, total buffer size:36864 KB, total sessions:1, uid:0 session name: ""
11-17 00:27:02.501   325   325 I perfetto: probes_producer.cc:230  Ftrace setup (target_buf=129)
11-17 00:27:02.503  1260  3339 I MediaProvider: Deleted 1 items on external_primary due to com.example.android.wearable.composeadvanced.benchmark
11-17 00:27:02.503 13639 13691 I System  : Process start: [su, root, rm, /data/local/tmp/temporaryScript7910677607411583648.sh]
11-17 00:27:02.503 13639 13691 I System  : No redirects, no fds
11-17 00:27:02.512 13653 13675 I PerfettoCapture: Perfetto output - 14435
11-17 00:27:02.512 13653 13675 I PerfettoCapture: EXITCODE=0
11-17 00:27:02.512 13639 13691 I System  : Process start: [su, root, ps, 14435]
11-17 00:27:02.512 13639 13691 I System  : No redirects, no fds
11-17 00:27:02.525 13653 13675 I PerfettoCapture: Perfetto tracing started successfully with pid 14435.
11-17 00:27:02.525 13639 13691 I System  : Process start: [su, root, ls, /sys/kernel/tracing/tracing_on]
11-17 00:27:02.525 13639 13691 I System  : No redirects, no fds
11-17 00:27:02.533 13639 13691 I System  : Process start: [su, root, cat, /sys/kernel/tracing/tracing_on]
11-17 00:27:02.533 13639 13691 I System  : No redirects, no fds
11-17 00:27:02.536   325   325 I perfetto: ftrace_procfs.cc:176    enabled ftrace
11-17 00:27:02.541 13653 13675 I PerfettoCapture: /sys/kernel/tracing/tracing_on = 1, polled 0 times, capture fully started
11-17 00:27:02.543  1260  4251 I MediaProvider: Deleted 1 items on external_primary due to com.example.android.wearable.composeadvanced.benchmark
11-17 00:27:02.546 13639 13691 I System  : Process start: [su, root, pgrep, -l, -f, com.example.android.wearable.composeadvanced]
11-17 00:27:02.546 13639 13691 I System  : No redirects, no fds
11-17 00:27:02.559 13653 13675 D Benchmark: Starting activity with command: am start -W "intent:#Intent;action=android.intent.action.MAIN;category=android.intent.category.LAUNCHER;launchFlags=0x10008000;package=com.example.android.wearable.composeadvanced;component=com.example.android.wearable.composeadvanced/.presentation.MainActivity;end"
11-17 00:27:02.562 13639 13691 I System  : Process start: [su, root, cp, /storage/emulated/0/Android/media/com.example.android.wearable.composeadvanced.benchmark/temporaryScript1168607801614981423.sh, /data/local/tmp/temporaryScript1168607801614981423.sh]
11-17 00:27:02.563 13639 13691 I System  : No redirects, no fds
11-17 00:27:02.571 13639 13691 I System  : Process start: [su, root, chmod, +x, /data/local/tmp/temporaryScript1168607801614981423.sh]
11-17 00:27:02.571 13639 13691 I System  : No redirects, no fds
11-17 00:27:02.578 13639 13691 I System  : Process start: [su, root, /data/local/tmp/temporaryScript1168607801614981423.sh]
11-17 00:27:02.578 13639 13691 I System  : No redirects, no fds
11-17 00:27:02.602   225   225 D Zygote  : Forked child process 14465
11-17 00:27:02.612   243  4390 D goldfish-address-space: claimShared: Ask to claim region [0x3fdec6000 0x3fdf90000]
11-17 00:27:02.628 14465 14465 W composeadvance: Unexpected CPU variant for X86 using defaults: x86
11-17 00:27:02.631   307   318 I adbd    : jdwp connection from 14465
11-17 00:27:02.635   442 13767 W InputReader: Device virtio_input_multi_touch_6 is associated with display ADISPLAY_ID_NONE.
11-17 00:27:02.635   442 13767 W InputReader: Device virtio_input_multi_touch_3 is associated with display ADISPLAY_ID_NONE.
11-17 00:27:02.635   442 13767 W InputReader: Device virtio_input_multi_touch_10 is associated with display ADISPLAY_ID_NONE.
11-17 00:27:02.635   442 13767 W InputReader: Device virtio_input_multi_touch_4 is associated with display ADISPLAY_ID_NONE.
11-17 00:27:02.635   442 13767 W InputReader: Device virtio_input_multi_touch_11 is associated with display ADISPLAY_ID_NONE.
11-17 00:27:02.635   442 13767 W InputReader: Device virtio_input_multi_touch_5 is associated with display ADISPLAY_ID_NONE.
11-17 00:27:02.635   442 13767 W InputReader: Device virtio_input_multi_touch_2 is associated with display ADISPLAY_ID_NONE.
11-17 00:27:02.635   442 13767 W InputReader: Device virtio_input_multi_touch_8 is associated with display ADISPLAY_ID_NONE.
11-17 00:27:02.635   442 13767 W InputReader: Device virtio_input_multi_touch_9 is associated with display ADISPLAY_ID_NONE.
11-17 00:27:02.635   442 13767 W InputReader: Device virtio_input_multi_touch_7 is associated with display ADISPLAY_ID_NONE.
11-17 00:27:02.635   442 13767 W InputReader: Device virtio_input_multi_touch_6 is associated with display ADISPLAY_ID_NONE.
11-17 00:27:02.635   442 13767 W InputReader: Device virtio_input_multi_touch_3 is associated with display ADISPLAY_ID_NONE.
11-17 00:27:02.635   442 13767 W InputReader: Device virtio_input_multi_touch_10 is associated with display ADISPLAY_ID_NONE.
11-17 00:27:02.635   442 13767 W InputReader: Device virtio_input_multi_touch_4 is associated with display ADISPLAY_ID_NONE.
11-17 00:27:02.635   442 13767 W InputReader: Device virtio_input_multi_touch_11 is associated with display ADISPLAY_ID_NONE.
11-17 00:27:02.635   442 13767 W InputReader: Device virtio_input_multi_touch_5 is associated with display ADISPLAY_ID_NONE.
11-17 00:27:02.635   442 13767 W InputReader: Device virtio_input_multi_touch_2 is associated with display ADISPLAY_ID_NONE.
11-17 00:27:02.635   442 13767 W InputReader: Device virtio_input_multi_touch_8 is associated with display ADISPLAY_ID_NONE.
11-17 00:27:02.635   442 13767 W InputReader: Device virtio_input_multi_touch_9 is associated with display ADISPLAY_ID_NONE.
11-17 00:27:02.636   442 13767 W InputReader: Device virtio_input_multi_touch_7 is associated with display ADISPLAY_ID_NONE.
11-17 00:27:02.642 14465 14465 I composeadvance: The ClassLoaderContext is a special shared library.
11-17 00:27:02.651 14465 14465 D NetworkSecurityConfig: No Network Security Config specified, using platform default
11-17 00:27:02.652 14465 14465 D NetworkSecurityConfig: No Network Security Config specified, using platform default
11-17 00:27:02.656 14465 14488 D libEGL  : loaded /vendor/lib/egl/libEGL_emulation.so
11-17 00:27:02.657 14465 14488 D libEGL  : loaded /vendor/lib/egl/libGLESv1_CM_emulation.so
11-17 00:27:02.659 14465 14488 D libEGL  : loaded /vendor/lib/egl/libGLESv2_emulation.so
11-17 00:27:02.660   244   326 W EmuHWC2 : validate: layer 325 CompositionType 1, fallback
11-17 00:27:02.661   244   326 W EmuHWC2 : No layers, exit, buffer 0xebf01b10
11-17 00:27:02.677   244   326 W EmuHWC2 : validate: layer 326 CompositionType 1, fallback
11-17 00:27:02.678   244   326 W EmuHWC2 : No layers, exit, buffer 0xebf00510
11-17 00:27:02.693   244   326 W EmuHWC2 : validate: layer 326 CompositionType 1, fallback
11-17 00:27:02.695   244   326 W EmuHWC2 : No layers, exit, buffer 0xebf01b10
11-17 00:27:02.699   605   895 W SysUI   : [RecentTasksLauncherRepo]getRecentApps matched with a Launcher Activity in the task TaskInfo{userId=0 stackId=52 taskId=52 displayId=0 isRunning=true baseIntent=Intent { act=android.intent.action.MAIN cat=[android.intent.category.LAUNCHER] flg=0x10008000 pkg=com.example.android.wearable.composeadvanced cmp=com.example.android.wearable.composeadvanced/.presentation.MainActivity } baseActivity=ComponentInfo{com.example.android.wearable.composeadvanced/com.example.android.wearable.composeadvanced.presentation.MainActivity} topActivity=ComponentInfo{com.example.android.wearable.composeadvanced/com.example.android.wearable.composeadvanced.presentation.MainActivity} origActivity=null realActivity=ComponentInfo{com.example.android.wearable.composeadvanced/com.example.android.wearable.composeadvanced.presentation.MainActivity} numActivities=1 lastActiveTime=11582679 supportsSplitScreenMultiWindow=false resizeMode=1 isResizeable=true token=android.window.WindowContainerToken@c8789cb topActivityType=1 pictureInPictureParams=null topActivityInfo=ActivityInfo{fb3b5a8 com.example.android.wearable.composeadvanced.presentation.MainActivity} == ActivityLauncherApp{label=Compose Advanced, recent=false, timeLastUsedMs=0, info=android.content.pm.LauncherActivityInfo@c39854a, iconSupplier=cql@c567cbb}
11-17 00:27:02.699   605   895 E SysUI   : [RecentTaskLauncherApp]Couldn't resolve any Activity for task TaskInfo{userId=0 stackId=14 taskId=14 displayId=0 isRunning=true baseIntent=Intent { act=android.intent.action.MAIN cat=[android.intent.category.LAUNCHER] flg=0x10100000 cmp=com.example.wearoscomposecodelab/androidx.compose.ui.tooling.PreviewActivity } baseActivity=ComponentInfo{com.example.wearoscomposecodelab/androidx.compose.ui.tooling.PreviewActivity} topActivity=ComponentInfo{com.example.wearoscomposecodelab/androidx.compose.ui.tooling.PreviewActivity} origActivity=null realActivity=ComponentInfo{com.example.wearoscomposecodelab/androidx.compose.ui.tooling.PreviewActivity} numActivities=1 lastActiveTime=11582679 supportsSplitScreenMultiWindow=false resizeMode=1 isResizeable=true token=android.window.WindowContainerToken@f156ce6 topActivityType=1 pictureInPictureParams=null topActivityInfo=ActivityInfo{8cdb8c1 androidx.compose.ui.tooling.PreviewActivity}
11-17 00:27:02.699   605   895 W SysUI   : [RecentTasksLauncherRepo]getRecentApps matched task with the only Launcher in the package TaskInfo{userId=0 stackId=14 taskId=14 displayId=0 isRunning=true baseIntent=Intent { act=android.intent.action.MAIN cat=[android.intent.category.LAUNCHER] flg=0x10100000 cmp=com.example.wearoscomposecodelab/androidx.compose.ui.tooling.PreviewActivity } baseActivity=ComponentInfo{com.example.wearoscomposecodelab/androidx.compose.ui.tooling.PreviewActivity} topActivity=ComponentInfo{com.example.wearoscomposecodelab/androidx.compose.ui.tooling.PreviewActivity} origActivity=null realActivity=ComponentInfo{com.example.wearoscomposecodelab/androidx.compose.ui.tooling.PreviewActivity} numActivities=1 lastActiveTime=11582679 supportsSplitScreenMultiWindow=false resizeMode=1 isResizeable=true token=android.window.WindowContainerToken@f156ce6 topActivityType=1 pictureInPictureParams=null topActivityInfo=ActivityInfo{8cdb8c1 androidx.compose.ui.tooling.PreviewActivity} == ActivityLauncherApp{label=My Application, recent=false, timeLastUsedMs=0, info=android.content.pm.LauncherActivityInfo@8db7c02, iconSupplier=cql@c89913}
11-17 00:27:02.699   605   895 E SysUI   : [RecentTaskLauncherApp]Couldn't resolve any Activity for task TaskInfo{userId=0 stackId=47 taskId=47 displayId=-1 isRunning=false baseIntent=Intent { act=android.intent.action.MAIN cat=[android.intent.category.LAUNCHER] flg=0x10000000 cmp=com.example.android.wearable.composeadvanced.test/androidx.test.core.app.InstrumentationActivityInvoker$EmptyActivity } baseActivity=null topActivity=null origActivity=null realActivity=ComponentInfo{com.example.android.wearable.composeadvanced.test/androidx.test.core.app.InstrumentationActivityInvoker$EmptyActivity} numActivities=0 lastActiveTime=11083539 supportsSplitScreenMultiWindow=false resizeMode=1 isResizeable=true token=android.window.WindowContainerToken@3ec9b18 topActivityType=1 pictureInPictureParams=null topActivityInfo=null
11-17 00:27:02.699   605   895 W SysUI   : [RecentTasksLauncherRepo]Using explicit label and icon from base Activity ComponentInfo{com.example.android.wearable.composeadvanced.test/androidx.test.core.app.InstrumentationActivityInvoker$EmptyActivity}
11-17 00:27:02.699   605   895 D SysUI   : [PrimesSysHealthLogger]Timer GLOBAL_LAUNCHER_LOAD_RECENT_TASKS_TIME took 3 ms
11-17 00:27:02.700   605   895 W SysUI   : [LauncherDefaultRecentsCombiner]Unable to get ActivityDisplayInfo for {com.fitbit.FitbitMobile/com.fitbit.today.TodayMainActivity} attempting to fetch from ResolveInfo
11-17 00:27:02.700   605   895 W SysUI   : [LauncherDefaultRecentsCombiner]Unable to get ResolveInfo for {com.fitbit.FitbitMobile/com.fitbit.today.TodayMainActivity}, not able to add to default recents
11-17 00:27:02.700   605   895 W SysUI   : [LauncherDefaultRecentsCombiner]Unable to get ActivityDisplayInfo for {com.fitbit.FitbitMobile/com.fitbit.exercise.MainActivity} attempting to fetch from ResolveInfo
11-17 00:27:02.700   605   895 W SysUI   : [LauncherDefaultRecentsCombiner]Unable to get ResolveInfo for {com.fitbit.FitbitMobile/com.fitbit.exercise.MainActivity}, not able to add to default recents
11-17 00:27:02.700   605   895 W SysUI   : [LauncherDefaultRecentsCombiner]Unable to get ActivityDisplayInfo for {com.google.android.apps.youtube.music/com.google.android.apps.youtube.music.wear.WearMainActivity} attempting to fetch from ResolveInfo
11-17 00:27:02.700   605   895 W SysUI   : [LauncherDefaultRecentsCombiner]Unable to get ResolveInfo for {com.google.android.apps.youtube.music/com.google.android.apps.youtube.music.wear.WearMainActivity}, not able to add to default recents
11-17 00:27:02.700   605   895 W SysUI   : [LauncherDefaultRecentsCombiner]Unable to get ActivityDisplayInfo for {com.google.android.apps.messaging/com.google.android.apps.messaging.main.WearMainActivity} attempting to fetch from ResolveInfo
11-17 00:27:02.700   605   895 W SysUI   : [LauncherDefaultRecentsCombiner]Unable to get ResolveInfo for {com.google.android.apps.messaging/com.google.android.apps.messaging.main.WearMainActivity}, not able to add to default recents
11-17 00:27:02.700   605   895 W SysUI   : [LauncherDefaultRecentsCombiner]Unable to get ActivityDisplayInfo for {com.google.android.dialer/com.google.android.wearable.googledialer.launcher.impl.LauncherActivity} attempting to fetch from ResolveInfo
11-17 00:27:02.700   605   895 W SysUI   : [LauncherDefaultRecentsCombiner]Unable to get ResolveInfo for {com.google.android.dialer/com.google.android.wearable.googledialer.launcher.impl.LauncherActivity}, not able to add to default recents
11-17 00:27:02.701   605   895 W SysUI   : [LauncherDefaultRecentsCombiner]Unable to get ActivityDisplayInfo for {com.google.android.apps.safetyhub/com.google.android.wearable.safety.application.MainActivity} attempting to fetch from ResolveInfo
11-17 00:27:02.701   605   895 W SysUI   : [LauncherDefaultRecentsCombiner]Unable to get ResolveInfo for {com.google.android.apps.safetyhub/com.google.android.wearable.safety.application.MainActivity}, not able to add to default recents
11-17 00:27:02.701   605   895 W SysUI   : [LauncherDefaultRecentsCombiner]Unable to get ActivityDisplayInfo for {com.google.android.apps.maps/com.google.android.apps.gmmwearable.MainActivity} attempting to fetch from ResolveInfo
11-17 00:27:02.701   605   895 W SysUI   : [LauncherDefaultRecentsCombiner]Unable to get ResolveInfo for {com.google.android.apps.maps/com.google.android.apps.gmmwearable.MainActivity}, not able to add to default recents
11-17 00:27:02.701   605   895 D SysUI   : [LauncherDefaultRecentsCombiner]Have to merge with 1 default apps
11-17 00:27:02.701   605   851 D SysUI   : [PrimesSysHealthLogger]Timer GLOBAL_LAUNCHER_MERGE_ONGOING_ACTIVITIES_TIME took 0 ms
11-17 00:27:02.701 14465 14486 D HostConnection: HostConnection::get() New Host Connection established 0xebe62750, tid 14486
11-17 00:27:02.705 14465 14486 D HostConnection: HostComposition ext ANDROID_EMU_CHECKSUM_HELPER_v1 ANDROID_EMU_native_sync_v2 ANDROID_EMU_native_sync_v3 ANDROID_EMU_native_sync_v4 ANDROID_EMU_dma_v1 ANDROID_EMU_direct_mem ANDROID_EMU_host_composition_v1 ANDROID_EMU_host_composition_v2 ANDROID_EMU_vulkan ANDROID_EMU_deferred_vulkan_commands ANDROID_EMU_vulkan_null_optional_strings ANDROID_EMU_vulkan_create_resources_with_requirements ANDROID_EMU_YUV_Cache ANDROID_EMU_vulkan_ignored_handles ANDROID_EMU_has_shared_slots_host_memory_allocator ANDROID_EMU_vulkan_free_memory_sync ANDROID_EMU_vulkan_shader_float16_int8 ANDROID_EMU_vulkan_async_queue_submit ANDROID_EMU_sync_buffer_data ANDROID_EMU_vulkan_async_qsri ANDROID_EMU_read_color_buffer_dma GL_OES_EGL_image_external_essl3 GL_OES_vertex_array_object GL_KHR_texture_compression_astc_ldr ANDROID_EMU_host_side_tracing ANDROID_EMU_gles_max_version_3_0
11-17 00:27:02.706   159   159 I hwservicemanager: getTransport: Cannot find entry android.hardware.configstore@1.0::ISurfaceFlingerConfigs/default in either framework or device manifest.
11-17 00:27:02.706 14465 14486 W OpenGLRenderer: Failed to choose config with EGL_SWAP_BEHAVIOR_PRESERVED, retrying without...
11-17 00:27:02.707 14465 14486 D EGL_emulation: eglCreateContext: 0xebe623d0: maj 3 min 0 rcv 3
11-17 00:27:02.707 14465 14486 D EGL_emulation: eglMakeCurrent: 0xebe623d0: ver 3 0 (tinfo 0xec1b2db0) (first time)
11-17 00:27:02.710   244   326 W EmuHWC2 : validate: layer 326 CompositionType 1, fallback
11-17 00:27:02.711   243  4390 D goldfish-address-space: claimShared: Ask to claim region [0x3fdf90000 0x3fe05a000]
11-17 00:27:02.711   244   326 W EmuHWC2 : No layers, exit, buffer 0xebf00510
11-17 00:27:02.711   159   159 I hwservicemanager: getTransport: Cannot find entry android.hardware.graphics.mapper@4.0::IMapper/default in either framework or device manifest.
11-17 00:27:02.711 14465 14486 I Gralloc4: mapper 4.x is not supported
11-17 00:27:02.712 14465 14486 D HostConnection: createUnique: call
11-17 00:27:02.712 14465 14486 D HostConnection: HostConnection::get() New Host Connection established 0xebe62440, tid 14486
11-17 00:27:02.712 14465 14486 D goldfish-address-space: allocate: Ask for block of size 0x100
11-17 00:27:02.712 14465 14486 D goldfish-address-space: allocate: ioctl allocate returned offset 0x3fbffe000 size 0x2000
11-17 00:27:02.728   244   326 W EmuHWC2 : validate: layer 326 CompositionType 1, fallback
11-17 00:27:02.730   244   326 W EmuHWC2 : No layers, exit, buffer 0xebf01b10
11-17 00:27:02.734 14465 14486 D HostConnection: HostComposition ext ANDROID_EMU_CHECKSUM_HELPER_v1 ANDROID_EMU_native_sync_v2 ANDROID_EMU_native_sync_v3 ANDROID_EMU_native_sync_v4 ANDROID_EMU_dma_v1 ANDROID_EMU_direct_mem ANDROID_EMU_host_composition_v1 ANDROID_EMU_host_composition_v2 ANDROID_EMU_vulkan ANDROID_EMU_deferred_vulkan_commands ANDROID_EMU_vulkan_null_optional_strings ANDROID_EMU_vulkan_create_resources_with_requirements ANDROID_EMU_YUV_Cache ANDROID_EMU_vulkan_ignored_handles ANDROID_EMU_has_shared_slots_host_memory_allocator ANDROID_EMU_vulkan_free_memory_sync ANDROID_EMU_vulkan_shader_float16_int8 ANDROID_EMU_vulkan_async_queue_submit ANDROID_EMU_sync_buffer_data ANDROID_EMU_vulkan_async_qsri ANDROID_EMU_read_color_buffer_dma GL_OES_EGL_image_external_essl3 GL_OES_vertex_array_object GL_KHR_texture_compression_astc_ldr ANDROID_EMU_host_side_tracing ANDROID_EMU_gles_max_version_3_0
11-17 00:27:02.743   244   326 W EmuHWC2 : validate: layer 326 CompositionType 1, fallback
11-17 00:27:02.744   244   326 W EmuHWC2 : No layers, exit, buffer 0xebf00510
11-17 00:27:02.760   244   326 W EmuHWC2 : validate: layer 326 CompositionType 1, fallback
11-17 00:27:02.762   243  4390 D goldfish-address-space: claimShared: Ask to claim region [0x3fe05a000 0x3fe124000]
11-17 00:27:02.763   244   326 W EmuHWC2 : No layers, exit, buffer 0xebf01b10
11-17 00:27:02.764   243  4390 D goldfish-address-space: claimShared: Ask to claim region [0x3fe124000 0x3fe1ee000]
11-17 00:27:02.776   244   326 W EmuHWC2 : validate: layer 326 CompositionType 1, fallback
11-17 00:27:02.777   244   326 W EmuHWC2 : No layers, exit, buffer 0xebf00510
11-17 00:27:02.780 14462 14464 I cmd     : oneway function results will be dropped but finished with status OK and parcel size 4
11-17 00:27:02.782   442   467 D ArtManagerInternalImpl: /data/misc/iorapd/com.example.android.wearable.composeadvanced/1/com.example.android.wearable.composeadvanced.presentation.MainActivity/compiled_traces/compiled_trace.pb doesn't exist
11-17 00:27:02.784   442   467 I ActivityTaskManager: Displayed com.example.android.wearable.composeadvanced/.presentation.MainActivity: +186ms
11-17 00:27:02.786 13639 13691 I System  : Process start: [su, root, cat, /data/local/tmp/temporaryScript1168607801614981423.sh_stderr]
11-17 00:27:02.786 13639 13691 I System  : No redirects, no fds
11-17 00:27:02.794   244   326 W EmuHWC2 : validate: layer 326 CompositionType 1, fallback
11-17 00:27:02.795   244   326 W EmuHWC2 : No layers, exit, buffer 0xebf01b10
11-17 00:27:02.802  1260  4250 I MediaProvider: Deleted 1 items on external_primary due to com.example.android.wearable.composeadvanced.benchmark
11-17 00:27:02.803 13639 13695 I System  : Process start: [su, root, rm, /data/local/tmp/temporaryScript1168607801614981423.sh_stderr, /data/local/tmp/temporaryScript1168607801614981423.sh]
11-17 00:27:02.803 13639 13695 I System  : No redirects, no fds
11-17 00:27:02.810   244   326 W EmuHWC2 : validate: layer 326 CompositionType 1, fallback
11-17 00:27:02.811   244   326 W EmuHWC2 : No layers, exit, buffer 0xebf00510
11-17 00:27:02.813 13653 13675 D Benchmark: Result: Starting: Intent { act=android.intent.action.MAIN cat=[android.intent.category.LAUNCHER] flg=0x10008000 pkg=com.example.android.wearable.composeadvanced cmp=com.example.android.wearable.composeadvanced/.presentation.MainActivity }
11-17 00:27:02.813 13653 13675 D Benchmark: Status: ok
11-17 00:27:02.813 13653 13675 D Benchmark: LaunchState: COLD
11-17 00:27:02.813 13653 13675 D Benchmark: Activity: com.example.android.wearable.composeadvanced/.presentation.MainActivity
11-17 00:27:02.813 13653 13675 D Benchmark: TotalTime: 186
11-17 00:27:02.813 13653 13675 D Benchmark: WaitTime: 188
11-17 00:27:02.813 13653 13675 D Benchmark: Complete
11-17 00:27:02.813 13639 13695 I System  : Process start: [su, root, pgrep, -l, -f, com.example.android.wearable.composeadvanced]
11-17 00:27:02.813 13639 13695 I System  : No redirects, no fds
11-17 00:27:02.827   244   326 W EmuHWC2 : validate: layer 326 CompositionType 1, fallback
11-17 00:27:02.828   244   326 W EmuHWC2 : No layers, exit, buffer 0xebf01b10
11-17 00:27:02.840 13639 13695 I System  : Process start: [su, root, dumpsys, gfxinfo, com.example.android.wearable.composeadvanced, framestats]
11-17 00:27:02.840 13639 13695 I System  : No redirects, no fds
11-17 00:27:02.844   244   326 W EmuHWC2 : validate: layer 326 CompositionType 1, fallback
11-17 00:27:02.846   244   326 W EmuHWC2 : No layers, exit, buffer 0xebf00510
11-17 00:27:02.858 13653 13675 I System.out: 0 Flags,IntendedVsync,Vsync,OldestInputEvent,NewestInputEvent,HandleInputStart,AnimationStart,PerformTraversalsStart,DrawStart,SyncQueued,SyncStart,IssueDrawCommandsStart,SwapBuffers,FrameCompleted,DequeueBufferDuration,QueueBufferDuration,GpuCompleted,
11-17 00:27:02.859 13653 13675 I System.out: 1 1,11582744591296,11582744591296,9223372036854775807,0,11582757155152,11582757155875,11582757242300,11582846686579,11582853866335,11582854862952,11582854967428,11582856972335,11582859871165,74236,397014,0,
11-17 00:27:02.859 13653 13675 I System.out: 0 Flags,IntendedVsync,Vsync,OldestInputEvent,NewestInputEvent,HandleInputStart,AnimationStart,PerformTraversalsStart,DrawStart,SyncQueued,SyncStart,IssueDrawCommandsStart,SwapBuffers,FrameCompleted,DequeueBufferDuration,QueueBufferDuration,GpuCompleted,
11-17 00:27:02.859 13653 13675 I System.out: 1 1,11582744591296,11582744591296,9223372036854775807,0,11582757155152,11582757155875,11582757242300,11582846686579,11582853866335,11582854862952,11582854967428,11582856972335,11582859871165,74236,397014,0,
11-17 00:27:02.860   244   326 W EmuHWC2 : validate: layer 326 CompositionType 1, fallback
11-17 00:27:02.862   244   326 W EmuHWC2 : No layers, exit, buffer 0xebf01b10
11-17 00:27:02.877   244   326 W EmuHWC2 : validate: layer 326 CompositionType 1, fallback
11-17 00:27:02.879   244   326 W EmuHWC2 : No layers, exit, buffer 0xebf00510
11-17 00:27:02.880 14465 14465 D Compose Focus: Owner FocusChanged(true)
11-17 00:27:02.894   244   326 W EmuHWC2 : validate: layer 326 CompositionType 1, fallback
11-17 00:27:02.895   244   326 W EmuHWC2 : No layers, exit, buffer 0xebf01b10
11-17 00:27:02.898 14465 14489 W Jank    : Jank 196ms route:landing non:0
11-17 00:27:02.910   244   326 W EmuHWC2 : validate: layer 326 CompositionType 1, fallback
11-17 00:27:02.912   244   326 W EmuHWC2 : No layers, exit, buffer 0xebf00510
11-17 00:27:02.921   442   467 I ActivityTaskManager: Fully drawn com.example.android.wearable.composeadvanced/.presentation.MainActivity: +329ms
11-17 00:27:02.926 14465 14489 W Jank    : Jank 131ms route:landing non:0
11-17 00:27:02.928   244   326 W EmuHWC2 : validate: layer 326 CompositionType 1, fallback
11-17 00:27:02.930   244   326 W EmuHWC2 : No layers, exit, buffer 0xebf01b10
11-17 00:27:02.932  1140  1140 I WearInputMethodService: WearInputMethodService.onBindInput():963
11-17 00:27:02.934  1140  1140 I WearInputMethodService: WearInputMethodService.onFinishInput():2234
11-17 00:27:02.934  1140  1140 I WearInputMethodService: WearInputMethodService.onStartInput():1773
11-17 00:27:02.934  1140  1140 I WearInputMethodService: WearInputMethodService.onStartInput():1785 onStartInput(), Dummy InputConnection bound
11-17 00:27:02.943   244   326 W EmuHWC2 : validate: layer 326 CompositionType 1, fallback
11-17 00:27:02.945   244   326 W EmuHWC2 : No layers, exit, buffer 0xebf00510
11-17 00:27:02.961   244   326 W EmuHWC2 : validate: layer 326 CompositionType 1, fallback
11-17 00:27:02.963   244   326 W EmuHWC2 : No layers, exit, buffer 0xebf01b10
11-17 00:27:02.972 14465 14489 W Jank    : Jank 65ms route:landing non:0
11-17 00:27:02.977   244   326 W EmuHWC2 : validate: layer 326 CompositionType 1, fallback
11-17 00:27:02.978   244   326 W EmuHWC2 : No layers, exit, buffer 0xebf00510
11-17 00:27:02.993   244   326 W EmuHWC2 : validate: layer 326 CompositionType 1, fallback
11-17 00:27:02.994   244   326 W EmuHWC2 : No layers, exit, buffer 0xebf01b10
11-17 00:27:03.010   244   326 W EmuHWC2 : validate: layer 326 CompositionType 1, fallback
11-17 00:27:03.012   244   326 W EmuHWC2 : No layers, exit, buffer 0xebf00510
11-17 00:27:03.027   244   326 W EmuHWC2 : validate: layer 326 CompositionType 1, fallback
11-17 00:27:03.029   244   326 W EmuHWC2 : No layers, exit, buffer 0xebf01b10
11-17 00:27:03.044   244   326 W EmuHWC2 : validate: layer 326 CompositionType 1, fallback
11-17 00:27:03.046   244   326 W EmuHWC2 : No layers, exit, buffer 0xebf00510
11-17 00:27:03.061   244   326 W EmuHWC2 : validate: layer 326 CompositionType 1, fallback
11-17 00:27:03.063   244   326 W EmuHWC2 : No layers, exit, buffer 0xebf01b10
11-17 00:27:03.079   244   326 W EmuHWC2 : validate: layer 326 CompositionType 1, fallback
11-17 00:27:03.082   244   326 W EmuHWC2 : No layers, exit, buffer 0xebf00510
11-17 00:27:03.093   244   326 W EmuHWC2 : validate: layer 326 CompositionType 1, fallback
11-17 00:27:03.095   244   326 W EmuHWC2 : No layers, exit, buffer 0xebf01b10
11-17 00:27:04.863 13653 13675 I PerfettoCapture: Stopping perfetto.
11-17 00:27:04.867 13639 13695 I System  : Process start: [su, root, kill, -TERM, 14435]
11-17 00:27:04.867 13639 13695 I System  : No redirects, no fds
11-17 00:27:04.889 14435 14435 I perfetto: perfetto_cmd.cc:858     SIGINT/SIGTERM received: disabling tracing.
11-17 00:27:04.889 13653 13675 D Benchmark: kill -TERM command output -
11-17 00:27:04.890 13639 13695 I System  : Process start: [su, root, ps, 14435]
11-17 00:27:04.890 13639 13695 I System  : No redirects, no fds
11-17 00:27:04.891   325   325 I perfetto: probes_producer.cc:329  Producer stop (id=193)
11-17 00:27:04.893   325   325 I perfetto: ftrace_procfs.cc:183    disabled ftrace
11-17 00:27:05.010 13653 13675 D Benchmark: Waiting 100 ms for [ProcessPid(processName=perfetto, pid=14435)] to die
11-17 00:27:05.011 13639 13695 I System  : Process start: [su, root, ps, 14435]
11-17 00:27:05.011 13639 13695 I System  : No redirects, no fds
11-17 00:27:05.139 13653 13675 D Benchmark: Waiting 100 ms for [ProcessPid(processName=perfetto, pid=14435)] to die
11-17 00:27:05.140 13639 13695 I System  : Process start: [su, root, ps, 14435]
11-17 00:27:05.140 13639 13695 I System  : No redirects, no fds
11-17 00:27:05.267 13653 13675 D Benchmark: Waiting 100 ms for [ProcessPid(processName=perfetto, pid=14435)] to die
11-17 00:27:05.267   325   325 I perfetto: probes_producer.cc:329  Producer stop (id=194)
11-17 00:27:05.267 13639 13695 I System  : Process start: [su, root, ps, 14435]
11-17 00:27:05.267 13639 13695 I System  : No redirects, no fds
11-17 00:27:05.267   325   325 I perfetto: probes_producer.cc:329  Producer stop (id=195)
11-17 00:27:05.271 14435 14435 I perfetto: perfetto_cmd.cc:807     Trace written into the output file
11-17 00:27:05.272   336   336 I perfetto: ng_service_impl.cc:1948 Tracing session 65 ended, total sessions:0
11-17 00:27:05.281 13653 13675 I PerfettoCapture: Writing to /storage/emulated/0/Android/media/com.example.android.wearable.composeadvanced.benchmark/StartupBenchmark_startup[compilation=None]_iter004_2022-11-16-21-27-04.perfetto-trace.
11-17 00:27:05.283 13639 13691 I System  : Process start: [su, root, mv, /data/misc/perfetto-traces/trace_output.pb, /storage/emulated/0/Android/media/com.example.android.wearable.composeadvanced.benchmark/StartupBenchmark_startup[compilation=None]_iter004_2022-11-16-21-27-04.perfetto-trace]
11-17 00:27:05.283 13639 13691 I System  : No redirects, no fds
11-17 00:27:05.300 13653 13675 D Benchmark: Copying /storage/emulated/0/Android/media/com.example.android.wearable.composeadvanced.benchmark/StartupBenchmark_startup[compilation=None]_iter004_2022-11-16-21-27-04.perfetto-trace to /sdcard/Android/media/com.example.android.wearable.composeadvanced.benchmark/additional_test_output/StartupBenchmark_startup[compilation=None]_iter004_2022-11-16-21-27-04.perfetto-trace
11-17 00:27:05.321 13639 13691 I System  : Process start: [su, root, /data/local/tmp/trace_processor_shell, --query-file, /storage/emulated/0/Android/media/com.example.android.wearable.composeadvanced.benchmark/trace_processor_query.sql, /sdcard/Android/media/com.example.android.wearable.composeadvanced.benchmark/additional_test_output/StartupBenchmark_startup[compilation=None]_iter004_2022-11-16-21-27-04.perfetto-trace]
11-17 00:27:05.322 13639 13691 I System  : No redirects, no fds
11-17 00:27:05.425 14526 14526 W perfetto: processor_shell.cc:1367 Trace loaded: 1.30 MB in 0.07s (18.2 MB/s)
11-17 00:27:05.429 14526 14526 W perfetto: _processor_shell.cc:619 Executing query: SELECT
11-17 00:27:05.429 14526 14526 W perfetto: slice.name as name,
11-17 00:27:05.429 14526 14526 W perfetto: slice.ts as ts,
11-17 00:27:05.429 14526 14526 W perfetto: slice.dur as dur
11-17 00:27:05.429 14526 14526 W perfetto: FROM slice
11-17 00:27:05.429 14526 14526 W perfetto: INNER JOIN thread_track on slice.track_id = thread_track.id
11-17 00:27:05.429 14526 14526 W perfetto: INNER JOIN thread USING(utid)
11-17 00:27:05.429 14526 14526 W perfetto: INNER JOIN process USING(upid)
11-17 00:27:05.429 14526 14526 W perfetto: WHERE (
11-17 00:27:05.429 14526 14526 W perfetto: ((process.name LIKE "com.example.android.wearable.composeadvanced.benchmark" OR process.name LIKE "com.example.android.wearable.composeadvanced.benchmark:%") AND slice.name LIKE "startActivityAndWait") OR
11-17 00:27:05.429 14526 14526 W perfetto: (
11-17 00:27:05.429 14526 14526 W perfetto: (process.name LIKE "com.example.android.wearable.composeadvanced" OR process.name LIKE "com.example.android.wearable.composeadvanced:%") AND (
11-17 00:27:05.429 14526 14526 W perfetto: (slice.name LIKE "activityResume" AND process.pid LIKE thread.tid) OR
11-17 00:27:05.429 14526 14526 W perfetto: (slice.name LIKE "Choreographer#doFrame%" AND process.pid LIKE thread.tid) OR
11-17 00:27:05.429 14526 14526 W perfetto: (slice.name LIKE "reportFullyDrawn() for %" AND process.pid LIKE thread.tid) OR
11-17 00:27:05.429 14526 14526 W perfetto: (slice.name LIKE "DrawFrame%" AND thread.name LIKE "RenderThread")
11-17 00:27:05.429 14526 14526 W perfetto: )
11-17 00:27:05.429 14526 14526 W perfetto: ) OR
11-17 00:27:05.429 14526 14526 W perfetto: (
11-17 00:27:05.429 14526 14526 W perfetto: process.name LIKE "system_server" AND
11-17 00:27:05.429 14526 14526 W perfetto: slice.name LIKE "MetricsLogger:launchObserverNotifyIntentStarted"
11-17 00:27:05.429 14526 14526 W perfetto: )
11-17 00:27:05.429 14526 14526 W perfetto: )
11-17 00:27:05.429 14526 14526 W perfetto: UNION
11-17 00:27:05.429 14526 14526 W perfetto: SELECT
11-17 00:27:05.429 14526 14526 W perfetto: slice.n
11-17 00:27:05.441  1260  4250 I MediaProvider: Deleted 1 items on external_primary due to com.example.android.wearable.composeadvanced.benchmark
11-17 00:27:05.442 13653 13675 I System.out: query result line "name","ts","dur"
11-17 00:27:05.442 13653 13675 I System.out: query result line "startActivityAndWait",11582630522549,313663450
11-17 00:27:05.442 13653 13675 I System.out: query result line "MetricsLogger:launchObserverNotifyIntentStarted",11582676735992,30732
11-17 00:27:05.442 13653 13675 I System.out: query result line "launching: com.example.android.wearable.composeadvanced",11582680190224,183135463
11-17 00:27:05.442 13653 13675 I System.out: query result line "activityResume",11582754210333,2784161
11-17 00:27:05.442 13653 13675 I System.out: query result line "Choreographer#doFrame",11582757152315,103317982
11-17 00:27:05.442 13653 13675 I System.out: query result line "DrawFrame",11582853968033,6307291
11-17 00:27:05.442 13653 13675 I System.out: query result line "Choreographer#doFrame",11582864463752,93646384
11-17 00:27:05.442 13653 13675 I System.out: query result line "DrawFrame",11582957295044,25657996
11-17 00:27:05.442 13653 13675 I System.out: query result line "Choreographer#doFrame",11582967995282,41282651
11-17 00:27:05.442 13653 13675 I System.out: query result line "reportFullyDrawn() for ComponentActivity",11583005667447,1314856
11-17 00:27:05.442 13653 13675 I System.out: query result line "DrawFrame",11583009020424,1704355
11-17 00:27:05.442 13653 13675 I System.out: query result line "Choreographer#doFrame",11583023319763,20415269
11-17 00:27:05.442 13653 13675 I System.out: query result line "DrawFrame",11583043246714,13739708
11-17 00:27:05.442 13653 13675 I System.out: query result line "Choreographer#doFrame",11583047439119,10201028
11-17 00:27:05.442 13653 13675 I System.out: query result line "DrawFrame",11583056997875,6987180
11-17 00:27:05.442 13653 13675 I System.out: query result line "Choreographer#doFrame",11583061769923,829991
11-17 00:27:05.442 13653 13675 I System.out: query result line "Choreographer#doFrame",11583078433179,832471
11-17 00:27:05.442 13653 13675 I System.out: query result line "Choreographer#doFrame",11583095445970,628027
11-17 00:27:05.442 13653 13675 I System.out: query result line "Choreographer#doFrame",11583112504069,4369577
11-17 00:27:05.442 13653 13675 I System.out: query result line "Choreographer#doFrame",11583129047822,7200353
11-17 00:27:05.442 13653 13675 I System.out: query result line "Choreographer#doFrame",11583145361601,1895615
11-17 00:27:05.442 13653 13675 I System.out: query result line "Choreographer#doFrame",11583162810078,4044406
11-17 00:27:05.442 13653 13675 I System.out: query result line "Choreographer#doFrame",11583178426632,735351
11-17 00:27:05.442 13653 13675 I System.out: query result line "Choreographer#doFrame",11583194942388,1102121
11-17 00:27:05.442 13653 13675 I System.out: query result line "Choreographer#doFrame",11583212002128,1289660
11-17 00:27:05.442 13653 13675 I System.out: query result line "Choreographer#doFrame",11583228419985,1281285
11-17 00:27:05.442 13653 13675 I System.out: query result line "Choreographer#doFrame",11583244949030,463137
11-17 00:27:05.442 13653 13675 I System.out: query result line "Choreographer#doFrame",11583261526437,298603
11-17 00:27:05.442 13653 13675 I System.out: query result line "Choreographer#doFrame",11583278199780,338378
11-17 00:27:05.442 13653 13675 I System.out: query result line "Choreographer#doFrame",11583294812789,480778
11-17 00:27:05.442 13653 13675 I System.out: query result line "Choreographer#doFrame",11583311436536,441108
11-17 00:27:05.442 13653 13675 I System.out: query result line "Choreographer#doFrame",11583328323534,997387
11-17 00:27:05.442 13653 13675 I System.out: query result line "Choreographer#doFrame",11583345085536,375676
11-17 00:27:05.442 13653 13675 I System.out: query result line "Choreographer#doFrame",11583361597326,342565
11-17 00:27:05.442 13653 13675 I System.out: query result line "Choreographer#doFrame",11583378372313,275951
11-17 00:27:05.442 13653 13675 I System.out: query result line "Choreographer#doFrame",11583395057141,269318
11-17 00:27:05.442 13653 13675 I System.out: query result line "Choreographer#doFrame",11583411637471,275171
11-17 00:27:05.442 13653 13675 I System.out: query result line "Choreographer#doFrame",11583428325661,360871
11-17 00:27:05.442 13653 13675 I System.out: query result line "Choreographer#doFrame",11583444967367,363807
11-17 00:27:05.442 13653 13675 I System.out: query result line "Choreographer#doFrame",11583461642636,276576
11-17 00:27:05.442 13653 13675 I System.out: query result line "Choreographer#doFrame",11583478482042,398080
11-17 00:27:05.442 13653 13675 I System.out: query result line "Choreographer#doFrame",11583495015669,235663
11-17 00:27:05.442 13653 13675 I System.out: query result line "Choreographer#doFrame",11583511836684,873246
11-17 00:27:05.442 13653 13675 I System.out: query result line "Choreographer#doFrame",11583528331702,316110
11-17 00:27:05.442 13653 13675 I System.out: query result line "Choreographer#doFrame",11583544981019,324743
11-17 00:27:05.442 13653 13675 I System.out: query result line "Choreographer#doFrame",11583561970118,706845
11-17 00:27:05.442 13653 13675 I System.out: query result line "Choreographer#doFrame",11583578279431,217939
11-17 00:27:05.442 13653 13675 I System.out: query result line "Choreographer#doFrame",11583594993461,281729
11-17 00:27:05.442 13653 13675 I System.out: query result line "Choreographer#doFrame",11583611770199,307637
11-17 00:27:05.442 13653 13675 I System.out: query result line "Choreographer#doFrame",11583628735263,1126250
11-17 00:27:05.442 13653 13675 I System.out: query result line "Choreographer#doFrame",11583644999757,195454
11-17 00:27:05.442 13653 13675 I System.out: query result line "Choreographer#doFrame",11583661697806,311378
11-17 00:27:05.442 13653 13675 I System.out: query result line "Choreographer#doFrame",11583678658349,518374
11-17 00:27:05.442 13653 13675 I System.out: query result line "Choreographer#doFrame",11583695161430,260275
11-17 00:27:05.442 13653 13675 I System.out: query result line "Choreographer#doFrame",11583711677305,195171
11-17 00:27:05.442 13653 13675 I System.out: query result line "Choreographer#doFrame",11583729469298,800214
11-17 00:27:05.442 13653 13675 I System.out: query result line "Choreographer#doFrame",11583745577809,6602
11-17 00:27:05.443 13653 13675 I System.out: query result line
11-17 00:27:05.445 13653 13675 D Benchmark: Iteration 4 captured UiState{timeline_start_ts=11582676735992, timeline_end_ts=11583010724779, highlight_process=HighlightProcess{cmdline=com.example.android.wearable.composeadvanced}}
11-17 00:27:05.445 13653 13675 D Benchmark: Killing process com.example.android.wearable.composeadvanced
11-17 00:27:05.445 13639 13691 I System  : Process start: [am, force-stop, com.example.android.wearable.composeadvanced]
11-17 00:27:05.445 13639 13691 I System  : No redirects, no fds
11-17 00:27:05.460   442 13767 W InputReader: Device virtio_input_multi_touch_6 is associated with display ADISPLAY_ID_NONE.
11-17 00:27:05.460   442 13767 W InputReader: Device virtio_input_multi_touch_3 is associated with display ADISPLAY_ID_NONE.
11-17 00:27:05.460   442 13767 W InputReader: Device virtio_input_multi_touch_10 is associated with display ADISPLAY_ID_NONE.
11-17 00:27:05.460   442 13767 W InputReader: Device virtio_input_multi_touch_4 is associated with display ADISPLAY_ID_NONE.
11-17 00:27:05.460   442 13767 W InputReader: Device virtio_input_multi_touch_11 is associated with display ADISPLAY_ID_NONE.
11-17 00:27:05.460   442 13767 W InputReader: Device virtio_input_multi_touch_5 is associated with display ADISPLAY_ID_NONE.
11-17 00:27:05.460   442 13767 W InputReader: Device virtio_input_multi_touch_2 is associated with display ADISPLAY_ID_NONE.
11-17 00:27:05.460   442 13767 W InputReader: Device virtio_input_multi_touch_8 is associated with display ADISPLAY_ID_NONE.
11-17 00:27:05.460   442 13767 W InputReader: Device virtio_input_multi_touch_9 is associated with display ADISPLAY_ID_NONE.
11-17 00:27:05.460   442 13767 W InputReader: Device virtio_input_multi_touch_7 is associated with display ADISPLAY_ID_NONE.
11-17 00:27:05.460   442 13767 W InputReader: Device virtio_input_multi_touch_6 is associated with display ADISPLAY_ID_NONE.
11-17 00:27:05.461   442 13767 W InputReader: Device virtio_input_multi_touch_3 is associated with display ADISPLAY_ID_NONE.
11-17 00:27:05.461   442 13767 W InputReader: Device virtio_input_multi_touch_10 is associated with display ADISPLAY_ID_NONE.
11-17 00:27:05.461   442 13767 W InputReader: Device virtio_input_multi_touch_4 is associated with display ADISPLAY_ID_NONE.
11-17 00:27:05.461   442 13767 W InputReader: Device virtio_input_multi_touch_11 is associated with display ADISPLAY_ID_NONE.
11-17 00:27:05.461   442 13767 W InputReader: Device virtio_input_multi_touch_5 is associated with display ADISPLAY_ID_NONE.
11-17 00:27:05.461   442 13767 W InputReader: Device virtio_input_multi_touch_2 is associated with display ADISPLAY_ID_NONE.
11-17 00:27:05.461   442 13767 W InputReader: Device virtio_input_multi_touch_8 is associated with display ADISPLAY_ID_NONE.
11-17 00:27:05.461   442 13767 W InputReader: Device virtio_input_multi_touch_9 is associated with display ADISPLAY_ID_NONE.
11-17 00:27:05.461   442 13767 W InputReader: Device virtio_input_multi_touch_7 is associated with display ADISPLAY_ID_NONE.
11-17 00:27:05.465 14532 14534 I cmd     : oneway function results will be dropped but finished with status OK and parcel size 4
11-17 00:27:05.468   605   605 D SysUI   : [LauncherViewsUiManager]activityObserver onStateChanged ON_START
11-17 00:27:05.470   861   861 D CarrierSvcBindHelper: No carrier app for: 0
11-17 00:27:05.475   225   225 I Zygote  : Process 14465 exited due to signal 9 (Killed)
11-17 00:27:05.479   243  4390 D goldfish-address-space: claimShared: Ask to claim region [0x3fcb0c000 0x3fcbd6000]
11-17 00:27:05.482   243  4390 D goldfish-address-space: claimShared: Ask to claim region [0x3fcca0000 0x3fcd6a000]
11-17 00:27:05.482   243  4390 D goldfish-address-space: claimShared: Ask to claim region [0x3fe1ee000 0x3fe2b8000]
11-17 00:27:05.490 13639 13691 I System  : Process start: [su, root, cp, /storage/emulated/0/Android/media/com.example.android.wearable.composeadvanced.benchmark/temporaryScript3650931714175083628.sh, /data/local/tmp/temporaryScript3650931714175083628.sh]
11-17 00:27:05.490 13639 13691 I System  : No redirects, no fds
11-17 00:27:05.495   243  4390 D goldfish-address-space: claimShared: Ask to claim region [0x3fe2b8000 0x3fe382000]
11-17 00:27:05.499   243  4390 D goldfish-address-space: claimShared: Ask to claim region [0x3fe382000 0x3fe44c000]
11-17 00:27:05.505   442   470 I libprocessgroup: Successfully killed process cgroup uid 10079 pid 14465 in 49ms
11-17 00:27:05.505 13639 13683 I System  : Process start: [su, root, chmod, +x, /data/local/tmp/temporaryScript3650931714175083628.sh]
11-17 00:27:05.505 13639 13683 I System  : No redirects, no fds
11-17 00:27:05.506   243  4390 D goldfish-address-space: claimShared: Ask to claim region [0x3fe44c000 0x3fe516000]
11-17 00:27:05.511   605   605 D SysUI   : [LauncherViewsUiManager]activityObserver onStateChanged ON_STOP
11-17 00:27:05.512  1140  1140 I WearInputMethodService: WearInputMethodService.onBindInput():963
11-17 00:27:05.513  1140  1140 I WearInputMethodService: WearInputMethodService.onFinishInput():2234
11-17 00:27:05.513  1140  1140 I WearInputMethodService: WearInputMethodService.onStartInput():1773
11-17 00:27:05.513  1140  1140 I WearInputMethodService: WearInputMethodService.onStartInput():1785 onStartInput(), Dummy InputConnection bound
11-17 00:27:05.515 13639 13683 I System  : Process start: [su, root, /data/local/tmp/temporaryScript3650931714175083628.sh]
11-17 00:27:05.515 13639 13683 I System  : No redirects, no fds
11-17 00:27:05.558  1260  4252 I MediaProvider: Deleted 1 items on external_primary due to com.example.android.wearable.composeadvanced.benchmark
11-17 00:27:05.559 13639 13683 I System  : Process start: [su, root, rm, /data/local/tmp/temporaryScript3650931714175083628.sh]
11-17 00:27:05.559 13639 13683 I System  : No redirects, no fds
11-17 00:27:05.571 13653 13675 D PerfettoCapture: Supported ABIs: x86, armeabi-v7a, armeabi
11-17 00:27:05.571 13653 13675 D PerfettoCapture: Recording perfetto trace
11-17 00:27:05.575 13653 13675 I PerfettoCapture: Cleanup perfetto before starting.
11-17 00:27:05.575 13639 13683 I System  : Process start: [su, root, pgrep, -l, -f, perfetto]
11-17 00:27:05.575 13639 13683 I System  : No redirects, no fds
11-17 00:27:05.590 13639 13683 I System  : Process start: [su, root, pgrep, -l, -f, tracebox]
11-17 00:27:05.590 13639 13683 I System  : No redirects, no fds
11-17 00:27:05.602 13639 13683 I System  : Process start: [su, root, rm, /data/misc/perfetto-traces/trace_output.pb]
11-17 00:27:05.602 13639 13683 I System  : No redirects, no fds
11-17 00:27:05.610 13653 13675 I PerfettoCapture: Perfetto output file cleanup -
11-17 00:27:05.610 13653 13675 I PerfettoCapture: Starting perfetto tracing with cmd: cat /storage/emulated/0/Android/media/com.example.android.wearable.composeadvanced.benchmark/trace_config.pb | perfetto --background -c - -o /data/misc/perfetto-traces/trace_output.pb
11-17 00:27:05.614 13639 13683 I System  : Process start: [su, root, cp, /storage/emulated/0/Android/media/com.example.android.wearable.composeadvanced.benchmark/temporaryScript7241005944044629158.sh, /data/local/tmp/temporaryScript7241005944044629158.sh]
11-17 00:27:05.614 13639 13683 I System  : No redirects, no fds
11-17 00:27:05.622 13639 13683 I System  : Process start: [su, root, chmod, +x, /data/local/tmp/temporaryScript7241005944044629158.sh]
11-17 00:27:05.622 13639 13683 I System  : No redirects, no fds
11-17 00:27:05.631 13639 13683 I System  : Process start: [su, root, /data/local/tmp/temporaryScript7241005944044629158.sh]
11-17 00:27:05.631 13639 13683 I System  : No redirects, no fds
11-17 00:27:05.643 14567 14567 I perfetto: perfetto_cmd.cc:711     Connected to the Perfetto traced service, starting tracing
11-17 00:27:05.644   336   336 I perfetto: ing_service_impl.cc:758 Configured tracing session 66, #sources:4, duration:0 ms, #buffers:2, total buffer size:36864 KB, total sessions:1, uid:0 session name: ""
11-17 00:27:05.644   325   325 I perfetto: probes_producer.cc:230  Ftrace setup (target_buf=131)
11-17 00:27:05.647  1260  4252 I MediaProvider: Deleted 1 items on external_primary due to com.example.android.wearable.composeadvanced.benchmark
11-17 00:27:05.648 13639 13683 I System  : Process start: [su, root, rm, /data/local/tmp/temporaryScript7241005944044629158.sh]
11-17 00:27:05.648 13639 13683 I System  : No redirects, no fds
11-17 00:27:05.656 13653 13675 I PerfettoCapture: Perfetto output - 14567
11-17 00:27:05.656 13653 13675 I PerfettoCapture: EXITCODE=0
